06-12 16:11:02.770 W/art     (19521): Long monitor contention event with owner method=void com.android.server.InputMethodManagerService.onServiceDisconnected(android.content.ComponentName) from InputMethodManagerService.java:1451 waiters=0 for 3.499s
06-12 16:11:02.926 W/art     ( 4218): Suspending all threads took: 1.093s
06-12 16:11:03.792 V/BackupManagerService(19521): Disconnected from transport ComponentInfo{com.google.android.gms/com.google.android.gms.backup.BackupTransportService}
06-12 16:11:03.792 V/BackupManagerService(19521): Registering transport com.google.android.gms/.backup.BackupTransportService::null = null
06-12 16:11:03.986 I/art     (19265): Background concurrent mark sweep GC freed 783(33KB) AllocSpace objects, 0(0B) LOS objects, 40% free, 6MB/11MB, paused 281us total 1.145s
06-12 16:11:04.090 W/Zygote  (19265): Slow operation: 1933ms so far, now at Zygote.preFork
06-12 16:11:04.119 W/Zygote  (19265): Slow operation: 2029ms so far, now at Zygote.nativeForkAndSpecialize
06-12 16:11:04.430 W/Zygote  ( 4323): Slow operation: 2365ms so far, now at Zygote.nativeForkAndSpecialize
06-12 16:11:04.456 W/Zygote  ( 4323): Slow operation: 2366ms so far, now at Zygote.postForkCommon
06-12 16:11:04.456 W/Zygote  ( 4323): Slow operation: 2760ms so far, now at zygoteConnection.runOnce: postForkAndSpecialize
06-12 16:11:04.456 W/Zygote  (19265): Slow operation: 2365ms so far, now at Zygote.postForkCommon
06-12 16:11:04.457 W/Zygote  (19265): Slow operation: 2760ms so far, now at zygoteConnection.runOnce: postForkAndSpecialize
06-12 16:11:04.828 W/ActivityManager(19521): Slow operation: 4271ms so far, now at startProcess: returned from zygote!
06-12 16:11:05.068 W/ActivityManager(19521): Slow operation: 4650ms so far, now at startProcess: done updating battery stats
06-12 16:11:05.097 W/ActivityManager(19521): Slow operation: 4680ms so far, now at startProcess: building log message
06-12 16:11:05.130 I/ActivityManager(19521): Start proc 4323:com.antutu.ABenchMark:push/u0a71 for service com.antutu.ABenchMark/com.taobao.accs.ChannelService
06-12 16:11:05.130 W/ActivityManager(19521): Slow operation: 4713ms so far, now at startProcess: starting to update pids map
06-12 16:11:05.147 W/ActivityManager(19521): Slow operation: 4730ms so far, now at startProcess: done updating pids map
06-12 16:11:05.159 W/ActivityManager(19521): Slow operation: 4746ms so far, now at startProcess: done starting proc!
06-12 16:11:05.791 W/art     (19521): Long monitor contention event with owner method=void com.android.server.am.ActivityManagerService$AppDeathRecipient.binderDied() from ActivityManagerService.java:1235 waiters=1 for 5.032s
06-12 16:11:05.955 I/ActivityManager(19521): Process com.google.android.gms.persistent (pid 3247) has died
06-12 16:11:06.446 W/ActivityManager(19521): Scheduling restart of crashed service com.google.android.gms/com.google.android.contextmanager.service.ContextManagerService in 53330ms
06-12 16:11:06.449 W/ActivityManager(19521): Scheduling restart of crashed service com.google.android.gms/.common.stats.GmsCoreStatsService in 63216ms
06-12 16:11:06.449 W/ActivityManager(19521): Scheduling restart of crashed service com.google.android.gms/.gcm.GcmService in 73214ms
06-12 16:11:06.449 W/ActivityManager(19521): Scheduling restart of crashed service com.google.android.gms/.thunderbird.OutgoingSmsListenerService in 83214ms
06-12 16:11:06.449 W/ActivityManager(19521): Scheduling restart of crashed service com.google.android.gms/com.google.android.location.fused.FusedLocationService in 93214ms
06-12 16:11:06.449 W/ActivityManager(19521): Scheduling restart of crashed service com.google.android.gms/com.google.android.location.geofencer.service.GeofenceProviderService in 103214ms
06-12 16:11:06.449 W/ActivityManager(19521): Scheduling restart of crashed service com.google.android.gms/com.google.android.location.network.NetworkLocationService in 113214ms
06-12 16:11:06.449 W/ActivityManager(19521): Scheduling restart of crashed service com.google.android.gms/com.google.android.location.internal.server.GoogleLocationService in 123214ms
06-12 16:11:06.449 W/ActivityManager(19521): Scheduling restart of crashed service com.google.android.gms/com.google.android.location.internal.GoogleLocationManagerService in 133214ms
06-12 16:11:06.449 W/ActivityManager(19521): Scheduling restart of crashed service com.google.android.gms/.deviceconnection.service.DeviceConnectionWatcherService in 143214ms
06-12 16:11:06.449 W/ActivityManager(19521): Scheduling restart of crashed service com.google.android.gms/com.google.android.location.geocode.GeocodeService in 153214ms
06-12 16:11:06.449 W/ActivityManager(19521): Scheduling restart of crashed service com.google.android.gms/.auth.setup.devicesignals.LockScreenService in 163214ms
06-12 16:11:06.449 W/ActivityManager(19521): Scheduling restart of crashed service com.google.android.gms/.backup.BackupTransportService in 173214ms
06-12 16:11:08.773 W/art     (19521): Long monitor contention event with owner method=void com.android.server.am.ActivityManagerService$AppDeathRecipient.binderDied() from ActivityManagerService.java:1235 waiters=2 for 8.075s
06-12 16:11:09.524 W/art     (19521): Long monitor contention event with owner method=void com.android.server.am.ActivityManagerService$AppDeathRecipient.binderDied() from ActivityManagerService.java:1235 waiters=1 for 3.545s
06-12 16:11:09.625 W/art     (19521): Long monitor contention event with owner method=void com.android.server.am.ActivityManagerService$AppDeathRecipient.binderDied() from ActivityManagerService.java:1235 waiters=2 for 1.477s
06-12 16:11:10.739 I/art     (21476): Background sticky concurrent mark sweep GC freed 5819(1420KB) AllocSpace objects, 22(1509KB) LOS objects, 39% free, 2MB/4MB, paused 268.656ms total 629.313ms
06-12 16:11:10.949 W/art     (19521): Long monitor contention event with owner method=void com.android.server.am.BroadcastQueue.processNextBroadcast(boolean) from BroadcastQueue.java:542 waiters=0 for 358ms
06-12 16:11:11.151 W/System  (21476): A resource was acquired at attached stack trace but never released. See java.io.Closeable for information on avoiding resource leaks.
06-12 16:11:15.555 W/ActivityManager(19521): Process ProcessRecord{2de8cba6 4323:com.antutu.ABenchMark:push/u0a71} failed to attach
06-12 16:11:15.731 W/System  (21476): java.lang.Throwable: Explicit termination method 'release' not called
06-12 16:11:15.731 W/System  (21476): 	at dalvik.system.CloseGuard.open(CloseGuard.java:184)
06-12 16:11:15.731 W/System  (21476): 	at android.view.Surface.setNativeObjectLocked(Surface.java:460)
06-12 16:11:15.731 W/System  (21476): 	at android.view.Surface.<init>(Surface.java:152)
06-12 16:11:15.731 W/System  (21476): 	at android.media.MediaCodec.createInputSurface(Native Method)
06-12 16:11:15.731 W/System  (21476): 	at com.koushikdutta.virtualdisplay.EncoderDevice.createDisplaySurface(EncoderDevice.java:455)
06-12 16:11:15.731 W/System  (21476): 	at com.koushikdutta.virtualdisplay.EncoderDevice.registerVirtualDisplay(EncoderDevice.java:48)
06-12 16:11:15.731 W/System  (21476): 	at com.koushikdutta.vysor.Main.writer(Main.java:223)
06-12 16:11:15.731 W/System  (21476): 	at com.koushikdutta.vysor.Main$13.onAuthenticated(Main.java:886)
06-12 16:11:15.731 W/System  (21476): 	at com.koushikdutta.vysor.Main$13$2.onStringAvailable(Main.java:914)
06-12 16:11:15.731 W/System  (21476): 	at com.koushikdutta.async.LineEmitter.onDataAvailable(LineEmitter.java:45)
06-12 16:11:15.731 W/System  (21476): 	at com.koushikdutta.async.Util.emitAllData(Util.java:23)
06-12 16:11:15.731 W/System  (21476): 	at com.koushikdutta.async.AsyncNetworkSocket.onReadable(AsyncNetworkSocket.java:152)
06-12 16:11:15.731 W/System  (21476): 	at com.koushikdutta.async.AsyncServer.runLoop(AsyncServer.java:821)
06-12 16:11:15.731 W/System  (21476): 	at com.koushikdutta.async.AsyncServer.run(AsyncServer.java:658)
06-12 16:11:15.731 W/System  (21476): 	at com.koushikdutta.async.AsyncServer.access$800(AsyncServer.java:44)
06-12 16:11:15.731 W/System  (21476): 	at com.koushikdutta.async.AsyncServer$14.run(AsyncServer.java:600)
06-12 16:11:15.755 W/ActivityManager(19521): Forcing bringing down service: ServiceRecord{1bfc55eb u0 com.antutu.ABenchMark/com.taobao.accs.ChannelService}
06-12 16:11:15.789 W/ActivityManager(19521): Forcing bringing down service: ServiceRecord{1b2a8a2a u0 com.antutu.ABenchMark/com.xiaomi.push.service.XMPushService}
06-12 16:11:15.888 I/ActivityManager(19521): Killing 4323:com.antutu.ABenchMark:push/u0a71 (adj -100): start timeout
06-12 16:11:16.097 W/art     (19521): Long monitor contention event with owner method=void com.android.server.am.ActivityManagerService$MainHandler.handleMessage(android.os.Message) from ActivityManagerService.java:1549 waiters=0 for 702ms
06-12 16:11:16.704 W/ActivityManager(19521): No pending application record for pid 4323 (IApplicationThread android.app.ApplicationThreadProxy@228f79e7); dropping process
06-12 16:11:17.150 I/Choreographer(19637): Skipped 421 frames!  The application may be doing too much work on its main thread.
06-12 16:11:19.644 I/Unity   ( 4049): [AssetBundleManager] Loading Coastline from coastline.std bundle
06-12 16:11:19.644 I/Unity   ( 4049):  
06-12 16:11:19.644 I/Unity   ( 4049): (Filename: ./artifacts/generated/common/runtime/UnityEngineDebugBindings.gen.cpp Line: 42)
06-12 16:11:19.644 I/Unity   ( 4049): 
06-12 16:11:20.172 W/Unity   ( 4049): Ambigious asset bundle variant chosen because there was no matching active variant: coastline.std
06-12 16:11:20.172 W/Unity   ( 4049):  
06-12 16:11:20.172 W/Unity   ( 4049): (Filename: ./artifacts/generated/common/runtime/UnityEngineDebugBindings.gen.cpp Line: 42)
06-12 16:11:20.172 W/Unity   ( 4049): 
06-12 16:11:20.173 I/Unity   ( 4049): [AssetBundleManager] Loading Asset Bundle : coastline.std
06-12 16:11:20.173 I/Unity   ( 4049):  
06-12 16:11:20.173 I/Unity   ( 4049): (Filename: ./artifacts/generated/common/runtime/UnityEngineDebugBindings.gen.cpp Line: 42)
06-12 16:11:20.173 I/Unity   ( 4049): 
06-12 16:11:20.191 W/art     (19521): Long monitor contention event with owner method=void com.android.server.am.BroadcastQueue.processNextBroadcast(boolean) from BroadcastQueue.java:542 waiters=0 for 321ms
06-12 16:11:21.110 I/art     (21476): Background concurrent mark sweep GC freed 1116(56KB) AllocSpace objects, 26(1866KB) LOS objects, 39% free, 2MB/3MB, paused 4.968ms total 1.066s
06-12 16:11:21.233 W/System  (21476): A resource was acquired at attached stack trace but never released. See java.io.Closeable for information on avoiding resource leaks.
06-12 16:11:21.874 I/art     (19265): Background concurrent mark sweep GC freed 810(35KB) AllocSpace objects, 0(0B) LOS objects, 40% free, 6MB/11MB, paused 1.531ms total 295.906ms
06-12 16:11:22.111 W/ActivityManager(19521): Slow operation: 1501ms so far, now at startProcess: returned from zygote!
06-12 16:11:22.210 W/ActivityManager(19521): Slow operation: 1653ms so far, now at startProcess: done updating battery stats
06-12 16:11:22.224 W/ActivityManager(19521): Slow operation: 1666ms so far, now at startProcess: building log message
06-12 16:11:22.290 I/ActivityManager(19521): Start proc 4457:com.antutu.ABenchMark:push/u0a71 for service com.antutu.ABenchMark/com.igexin.sdk.PushService
06-12 16:11:22.309 W/Zygote  ( 4457): Slow operation: 1096ms so far, now at zygoteConnection.runOnce: postForkAndSpecialize
06-12 16:11:22.389 W/ActivityManager(19521): Slow operation: 1831ms so far, now at startProcess: starting to update pids map
06-12 16:11:22.421 W/ActivityManager(19521): Slow operation: 1863ms so far, now at startProcess: done updating pids map
06-12 16:11:22.421 W/ActivityManager(19521): Slow operation: 1935ms so far, now at startProcess: done starting proc!
06-12 16:11:22.639 W/art     (21476): Long monitor contention event with owner method=void com.koushikdutta.async.AsyncServer.runLoop(com.koushikdutta.async.AsyncServer, com.koushikdutta.async.SelectorWrapper, java.util.PriorityQueue) from AsyncServer.java:760 waiters=0 for 231ms
06-12 16:11:22.697 W/System  (21476): java.lang.Throwable: Explicit termination method 'end' not called
06-12 16:11:22.697 W/System  (21476): 	at dalvik.system.CloseGuard.open(CloseGuard.java:184)
06-12 16:11:22.697 W/System  (21476): 	at java.util.zip.Inflater.<init>(Inflater.java:82)
06-12 16:11:22.697 W/System  (21476): 	at com.koushikdutta.async.http.HybiParser.<init>(HybiParser.java:70)
06-12 16:11:22.697 W/System  (21476): 	at com.koushikdutta.async.http.WebSocketImpl$1.<init>(WebSocketImpl.java:74)
06-12 16:11:22.697 W/System  (21476): 	at com.koushikdutta.async.http.WebSocketImpl.setupParser(WebSocketImpl.java:74)
06-12 16:11:22.697 W/System  (21476): 	at com.koushikdutta.async.http.WebSocketImpl.<init>(WebSocketImpl.java:141)
06-12 16:11:22.697 W/System  (21476): 	at com.koushikdutta.async.http.server.AsyncHttpServer$3.onRequest(AsyncHttpServer.java:351)
06-12 16:11:22.697 W/System  (21476): 	at com.koushikdutta.async.http.server.AsyncHttpServer.onRequest(AsyncHttpServer.java:62)
06-12 16:11:22.697 W/System  (21476): 	at com.koushikdutta.async.http.server.AsyncHttpServer$1$1.onHeadersReceived(AsyncHttpServer.java:159)
06-12 16:11:22.697 W/System  (21476): 	at com.koushikdutta.async.http.server.AsyncHttpServerRequestImpl$2.onStringAvailable(AsyncHttpServerRequestImpl.java:75)
06-12 16:11:22.697 W/System  (21476): 	at com.koushikdutta.async.LineEmitter.onDataAvailable(LineEmitter.java:45)
06-12 16:11:22.697 W/System  (21476): 	at com.koushikdutta.async.Util.emitAllData(Util.java:23)
06-12 16:11:22.697 W/System  (21476): 	at com.koushikdutta.async.AsyncNetworkSocket.onReadable(AsyncNetworkSocket.java:152)
06-12 16:11:22.697 W/System  (21476): 	at com.koushikdutta.async.AsyncServer.runLoop(AsyncServer.java:821)
06-12 16:11:22.697 W/System  (21476): 	at com.koushikdutta.async.AsyncServer.run(AsyncServer.java:658)
06-12 16:11:22.697 W/System  (21476): 	at com.koushikdutta.async.AsyncServer.access$800(AsyncServer.java:44)
06-12 16:11:22.697 W/System  (21476): 	at com.koushikdutta.async.AsyncServer$14.run(AsyncServer.java:600)
06-12 16:11:22.726 W/art     (19521): Long monitor contention event with owner method=void com.android.server.am.BroadcastQueue.processNextBroadcast(boolean) from BroadcastQueue.java:542 waiters=1 for 2.678s
06-12 16:11:22.909 W/art     (19521): Long monitor contention event with owner method=void com.android.server.am.ActiveServices$ServiceRestarter.run() from ActiveServices.java:1006 waiters=1 for 2.611s
06-12 16:11:23.397 I/art     (21476): Background sticky concurrent mark sweep GC freed 755(48KB) AllocSpace objects, 23(1651KB) LOS objects, 37% free, 2MB/3MB, paused 3.156ms total 648.093ms
06-12 16:11:23.406 W/art     (19521): Long monitor contention event with owner method=android.content.pm.UserInfo com.android.server.am.ActivityManagerService.getCurrentUser() from ActivityManagerService.java:19515 waiters=1 for 441ms
06-12 16:11:23.683 I/Choreographer(19637): Skipped 234 frames!  The application may be doing too much work on its main thread.
06-12 16:11:23.734 I/art     (21476): Background concurrent mark sweep GC freed 858(39KB) AllocSpace objects, 18(1293KB) LOS objects, 40% free, 2MB/3MB, paused 1.250ms total 117.312ms
06-12 16:11:23.744 I/ActivityManager(19521): Process com.koushikdutta.vysor (pid 4218) has died
06-12 16:11:23.816 W/ActivityManager(19521): Scheduling restart of crashed service com.koushikdutta.vysor/.VysorIME in 165873ms
06-12 16:11:24.726 I/art     (21476): Background concurrent mark sweep GC freed 244(8KB) AllocSpace objects, 0(0B) LOS objects, 39% free, 3MB/6MB, paused 625us total 120.031ms
06-12 16:11:24.900 I/art     (21476): Background sticky concurrent mark sweep GC freed 52(1760B) AllocSpace objects, 0(0B) LOS objects, 0% free, 6MB/6MB, paused 11.218ms total 156.906ms
06-12 16:11:25.004 I/Choreographer(19637): Skipped 61 frames!  The application may be doing too much work on its main thread.
06-12 16:11:25.154 I/ActivityManager(19521): Process com.antutu.ABenchMark:push (pid 4457) has died
06-12 16:11:25.155 W/ActivityManager(19521): Scheduling restart of crashed service com.antutu.ABenchMark/com.igexin.sdk.PushService in 174535ms
06-12 16:11:25.333 I/ActivityManager(19521): Process com.google.android.googlequicksearchbox:interactor (pid 567) has died
06-12 16:11:25.334 W/ActivityManager(19521): Scheduling restart of crashed service com.google.android.googlequicksearchbox/com.google.android.voiceinteraction.GsaVoiceInteractionService in 184356ms
06-12 16:11:25.473 I/Choreographer(19637): Skipped 17 frames!  The application may be doing too much work on its main thread.
06-12 16:11:25.843 I/ActivityManager(19521): Process com.android.smspush (pid 960) has died
06-12 16:11:25.844 W/ActivityManager(19521): Scheduling restart of crashed service com.android.smspush/.WapPushManager in 193846ms
06-12 16:11:26.604 I/art     (21476): Background sticky concurrent mark sweep GC freed 898(30KB) AllocSpace objects, 0(0B) LOS objects, 0% free, 17MB/17MB, paused 562us total 155.625ms
06-12 16:11:27.068 I/Choreographer( 4049): Skipped 1 frames!  The application may be doing too much work on its main thread.
06-12 16:11:28.887 W/InputDispatcher(19521): channel '1072c21b com.antutu.benchmark.full/com.antutu.benchmark.full.UnityPlayerActivity (server)' ~ Consumer closed input channel or an error occurred.  events=0x9
06-12 16:11:28.887 E/InputDispatcher(19521): channel '1072c21b com.antutu.benchmark.full/com.antutu.benchmark.full.UnityPlayerActivity (server)' ~ Channel is unrecoverably broken and will be disposed!
06-12 16:11:28.896 D/AudioFlinger(19281): new AudioFlinger clinet, pid: 4049
06-12 16:11:28.929 W/AudioPolicyManager(19281): setOutputDevice() prevDevice 0400
06-12 16:11:29.222 I/WindowState(19521): WIN DEATH: Window{1072c21b u0 com.antutu.benchmark.full/com.antutu.benchmark.full.UnityPlayerActivity}
06-12 16:11:29.276 W/InputDispatcher(19521): Attempted to unregister already unregistered input channel '1072c21b com.antutu.benchmark.full/com.antutu.benchmark.full.UnityPlayerActivity (server)'
06-12 16:11:29.286 W/MediaFocusControl(19521):   AudioFocus   audio focus client died
06-12 16:11:29.356 I/ActivityManager(19521): Process com.antutu.benchmark.full:unity (pid 4049) has died
06-12 16:11:29.459 I/MediaFocusControl(19521): AudioFocus  removeFocusStackEntry(): removing entry for android.os.BinderProxy@1de57994
06-12 16:11:29.667 W/ActivityManager(19521): Force removing ActivityRecord{23361f04 u0 com.antutu.benchmark.full/.UnityPlayerActivity t50}: app died, no saved state
06-12 16:11:29.913 W/WindowManager(19521): Force-removing child win Window{1b956f64 u0 SurfaceView} from container Window{1072c21b u0 com.antutu.benchmark.full/com.antutu.benchmark.full.UnityPlayerActivity}
06-12 16:11:30.406 W/art     (19521): Long monitor contention event with owner method=void com.android.server.wm.WindowState$DeathRecipient.binderDied() from WindowState.java:1141 waiters=0 for 1.189s
06-12 16:11:30.644 W/WindowManager(19521): Failed looking up window
06-12 16:11:30.644 W/WindowManager(19521): java.lang.IllegalArgumentException: Requested window android.os.BinderProxy@2f164f7 does not exist
06-12 16:11:30.644 W/WindowManager(19521): 	at com.android.server.wm.WindowManagerService.windowForClientLocked(WindowManagerService.java:8737)
06-12 16:11:30.644 W/WindowManager(19521): 	at com.android.server.wm.WindowManagerService.windowForClientLocked(WindowManagerService.java:8728)
06-12 16:11:30.644 W/WindowManager(19521): 	at com.android.server.wm.WindowState$DeathRecipient.binderDied(WindowState.java:1142)
06-12 16:11:30.644 W/WindowManager(19521): 	at android.os.BinderProxy.sendDeathNotice(Binder.java:551)
06-12 16:11:30.644 I/WindowState(19521): WIN DEATH: null
06-12 16:11:30.645 W/art     (19521): Long monitor contention event with owner method=void com.android.server.wm.WindowState$DeathRecipient.binderDied() from WindowState.java:1141 waiters=1 for 1.402s
06-12 16:11:30.663 W/art     (19521): Long monitor contention event with owner method=void com.android.server.wm.WindowState$DeathRecipient.binderDied() from WindowState.java:1141 waiters=2 for 915ms
06-12 16:11:30.663 W/art     (19521): Long monitor contention event with owner method=void com.android.server.wm.WindowState$DeathRecipient.binderDied() from WindowState.java:1141 waiters=3 for 397ms
06-12 16:11:31.586 I/art     (19265): Background concurrent mark sweep GC freed 799(33KB) AllocSpace objects, 0(0B) LOS objects, 39% free, 6MB/11MB, paused 218us total 100.593ms
06-12 16:11:31.679 I/ActivityManager(19521): Start proc 4806:com.antutu.ABenchMark/u0a71 for activity com.antutu.ABenchMark/com.antutu.benchmark.ui.test.activity.ActivityScoreBench
06-12 16:11:31.749 D/audio_hw_default(19281): out_standby!!
06-12 16:11:31.760 W/art     (19521): Long monitor contention event with owner method=void com.android.server.am.ActivityManagerService$AppDeathRecipient.binderDied() from ActivityManagerService.java:1235 waiters=0 for 1.889s
06-12 16:11:31.794 I/ActivityManager(19521): Start proc 4822:com.google.android.inputmethod.latin/u0a45 for service com.google.android.inputmethod.latin/com.android.inputmethod.latin.LatinIME
06-12 16:11:32.060 V/WindowManager(19521): Based on layer: Adding window Window{237bedf u0 Starting com.antutu.ABenchMark} at 2 of 7
06-12 16:11:32.099 I/Choreographer(19521): Skipped 1 frames!  The application may be doing too much work on its main thread.
06-12 16:11:32.432 W/BufferQueueProducer(19261): [ScreenshotSurface] dequeueBuffer: Front buffer created
06-12 16:11:32.448 W/art     (19521): Long monitor contention event with owner method=android.content.res.Configuration com.android.server.wm.WindowManagerService.updateOrientationFromAppTokens(android.content.res.Configuration, android.os.IBinder) from WindowManagerService.java:3931 waiters=0 for 101ms
06-12 16:11:32.448 I/ActivityManager(19521): Config changes=480 {1.0 ?mcc?mnc en_CN ?layoutDir sw410dp w410dp h583dp 312dpi nrml port -touch -keyb/v/h -nav/h s.13}
06-12 16:11:32.454 V/ActivityManager(19521): Display changed displayId=0
06-12 16:11:32.533 I/Choreographer(19521): Skipped 3 frames!  The application may be doing too much work on its main thread.
06-12 16:11:32.537 W/BufferQueueProducer(19261): [Starting com.antutu.ABenchMark] dequeueBuffer: Front buffer created
06-12 16:11:32.887 I/art     (21476): Background sticky concurrent mark sweep GC freed 267(8KB) AllocSpace objects, 1(6MB) LOS objects, 17% free, 22MB/27MB, paused 500us total 196.531ms
06-12 16:11:32.895 D/PFS     (  185): echo 4008 ----> /sys/devices/e0600000.gpu/policy 
06-12 16:11:32.898 I/InputReader(19521): Reconfiguring input devices.  changes=0x00000004
06-12 16:11:32.899 I/Choreographer(19521): Skipped 7 frames!  The application may be doing too much work on its main thread.
06-12 16:11:32.917 W/art     (19521): Long monitor contention event with owner method=void com.android.server.am.ActivityManagerService.attachApplication(android.app.IApplicationThread) from ActivityManagerService.java:6108 waiters=1 for 557ms
06-12 16:11:32.917 W/art     (19521): Long monitor contention event with owner method=void com.android.server.am.ActivityManagerService.attachApplication(android.app.IApplicationThread) from ActivityManagerService.java:6108 waiters=1 for 120ms
06-12 16:11:34.199 I/ActivityManager(19521): Start proc 4858:android.process.acore/u0a2 for content provider com.android.providers.contacts/.ContactsProvider2
06-12 16:11:34.210 I/art     (19265): Explicit concurrent mark sweep GC freed 704(30KB) AllocSpace objects, 0(0B) LOS objects, 40% free, 6MB/11MB, paused 343us total 14.125ms
06-12 16:11:34.224 I/art     (19265): Explicit concurrent mark sweep GC freed 5(160B) AllocSpace objects, 0(0B) LOS objects, 40% free, 6MB/11MB, paused 250us total 13.156ms
06-12 16:11:34.228 E/art     ( 4806): No implementation found for void com.tencent.StubShell.TxAppEntry.fixNativeResource(android.content.res.AssetManager, java.lang.String) (tried Java_com_tencent_StubShell_TxAppEntry_fixNativeResource and Java_com_tencent_StubShell_TxAppEntry_fixNativeResource__Landroid_content_res_AssetManager_2Ljava_lang_String_2)
06-12 16:11:34.238 I/art     (19265): Explicit concurrent mark sweep GC freed 5(160B) AllocSpace objects, 0(0B) LOS objects, 40% free, 6MB/11MB, paused 281us total 13.343ms
06-12 16:11:34.276 E/art     ( 4806): No implementation found for void com.tencent.StubShell.TxAppEntry.fixUnityResource(android.content.res.AssetManager, java.lang.String) (tried Java_com_tencent_StubShell_TxAppEntry_fixUnityResource and Java_com_tencent_StubShell_TxAppEntry_fixUnityResource__Landroid_content_res_AssetManager_2Ljava_lang_String_2)
06-12 16:11:34.946 E/NIO     (21476): Unhandled exception
06-12 16:11:34.946 E/NIO     (21476): java.net.SocketException: recvfrom failed: ECONNRESET (Connection reset by peer)
06-12 16:11:34.946 E/NIO     (21476): 	at libcore.io.IoBridge.maybeThrowAfterRecvfrom(IoBridge.java:592)
06-12 16:11:34.946 E/NIO     (21476): 	at libcore.io.IoBridge.recvfrom(IoBridge.java:568)
06-12 16:11:34.946 E/NIO     (21476): 	at java.nio.SocketChannelImpl.readImpl(SocketChannelImpl.java:342)
06-12 16:11:34.946 E/NIO     (21476): 	at java.nio.SocketChannelImpl.read(SocketChannelImpl.java:304)
06-12 16:11:34.946 E/NIO     (21476): 	at com.koushikdutta.async.SocketChannelWrapper.read(SocketChannelWrapper.java:28)
06-12 16:11:34.946 E/NIO     (21476): 	at com.koushikdutta.async.AsyncNetworkSocket.onReadable(AsyncNetworkSocket.java:134)
06-12 16:11:34.946 E/NIO     (21476): 	at com.koushikdutta.async.AsyncServer.runLoop(AsyncServer.java:821)
06-12 16:11:34.946 E/NIO     (21476): 	at com.koushikdutta.async.AsyncServer.run(AsyncServer.java:658)
06-12 16:11:34.946 E/NIO     (21476): 	at com.koushikdutta.async.AsyncServer.access$800(AsyncServer.java:44)
06-12 16:11:34.946 E/NIO     (21476): 	at com.koushikdutta.async.AsyncServer$14.run(AsyncServer.java:600)
06-12 16:11:34.946 E/NIO     (21476): Caused by: android.system.ErrnoException: recvfrom failed: ECONNRESET (Connection reset by peer)
06-12 16:11:34.946 E/NIO     (21476): 	at libcore.io.Posix.recvfromBytes(Native Method)
06-12 16:11:34.946 E/NIO     (21476): 	at libcore.io.Posix.recvfrom(Posix.java:177)
06-12 16:11:34.946 E/NIO     (21476): 	at libcore.io.BlockGuardOs.recvfrom(BlockGuardOs.java:245)
06-12 16:11:34.946 E/NIO     (21476): 	at libcore.io.IoBridge.recvfrom(IoBridge.java:565)
06-12 16:11:34.946 E/NIO     (21476): 	... 8 more
06-12 16:11:34.946 I/VysorMain(21476): Connection terminated.
06-12 16:11:34.952 I/LatinIME( 4822): Hardware accelerated drawing: true
06-12 16:11:34.972 E/OMX_VCE (19281): OMX-Warning!in StoreMediaData mode,but the buffer (cdcdcdcd) is not kMetadataBufferTypeCameraSource_act!
06-12 16:11:34.972 E/OMX_VCE (19281): OMX-SendBuffer,input buffer is eos now!
06-12 16:11:34.972 E/OMX_VCE (19281): OMX-mng_try_encode,eos!nFilledLen:0,nFlags:11,pBuffer:0xf47fbb50
06-12 16:11:34.972 E/OMX_VCE (19281): OMX-Detected EOS flags in input buffer filled len=0
06-12 16:11:34.972 E/OMX_VCE (19281): OMX-ReturnBufferFunction,input buffer is eos now!
06-12 16:11:34.972 I/VysorFactory(21476): VirtualDisplay released
06-12 16:11:34.972 E/OMX_VCE (19281): OMX-ReturnBufferFunction,input buffer is eos now!
06-12 16:11:34.973 I/VysorFactory(21476): factory released
06-12 16:11:34.974 I/VysorMain(21476): New raw socket accepted.
06-12 16:11:35.058 I/StdOutDevice(21476): Writer done
06-12 16:11:35.091 I/VysorMain(21476): Got password 346fe277
06-12 16:11:35.091 I/VysorMain(21476): h264 authentication succeeded
06-12 16:11:35.094 W/GraphicBufferSource(19281): Dropped back down to Loaded without Executing
06-12 16:11:35.107 I/AL_LIBC (19281): [memory_free] actal_free_uncache
06-12 16:11:35.120 I/StdOutDevice(21476): Requested Width: 400 Requested Height: 640
06-12 16:11:35.120 I/VysorMain(21476): registering virtual display
06-12 16:11:35.120 I/StdOutDevice(21476): OMX.Action.Video.Encoder
06-12 16:11:35.130 E/OMX_VCE (19281): OMX-free ion phyaddr!phy:0x201e0000, vir:0xf0713000
06-12 16:11:35.131 I/AL_LIBC (19281): [memory_free] actal_free_uncache
06-12 16:11:35.137 E/OMX_VCE (19281): OMX-free ion phyaddr!phy:0x201c0000, vir:0xf0733000
06-12 16:11:35.137 I/AL_LIBC (19281): [memory_free] actal_free_uncache
06-12 16:11:35.144 E/OMX_VCE (19281): OMX-free ion phyaddr!phy:0x201a0000, vir:0xf08fd000
06-12 16:11:35.144 I/AL_LIBC (19281): [memory_free] actal_free_uncache
06-12 16:11:35.151 E/OMX_VCE (19281): OMX-free ion phyaddr!phy:0x20180000, vir:0xf091d000
06-12 16:11:35.151 I/AL_LIBC (19281): [memory_free] actal_free_uncache
06-12 16:11:35.158 E/OMX_VCE (19281): OMX-free ion phyaddr!phy:0x200a0000, vir:0xf093d000
06-12 16:11:35.158 E/OMX_VCE (19281): OMX-In omx_videoenc_BufferMgmtFunction 3  Buffer Management Thread is exiting
06-12 16:11:35.159 I/AL_LIBC (19281): [memory_free] actal_free_uncache
06-12 16:11:35.166 I/AL_LIBC (19281): [memory_free] actal_free_uncache
06-12 16:11:35.173 I/AL_LIBC (19281): [memory_free] actal_free_uncache
06-12 16:11:35.176 I/StdOutDevice(21476): colorFormat: 2135033992
06-12 16:11:35.176 I/StdOutDevice(21476): colorFormat: 19
06-12 16:11:35.176 I/StdOutDevice(21476): colorFormat: 21
06-12 16:11:35.176 I/StdOutDevice(21476): colorFormat: 22
06-12 16:11:35.176 I/StdOutDevice(21476): colorFormat: 24
06-12 16:11:35.176 I/StdOutDevice(21476): colorFormat: 2130708361
06-12 16:11:35.176 I/StdOutDevice(21476): colorFormat: 45
06-12 16:11:35.176 I/StdOutDevice(21476): colorFormat: 47
06-12 16:11:35.176 I/StdOutDevice(21476): profile/level: 1/1
06-12 16:11:35.176 I/StdOutDevice(21476): profile/level: 1/2
06-12 16:11:35.176 I/StdOutDevice(21476): profile/level: 1/4
06-12 16:11:35.176 I/StdOutDevice(21476): profile/level: 1/8
06-12 16:11:35.176 I/StdOutDevice(21476): profile/level: 1/16
06-12 16:11:35.176 I/StdOutDevice(21476): profile/level: 1/32
06-12 16:11:35.176 I/StdOutDevice(21476): profile/level: 1/64
06-12 16:11:35.176 I/StdOutDevice(21476): profile/level: 1/128
06-12 16:11:35.176 I/StdOutDevice(21476): profile/level: 1/256
06-12 16:11:35.176 I/StdOutDevice(21476): profile/level: 1/512
06-12 16:11:35.176 I/StdOutDevice(21476): profile/level: 1/1024
06-12 16:11:35.176 I/StdOutDevice(21476): profile/level: 1/2048
06-12 16:11:35.176 I/StdOutDevice(21476): profile/level: 1/4096
06-12 16:11:35.176 I/StdOutDevice(21476): profile/level: 1/8192
06-12 16:11:35.176 I/StdOutDevice(21476): profile/level: 1/16384
06-12 16:11:35.176 I/StdOutDevice(21476): profile/level: 1/32768
06-12 16:11:35.176 I/StdOutDevice(21476): profile/level: 2/1
06-12 16:11:35.176 I/StdOutDevice(21476): profile/level: 2/2
06-12 16:11:35.177 I/StdOutDevice(21476): profile/level: 2/4
06-12 16:11:35.177 I/StdOutDevice(21476): profile/level: 2/8
06-12 16:11:35.177 I/StdOutDevice(21476): profile/level: 2/16
06-12 16:11:35.177 I/StdOutDevice(21476): profile/level: 2/32
06-12 16:11:35.177 I/StdOutDevice(21476): profile/level: 2/64
06-12 16:11:35.177 I/StdOutDevice(21476): profile/level: 2/128
06-12 16:11:35.177 I/StdOutDevice(21476): profile/level: 2/256
06-12 16:11:35.177 I/StdOutDevice(21476): profile/level: 2/512
06-12 16:11:35.177 I/StdOutDevice(21476): profile/level: 2/1024
06-12 16:11:35.177 I/StdOutDevice(21476): profile/level: 2/2048
06-12 16:11:35.177 I/StdOutDevice(21476): profile/level: 2/4096
06-12 16:11:35.177 I/StdOutDevice(21476): profile/level: 2/8192
06-12 16:11:35.177 I/StdOutDevice(21476): profile/level: 2/16384
06-12 16:11:35.177 I/StdOutDevice(21476): profile/level: 2/32768
06-12 16:11:35.177 I/StdOutDevice(21476): profile/level: 8/1
06-12 16:11:35.177 I/StdOutDevice(21476): profile/level: 8/2
06-12 16:11:35.177 I/StdOutDevice(21476): profile/level: 8/4
06-12 16:11:35.177 I/StdOutDevice(21476): profile/level: 8/8
06-12 16:11:35.177 I/StdOutDevice(21476): profile/level: 8/16
06-12 16:11:35.177 I/StdOutDevice(21476): profile/level: 8/32
06-12 16:11:35.177 I/StdOutDevice(21476): profile/level: 8/64
06-12 16:11:35.177 I/StdOutDevice(21476): profile/level: 8/128
06-12 16:11:35.177 I/StdOutDevice(21476): profile/level: 8/256
06-12 16:11:35.177 I/StdOutDevice(21476): profile/level: 8/512
06-12 16:11:35.177 I/StdOutDevice(21476): profile/level: 8/1024
06-12 16:11:35.177 I/StdOutDevice(21476): profile/level: 8/2048
06-12 16:11:35.177 I/StdOutDevice(21476): profile/level: 8/4096
06-12 16:11:35.177 I/StdOutDevice(21476): profile/level: 8/8192
06-12 16:11:35.177 I/StdOutDevice(21476): profile/level: 8/16384
06-12 16:11:35.177 I/StdOutDevice(21476): profile/level: 8/32768
06-12 16:11:35.177 I/StdOutDevice(21476): OMX.google.h264.encoder
06-12 16:11:35.178 I/StdOutDevice(21476): colorFormat: 2135033992
06-12 16:11:35.178 I/StdOutDevice(21476): colorFormat: 19
06-12 16:11:35.178 I/StdOutDevice(21476): colorFormat: 21
06-12 16:11:35.178 I/StdOutDevice(21476): colorFormat: 2130708361
06-12 16:11:35.178 I/StdOutDevice(21476): profile/level: 1/32
06-12 16:11:35.187 I/AL_LIBC (19281): [memory_free] actal_free_uncache
06-12 16:11:35.195 E/OMX_VCE (19281): OMX-free ion phyaddr!phy:0x20a00000, vir:0xf06eb000
06-12 16:11:35.204 E/        (19281): OMX-In compMessageHandlerFunction Destructor has been called. So exit from the loop
06-12 16:11:35.231 I/StdOutDevice(21476): =======ENCODING COMPELTE=======
06-12 16:11:35.326 I/StdOutDevice(21476): Width: 400 Height: 640
06-12 16:11:35.338 I/StdOutDevice(21476): Bitrate: 500000
06-12 16:11:35.338 I/StdOutDevice(21476): Frame rate: 30
06-12 16:11:35.338 I/StdOutDevice(21476): Creating encoder
06-12 16:11:35.346 I/Choreographer(19637): Skipped 65 frames!  The application may be doing too much work on its main thread.
06-12 16:11:35.349 W/WindowManager(19521): Window freeze timeout expired.
06-12 16:11:35.349 W/WindowManager(19521): Force clearing orientation change: Window{24d459e5 u0 NavigationBar}
06-12 16:11:35.349 W/WindowManager(19521): Force clearing orientation change: Window{237bedf u0 Starting com.antutu.ABenchMark}
06-12 16:11:35.349 W/WindowManager(19521): Force clearing orientation change: Window{72b0c73 u0 com.android.systemui.ImageWallpaper}
06-12 16:11:35.374 W/BufferQueueProducer(19261): [StatusBar] dequeueBuffer: renew vr front buffer
06-12 16:11:35.375 W/BufferQueueProducer(19261): [StatusBar] dequeueBuffer: Front buffer created
06-12 16:11:35.441 I/OMXClient(21476): Using client-side OMX mux.
06-12 16:11:35.452 V/ActionOMXPlugin(19281): Entry ActionOMXPlugin::makeComponentInstance
06-12 16:11:35.457 E/OMX_VCE (19281): OMX-In OMX_ComponentInit, allocating component,0xf5ca5800
06-12 16:11:35.468 I/StdOutDevice(21476): Created encoder
06-12 16:11:35.468 I/StdOutDevice(21476): Configuring encoder
06-12 16:11:35.505 W/ACodec  (21476): do not know color format 0x16 = 22
06-12 16:11:35.507 W/ACodec  (21476): do not know color format 0x18 = 24
06-12 16:11:35.507 W/ACodec  (21476): do not know color format 0x7f000789 = 2130708361
06-12 16:11:35.507 E/OMX_VCE (19281): OMX-Warning! RGB input stride 400 must be 32-align!
06-12 16:11:35.507 I/ACodec  (21476): setupVideoEncoder succeeded
06-12 16:11:35.508 W/ACodec  (21476): do not know color format 0x7f000789 = 2130708361
06-12 16:11:35.509 I/StdOutDevice(21476): Creating input surface
06-12 16:11:35.509 I/StdOutDevice(21476): Starting Encoder
06-12 16:11:35.511 I/AL_LIBC (19281): [memory_malloc] actal_malloc_uncache: size: 131072
06-12 16:11:35.533 E/OMX_VCE (19281): OMX-malloc ion addr! phy:200a0000, vir:f6412000, len:1f400
06-12 16:11:35.534 I/AL_LIBC (19281): [memory_malloc] actal_malloc_uncache: size: 131072
06-12 16:11:35.555 E/OMX_VCE (19281): OMX-malloc ion addr! phy:20180000, vir:f4a77000, len:1f400
06-12 16:11:35.557 I/AL_LIBC (19281): [memory_malloc] actal_malloc_uncache: size: 131072
06-12 16:11:35.558 W/BufferQueueProducer(19261): [NavigationBar] dequeueBuffer: renew vr front buffer
06-12 16:11:35.579 E/OMX_VCE (19281): OMX-malloc ion addr! phy:201a0000, vir:f4a57000, len:1f400
06-12 16:11:35.580 I/AL_LIBC (19281): [memory_malloc] actal_malloc_uncache: size: 131072
06-12 16:11:35.592 W/BufferQueueProducer(19261): [NavigationBar] dequeueBuffer: Front buffer created
06-12 16:11:35.600 E/OMX_VCE (19281): OMX-malloc ion addr! phy:201c0000, vir:f4a37000, len:1f400
06-12 16:11:35.600 I/AL_LIBC (19281): [memory_malloc] actal_malloc_uncache: size: 131072
06-12 16:11:35.621 I/Choreographer(19637): Skipped 13 frames!  The application may be doing too much work on its main thread.
06-12 16:11:35.622 E/OMX_VCE (19281): OMX-malloc ion addr! phy:201e0000, vir:f4a17000, len:1f400
06-12 16:11:35.622 I/AL_LIBC (19281): [memory_malloc] actal_malloc_uncache: size: 163840
06-12 16:11:35.626 I/StdOutDevice(21476): Surface ready
06-12 16:11:35.644 I/StdOutDevice(21476): Encoder ready
06-12 16:11:35.644 E/StdOutDevice(21476): Created surface
06-12 16:11:35.646 I/StdOutDevice(21476): Writer started.
06-12 16:11:35.650 E/OMX_VCE (19281): OMX-malloc ion addr! phy:20a00000, vir:f0bd8000, len:28000
06-12 16:11:35.651 W/BufferQueueProducer(19261): [StatusBar] dequeueBuffer: Front buffer created
06-12 16:11:35.655 W/BufferQueueProducer(19261): [NavigationBar] dequeueBuffer: Front buffer created
06-12 16:11:35.658 I/Choreographer(19637): Skipped 1 frames!  The application may be doing too much work on its main thread.
06-12 16:11:35.671 I/VysorMain(21476): virtual display registered
06-12 16:11:35.673 I/AL_LIBC (19281): [memory_malloc] actal_malloc_uncache: size: 512000
06-12 16:11:35.702 I/AL_LIBC (19281): [memory_malloc] actal_malloc_uncache: size: 512000
06-12 16:11:35.702 W/BufferQueueProducer(19281): [GraphicBufferSource] dequeueBuffer: Front buffer created
06-12 16:11:35.703 W/BufferQueueProducer(19281): [GraphicBufferSource] dequeueBuffer: renew vr front buffer
06-12 16:11:35.719 I/CrashReport( 4806): native library loaded
06-12 16:11:35.719 I/CrashReport( 4806): backup java method success
06-12 16:11:35.719 I/CrashReport( 4806): back up java classes success
06-12 16:11:35.735 I/CrashReport( 4806): base = 0xff591000
06-12 16:11:35.735 I/CrashReport( 4806): stacksize = 8M
06-12 16:11:35.735 I/CrashReport( 4806): guardsize = 0
06-12 16:11:35.744 I/AL_LIBC (19281): [memory_malloc] actal_malloc_uncache: size: 512000
06-12 16:11:35.745 W/BufferQueueProducer(19281): [GraphicBufferSource] dequeueBuffer: Front buffer created
06-12 16:11:35.748 I/CrashReport( 4806): getted buglyline com/tencent/bugly/legu/
06-12 16:11:35.748 I/CrashReport( 4806): it is a channel prefix com/tencent/bugly/legu/
06-12 16:11:35.752 I/CrashReport( 4806): register native log methods success
06-12 16:11:35.752 I/CrashReport( 4806): register native key-value methods success
06-12 16:11:35.752 I/CrashReport( 4806): register native methods success
06-12 16:11:35.753 I/CrashReport( 4806): setLogMode 6 current 4
06-12 16:11:35.771 E/OMX_VCE (19281): OMX-info!openmaxStandComp:0xf5c73f40, enable_returnquece:1
06-12 16:11:35.924 D/SecShell( 4806): Start load 4806
06-12 16:11:35.924 D/SecShell( 4806): g_SdkInt:22
06-12 16:11:35.926 D/SecShell( 4806): CallObjectFunc CallObjectMethodV Exception:funcName
06-12 16:11:35.929 D/SecShell( 4806): addr:e4732000
06-12 16:11:35.929 D/SecShell( 4806): addr:e47ff000
06-12 16:11:35.929 D/SecShell( 4806): addr:e4800000
06-12 16:11:35.931 D/SecShell( 4806): addr:f3ad4000
06-12 16:11:35.933 D/SecShell( 4806): pPKN:com.antutu.ABenchMark, g_oatDexPath:/data/dalvik-cache/arm/data@app@com.antutu.ABenchMark-1@base.apk@classes.dex
06-12 16:11:35.933 D/SecShell( 4806): oatStartAddr:e3cad000
06-12 16:11:35.933 D/SecShell( 4806): dexEleLen:1
06-12 16:11:35.933 D/SecShell( 4806): i:0
06-12 16:11:35.933 D/SecShell( 4806): shellSystemCookie:f4e817d0
06-12 16:11:35.933 D/SecShell( 4806): g_shellDexAddr0:f4e3ea00
06-12 16:11:35.933 D/SecShell( 4806): oatSig:ELF g_orgOatSize:11870640 11874304
06-12 16:11:35.933 D/SecShell( 4806): g_shellDexAddr:e3cae5b0, mapSize:8 orgDexOffset:450560
06-12 16:11:35.933 D/SecShell( 4806): ii:0
06-12 16:11:35.933 D/SecShell( 4806): g_shellDexAddr:e3cae5b0
06-12 16:11:35.933 D/SecShell( 4806): oatstart:e3cad000
06-12 16:11:35.933 D/SecShell( 4806): orgDexFileSize:8769520
06-12 16:11:35.933 D/SecShell( 4806): g_orgDexOffset:456112
06-12 16:11:36.035 W/art     ( 4806): Suspending all threads took: 24.468ms
06-12 16:11:36.050 I/art     ( 4806): Background sticky concurrent mark sweep GC freed 28226(1545KB) AllocSpace objects, 0(0B) LOS objects, 13% free, 9MB/11MB, paused 26.875ms total 280.625ms
06-12 16:11:36.141 W/BufferQueueProducer(19281): [GraphicBufferSource] dequeueBuffer: Front buffer created
06-12 16:11:36.274 I/StdOutDevice(21476): MediaCodec.INFO_OUTPUT_FORMAT_CHANGED
06-12 16:11:36.274 I/StdOutDevice(21476): output width: 400
06-12 16:11:36.274 I/StdOutDevice(21476): output height: 640
06-12 16:11:36.275 I/StdOutDevice(21476): Got first buffer
06-12 16:11:36.284 I/StdOutDevice(21476): Bitrate: 500000
06-12 16:11:36.473 D/SecShell( 4806): yunstr3:
06-12 16:11:36.474 D/SecShell( 4806): multidex_totleSize:a4cc54
06-12 16:11:36.602 D/SecShell( 4806): start elf_hook
06-12 16:11:36.602 D/SecShell( 4806): func addr:0xef4721e1
06-12 16:11:36.603 D/SecShell( 4806): replace glob :f701e8f8 with ef4721e1
06-12 16:11:36.603 D/SecShell( 4806): replace ok!
06-12 16:11:36.603 D/SecShell( 4806): func addr:0xef4720fd
06-12 16:11:36.603 D/SecShell( 4806): replace glob :f7034535 with ef4720fd
06-12 16:11:36.603 D/SecShell( 4806): replace ok!
06-12 16:11:36.603 D/SecShell( 4806): func addr:0xef473259
06-12 16:11:36.603 D/SecShell( 4806): replace glob :f6ffd251 with ef473259
06-12 16:11:36.603 D/SecShell( 4806): replace ok!
06-12 16:11:36.604 D/SecShell( 4806): func addr:0xef472699
06-12 16:11:36.604 D/SecShell( 4806): replace glob :f701d828 with ef472699
06-12 16:11:36.604 D/SecShell( 4806): replace ok!
06-12 16:11:36.604 D/SecShell( 4806): func addr:0xef47280d
06-12 16:11:36.604 D/SecShell( 4806): replace glob :f6ff95c9 with ef47280d
06-12 16:11:36.604 D/SecShell( 4806): replace ok!
06-12 16:11:36.604 D/SecShell( 4806): end elf_hook
06-12 16:11:36.604 D/SecShell( 4806): func addr:0xef4722c1
06-12 16:11:36.604 D/SecShell( 4806): replace glob :f701e834 with ef4722c1
06-12 16:11:36.604 D/SecShell( 4806): replace ok!
06-12 16:11:36.604 D/SecShell( 4806): test art open
06-12 16:11:36.604 D/SecShell( 4806): art_mode1
06-12 16:11:36.604 D/SecShell( 4806): test art open end
06-12 16:11:36.604 D/SecShell( 4806): art fstat hook:0
06-12 16:11:36.604 D/SecShell( 4806): my mmap_hook :8769536 22 0 4806
06-12 16:11:36.604 D/SecShell( 4806): decodea:450560
06-12 16:11:36.604 D/SecShell( 4806): artOpenFile call
06-12 16:11:36.604 D/SecShell( 4806): func addr:0xf701e834
06-12 16:11:36.605 D/SecShell( 4806): replace glob :ef4722c1 with f701e834
06-12 16:11:36.605 D/SecShell( 4806): replace ok!
06-12 16:11:36.605 D/SecShell( 4806): fastest plan!
06-12 16:11:36.605 D/SecShell( 4806): multidex!
06-12 16:11:36.605 D/SecShell( 4806): multidex:2
06-12 16:11:36.758 D/SecShell( 4806): start elf_hook
06-12 16:11:36.758 D/SecShell( 4806): end elf_hook
06-12 16:11:36.759 D/SecShell( 4806): func addr:0xef4722c1
06-12 16:11:36.759 D/SecShell( 4806): replace glob :f701e834 with ef4722c1
06-12 16:11:36.759 D/SecShell( 4806): replace ok!
06-12 16:11:36.759 D/SecShell( 4806): test art open
06-12 16:11:36.759 D/SecShell( 4806): READLINK ERROR
06-12 16:11:36.759 D/SecShell( 4806): test art open end
06-12 16:11:36.759 D/SecShell( 4806): art fstat hook:0
06-12 16:11:36.759 D/SecShell( 4806): my mmap_hook :1581056 22 0 4806
06-12 16:11:36.759 D/SecShell( 4806): decodea:9220096
06-12 16:11:36.759 D/SecShell( 4806): artOpenFile call
06-12 16:11:36.759 D/SecShell( 4806): func addr:0xf701e834
06-12 16:11:36.760 D/SecShell( 4806): replace glob :ef4722c1 with f701e834
06-12 16:11:36.760 D/SecShell( 4806): replace ok!
06-12 16:11:36.760 D/SecShell( 4806): fastest plan!
06-12 16:11:36.805 I/ContactLocale( 4858): AddressBook Labels [en-CN]: [, A, B, C, D, E, F, G, H, I, J, K, L, M, N, O, P, Q, R, S, T, U, V, W, X, Y, Z, Α, Β, Γ, Δ, Ε, Ζ, Η, Θ, Ι, Κ, Λ, Μ, Ν, Ξ, Ο, Π, Ρ, Σ, Τ, Υ, Φ, Χ, Ψ, Ω, , А, Б, В, Г, Д, Ђ, Е, Є, Ж, З, И, І, Ї, Й, Ј, К, Л, Љ, М, Н, Њ, О, П, Р, С, Т, Ћ, У, Ф, Х, Ц, Ч, Џ, Ш, Щ, Ю, Я, , א, ב, ג, ד, ה, ו, ז, ח, ט, י, כ, ל, מ, נ, ס, ע, פ, צ, ק, ר, ש, ת, , ا, ب, ت, ث, ج, ح, خ, د, ذ, ر, ز, س, ش, ص, ض, ط, ظ, ع, غ, ف, ق, ك, ل, م, ن, ه, و, ي, , ก, ข, ฃ, ค, ฅ, ฆ, ง, จ, ฉ, ช, ซ, ฌ, ญ, ฎ, ฏ, ฐ, ฑ, ฒ, ณ, ด, ต, ถ, ท, ธ, น, บ, ป, ผ, ฝ, พ, ฟ, ภ, ม, ย, ร, ฤ, ล, ฦ, ว, ศ, ษ, ส, ห, ฬ, อ, ฮ, , ㄱ, ㄴ, ㄷ, ㄹ, ㅁ, ㅂ, ㅅ, ㅇ, ㅈ, ㅊ, ㅋ, ㅌ, ㅍ, ㅎ, , あ, か, さ, た, な, は, ま, や, ら, わ, #, ]
06-12 16:11:36.861 W/System.err( 4806): java.lang.ClassNotFoundException: Didn't find class "com.tencent.StubShell.TxMeShell" on path: DexPathList[[dex file "/data/data/com.antutu.ABenchMark/mix.dex", dex file "/data/data/com.antutu.ABenchMark/mix.dex", zip file "/data/app/com.antutu.ABenchMark-1/base.apk"],nativeLibraryDirectories=[/data/app/com.antutu.ABenchMark-1/lib/arm, /vendor/lib, /system/lib]]
06-12 16:11:36.861 W/System.err( 4806): 	at dalvik.system.BaseDexClassLoader.findClass(BaseDexClassLoader.java:56)
06-12 16:11:36.861 W/System.err( 4806): 	at java.lang.ClassLoader.loadClass(ClassLoader.java:511)
06-12 16:11:36.861 W/System.err( 4806): 	at java.lang.ClassLoader.loadClass(ClassLoader.java:469)
06-12 16:11:36.861 W/System.err( 4806): 	at com.tencent.StubShell.TxAppEntry.load(Native Method)
06-12 16:11:36.861 W/System.err( 4806): 	at com.tencent.StubShell.TxAppEntry.a(Unknown Source)
06-12 16:11:36.861 W/System.err( 4806): 	at com.tencent.StubShell.TxAppEntry.attachBaseContext(Unknown Source)
06-12 16:11:36.861 W/System.err( 4806): 	at android.app.Application.attach(Application.java:181)
06-12 16:11:36.861 W/System.err( 4806): 	at android.app.Instrumentation.newApplication(Instrumentation.java:1006)
06-12 16:11:36.861 W/System.err( 4806): 	at android.app.Instrumentation.newApplication(Instrumentation.java:990)
06-12 16:11:36.861 W/System.err( 4806): 	at android.app.LoadedApk.makeApplication(LoadedApk.java:558)
06-12 16:11:36.861 W/System.err( 4806): 	at android.app.ActivityThread.handleBindApplication(ActivityThread.java:4530)
06-12 16:11:36.861 W/System.err( 4806): 	at android.app.ActivityThread.access$1500(ActivityThread.java:151)
06-12 16:11:36.861 W/System.err( 4806): 	at android.app.ActivityThread$H.handleMessage(ActivityThread.java:1364)
06-12 16:11:36.861 W/System.err( 4806): 	at android.os.Handler.dispatchMessage(Handler.java:102)
06-12 16:11:36.861 W/System.err( 4806): 	at android.os.Looper.loop(Looper.java:135)
06-12 16:11:36.861 W/System.err( 4806): 	at android.app.ActivityThread.main(ActivityThread.java:5258)
06-12 16:11:36.861 W/System.err( 4806): 	at java.lang.reflect.Method.invoke(Native Method)
06-12 16:11:36.861 W/System.err( 4806): 	at java.lang.reflect.Method.invoke(Method.java:372)
06-12 16:11:36.861 W/System.err( 4806): 	at com.android.internal.os.ZygoteInit$MethodAndArgsCaller.run(ZygoteInit.java:903)
06-12 16:11:36.861 W/System.err( 4806): 	at com.android.internal.os.ZygoteInit.main(ZygoteInit.java:698)
06-12 16:11:36.861 W/System.err( 4806): 	Suppressed: java.lang.ClassNotFoundException: com.tencent.StubShell.TxMeShell
06-12 16:11:36.861 W/System.err( 4806): 		at java.lang.Class.classForName(Native Method)
06-12 16:11:36.861 W/System.err( 4806): 		at java.lang.BootClassLoader.findClass(ClassLoader.java:781)
06-12 16:11:36.861 W/System.err( 4806): 		at java.lang.BootClassLoader.loadClass(ClassLoader.java:841)
06-12 16:11:36.861 W/System.err( 4806): 		at java.lang.ClassLoader.loadClass(ClassLoader.java:504)
06-12 16:11:36.861 W/System.err( 4806): 		... 18 more
06-12 16:11:36.861 W/System.err( 4806): 	Caused by: java.lang.NoClassDefFoundError: Class not found using the boot class loader; no stack available
06-12 16:11:36.862 E/metag   ( 4806): registerNatives Fail
06-12 16:11:36.862 D/SecShell( 4806): Run start 4806
06-12 16:11:36.867 D/SecShell( 4806): make app
06-12 16:11:36.965 D/WifiService(19521): New client listening to asynchronous messages
06-12 16:11:37.043 D/ActionsViewConfiguration( 4822): tune called
06-12 16:11:37.081 W/InputAttributes( 4822): No editor info for this field. Bug?
06-12 16:11:37.142 I/LatinIME:LogUtils( 4822): Dictionary info: dictionary = PersonalizationDictionary.en_US ; version = 1528791097 ; date = ?
06-12 16:11:37.151 I/LatinIME:LogUtils( 4822): Dictionary info: dictionary = userunigram.en_US ; version = 1528791097 ; date = ?
06-12 16:11:37.156 I/LatinIME:LogUtils( 4822): Dictionary info: dictionary = ContextualDictionary.en_US ; version = 1528791097 ; date = ?
06-12 16:11:37.279 I/LatinIME:LogUtils( 4822): Dictionary info: dictionary = PersonalizationDictionary.en_US ; version = 1528791097 ; date = 1528791097
06-12 16:11:37.281 I/LatinIME:LogUtils( 4822): Dictionary info: dictionary = PersonalizationDictionary.en_US ; version = 1528791097 ; date = ?
06-12 16:11:37.284 I/LatinIME:LogUtils( 4822): Dictionary info: dictionary = PersonalizationDictionary.en_US ; version = 1528791097 ; date = ?
06-12 16:11:37.335 I/LatinIME:LogUtils( 4822): Dictionary info: dictionary = contacts.en_US ; version = 1528779318 ; date = 1528779319
06-12 16:11:37.334 I/LatinIME:LogUtils( 4822): Dictionary info: dictionary = UserHistoryDictionary.en_US ; version = 1528265717 ; date = 1528786841
06-12 16:11:37.449 W/WindowManager(19521): App freeze timeout expired.
06-12 16:11:37.449 W/WindowManager(19521): Force clearing freeze: AppWindowToken{21a68e44 token=Token{2eea3357 ActivityRecord{37ddc4d6 u0 com.antutu.ABenchMark/com.antutu.benchmark.ui.test.activity.ActivityScoreBench t48}}}
06-12 16:11:37.472 W/BufferQueueProducer(19261): [Starting com.antutu.ABenchMark] dequeueBuffer: Front buffer created
06-12 16:11:37.509 W/BufferQueueProducer(19261): [Starting com.antutu.ABenchMark] dequeueBuffer: Front buffer created
06-12 16:11:37.510 W/BufferQueueProducer(19281): [GraphicBufferSource] dequeueBuffer: Front buffer created
