06-12 16:11:37.541 I/MultiDex( 4806): VM with version 2.1.0 has multidex support
06-12 16:11:37.541 I/MultiDex( 4806): Installing application
06-12 16:11:37.541 I/MultiDex( 4806): VM has multidex support, MultiDex support library is disabled.
06-12 16:11:37.541 D/SecShell( 4806): make app failed
06-12 16:11:37.541 D/SecShell( 4806): Run success
06-12 16:11:37.545 W/BufferQueueProducer(19281): [GraphicBufferSource] dequeueBuffer: Front buffer created
06-12 16:11:37.556 I/WindowManager(19521): Screen frozen for +5s209ms due to Window{237bedf u0 Starting com.antutu.ABenchMark}
06-12 16:11:37.575 W/BufferQueueProducer(19281): [GraphicBufferSource] dequeueBuffer: Front buffer created
06-12 16:11:37.608 W/BufferQueueProducer(19281): [GraphicBufferSource] dequeueBuffer: Front buffer created
06-12 16:11:37.646 W/BufferQueueProducer(19281): [GraphicBufferSource] dequeueBuffer: Front buffer created
06-12 16:11:37.662 I/Choreographer(19521): Skipped 5 frames!  The application may be doing too much work on its main thread.
06-12 16:11:37.691 W/InputMethodManagerService(19521): Client died receiving input method InputBindResult{com.android.internal.view.IInputMethodSession$Stub$Proxy@eb4eb8c com.google.android.inputmethod.latin/com.android.inputmethod.latin.LatinIME sequence:71 userActionNotificationSequenceNumber:1}
06-12 16:11:37.831 I/LatinIME:LogUtils( 4822): Dictionary info: dictionary = main:en_us ; version = 47 ; date = 1402373181
06-12 16:11:37.833 I/LatinIME:LogUtils( 4822): Dictionary info: dictionary = main:en_us ; version = 47 ; date = 1402373181
06-12 16:11:37.848 I/MultiDex( 4806): Installing application
06-12 16:11:37.848 I/MultiDex( 4806): VM has multidex support, MultiDex support library is disabled.
06-12 16:11:40.173 I/art     (19521): Explicit concurrent mark sweep GC freed 14241(808KB) AllocSpace objects, 6(623KB) LOS objects, 33% free, 16MB/25MB, paused 1.781ms total 509.843ms
06-12 16:11:41.124 I/CameraManagerGlobal( 4806): getCameraService: Reconnecting to camera service
06-12 16:11:41.716 W/ActivityManager(19521): getRunningAppProcesses: caller 10071 does not hold REAL_GET_TASKS; limiting output
06-12 16:11:41.721 W/ActivityManager(19521): getRunningAppProcesses: caller 10071 does not hold REAL_GET_TASKS; limiting output
06-12 16:11:41.795 W/ActivityManager(19521): getRunningAppProcesses: caller 10071 does not hold REAL_GET_TASKS; limiting output
06-12 16:11:41.810 W/ActivityManager(19521): getRunningAppProcesses: caller 10071 does not hold REAL_GET_TASKS; limiting output
06-12 16:11:41.828 W/Settings( 4806): Setting android_id has moved from android.provider.Settings.System to android.provider.Settings.Secure, returning read-only value.
06-12 16:11:41.862 W/Settings( 4806): Setting android_id has moved from android.provider.Settings.System to android.provider.Settings.Secure, returning read-only value.
06-12 16:11:41.877 W/Settings( 4806): Setting android_id has moved from android.provider.Settings.System to android.provider.Settings.Secure, returning read-only value.
06-12 16:11:41.897 W/Settings( 4806): Setting android_id has moved from android.provider.Settings.System to android.provider.Settings.Secure, returning read-only value.
06-12 16:11:41.905 W/ActivityManager(19521): getRunningAppProcesses: caller 10071 does not hold REAL_GET_TASKS; limiting output
06-12 16:11:41.909 W/ActivityManager(19521): getRunningAppProcesses: caller 10071 does not hold REAL_GET_TASKS; limiting output
06-12 16:11:41.935 W/ActivityManager(19521): getRunningAppProcesses: caller 10071 does not hold REAL_GET_TASKS; limiting output
06-12 16:11:41.989 W/ActivityManager(19521): getRunningAppProcesses: caller 10071 does not hold REAL_GET_TASKS; limiting output
06-12 16:11:41.996 D/BluetoothManagerService(19521): Message: 20
06-12 16:11:41.996 D/BluetoothManagerService(19521): Added callback: android.bluetooth.IBluetoothManagerCallback$Stub$Proxy@1e405153:true
06-12 16:11:42.036 W/ActivityManager(19521): getRunningAppProcesses: caller 10071 does not hold REAL_GET_TASKS; limiting output
06-12 16:11:42.179 I/ActivityManager(19521): Start proc 5216:com.antutu.ABenchMark:push/u0a71 for service com.antutu.ABenchMark/com.xiaomi.push.service.XMPushService
06-12 16:11:42.283 E/art     ( 5216): No implementation found for void com.tencent.StubShell.TxAppEntry.fixNativeResource(android.content.res.AssetManager, java.lang.String) (tried Java_com_tencent_StubShell_TxAppEntry_fixNativeResource and Java_com_tencent_StubShell_TxAppEntry_fixNativeResource__Landroid_content_res_AssetManager_2Ljava_lang_String_2)
06-12 16:11:42.295 D/com.xiaomi.mipushsdk( 4806): [Thread:686] MIIDManager startMIIDUpdateListener failed cause lack of GET_ACCOUNTS permission
06-12 16:11:42.311 I/art     ( 4806): Note: end time exceeds epoch: 
06-12 16:11:42.328 I/art     ( 4806): Rejecting re-init on previously-failed class java.lang.Class<com.taobao.accs.utl.i$a>
06-12 16:11:42.328 I/art     ( 4806): Rejecting re-init on previously-failed class java.lang.Class<com.taobao.accs.utl.i$a>
06-12 16:11:42.338 E/art     ( 5216): No implementation found for void com.tencent.StubShell.TxAppEntry.fixUnityResource(android.content.res.AssetManager, java.lang.String) (tried Java_com_tencent_StubShell_TxAppEntry_fixUnityResource and Java_com_tencent_StubShell_TxAppEntry_fixUnityResource__Landroid_content_res_AssetManager_2Ljava_lang_String_2)
06-12 16:11:42.384 I/ActivityManager(19521): Start proc 5250:com.google.android.gms/u0a6 for service com.google.android.gms/.ads.identifier.service.AdvertisingIdService
06-12 16:11:42.392 D/FileCheckUtils( 4806): st.getAvailableBlocks()=1698553,st.getAvailableBlocks() * blockSize=6957273088
06-12 16:11:42.404 W/ActivityManager(19521): getRunningAppProcesses: caller 10071 does not hold REAL_GET_TASKS; limiting output
06-12 16:11:42.412 I/CrashReport( 5216): native library loaded
06-12 16:11:42.412 I/CrashReport( 5216): backup java method success
06-12 16:11:42.412 I/CrashReport( 5216): back up java classes success
06-12 16:11:42.567 W/art     ( 4806): Verification of void anet.channel.Config$Builder.<init>() took 156.562ms
06-12 16:11:42.574 I/CrashReport( 5216): base = 0xff591000
06-12 16:11:42.574 I/CrashReport( 5216): stacksize = 8M
06-12 16:11:42.574 I/CrashReport( 5216): guardsize = 0
06-12 16:11:42.575 I/CrashReport( 5216): getted buglyline com/tencent/bugly/legu/
06-12 16:11:42.575 I/CrashReport( 5216): it is a channel prefix com/tencent/bugly/legu/
06-12 16:11:42.575 I/CrashReport( 5216): register native log methods success
06-12 16:11:42.575 I/CrashReport( 5216): register native key-value methods success
06-12 16:11:42.575 I/CrashReport( 5216): register native methods success
06-12 16:11:42.575 I/CrashReport( 5216): setLogMode 6 current 4
06-12 16:11:42.580 W/ActivityManager(19521): getRunningAppProcesses: caller 10071 does not hold REAL_GET_TASKS; limiting output
06-12 16:11:42.580 W/ResourcesManager( 5250): Asset path '/system/framework/com.android.media.remotedisplay.jar' does not exist or contains no resources.
06-12 16:11:42.583 W/ResourcesManager( 5250): Asset path '/system/framework/com.android.location.provider.jar' does not exist or contains no resources.
06-12 16:11:42.605 D/SecShell( 5216): Start load 5216
06-12 16:11:42.606 D/SecShell( 5216): g_SdkInt:22
06-12 16:11:42.613 D/SecShell( 5216): CallObjectFunc CallObjectMethodV Exception:funcName
06-12 16:11:42.614 D/SecShell( 5216): addr:e4732000
06-12 16:11:42.614 D/SecShell( 5216): addr:e47ff000
06-12 16:11:42.614 D/SecShell( 5216): addr:e4800000
06-12 16:11:42.615 D/SecShell( 5216): addr:f3ad4000
06-12 16:11:42.618 D/SecShell( 5216): pPKN:com.antutu.ABenchMark, g_oatDexPath:/data/dalvik-cache/arm/data@app@com.antutu.ABenchMark-1@base.apk@classes.dex
06-12 16:11:42.618 D/SecShell( 5216): oatStartAddr:e3cad000
06-12 16:11:42.618 D/SecShell( 5216): dexEleLen:1
06-12 16:11:42.618 D/SecShell( 5216): i:0
06-12 16:11:42.618 D/SecShell( 5216): shellSystemCookie:f4e81950
06-12 16:11:42.618 D/SecShell( 5216): g_shellDexAddr0:f4e3ec80
06-12 16:11:42.618 D/SecShell( 5216): oatSig:ELF g_orgOatSize:11870640 11874304
06-12 16:11:42.618 D/SecShell( 5216): g_shellDexAddr:e3cae5b0, mapSize:8 orgDexOffset:450560
06-12 16:11:42.618 D/SecShell( 5216): ii:0
06-12 16:11:42.618 D/SecShell( 5216): g_shellDexAddr:e3cae5b0
06-12 16:11:42.618 D/SecShell( 5216): oatstart:e3cad000
06-12 16:11:42.618 D/SecShell( 5216): orgDexFileSize:8769520
06-12 16:11:42.618 D/SecShell( 5216): g_orgDexOffset:456112
06-12 16:11:42.639 D/WifiService(19521): New client listening to asynchronous messages
06-12 16:11:42.642 D/SecShell( 5216): yunstr3:
06-12 16:11:42.643 D/SecShell( 5216): multidex_totleSize:a4cc54
06-12 16:11:42.644 D/SecShell( 5216): start elf_hook
06-12 16:11:42.645 D/SecShell( 5216): func addr:0xef4771e1
06-12 16:11:42.645 D/SecShell( 5216): replace glob :f701e8f8 with ef4771e1
06-12 16:11:42.645 D/SecShell( 5216): replace ok!
06-12 16:11:42.645 D/SecShell( 5216): func addr:0xef4770fd
06-12 16:11:42.645 D/SecShell( 5216): replace glob :f7034535 with ef4770fd
06-12 16:11:42.645 D/SecShell( 5216): replace ok!
06-12 16:11:42.646 D/SecShell( 5216): func addr:0xef478259
06-12 16:11:42.646 D/SecShell( 5216): replace glob :f6ffd251 with ef478259
06-12 16:11:42.646 D/SecShell( 5216): replace ok!
06-12 16:11:42.646 D/SecShell( 5216): func addr:0xef477699
06-12 16:11:42.646 D/SecShell( 5216): replace glob :f701d828 with ef477699
06-12 16:11:42.646 D/SecShell( 5216): replace ok!
06-12 16:11:42.646 D/SecShell( 5216): func addr:0xef47780d
06-12 16:11:42.646 D/SecShell( 5216): replace glob :f6ff95c9 with ef47780d
06-12 16:11:42.646 D/SecShell( 5216): replace ok!
06-12 16:11:42.647 D/SecShell( 5216): end elf_hook
06-12 16:11:42.647 D/SecShell( 5216): func addr:0xef4772c1
06-12 16:11:42.647 D/SecShell( 5216): replace glob :f701e834 with ef4772c1
06-12 16:11:42.647 D/SecShell( 5216): replace ok!
06-12 16:11:42.647 D/SecShell( 5216): test art open
06-12 16:11:42.647 D/SecShell( 5216): art_mode1
06-12 16:11:42.647 D/SecShell( 5216): test art open end
06-12 16:11:42.647 D/SecShell( 5216): art fstat hook:0
06-12 16:11:42.647 D/SecShell( 5216): my mmap_hook :8769536 23 0 5216
06-12 16:11:42.647 D/SecShell( 5216): decodea:450560
06-12 16:11:42.647 D/SecShell( 5216): artOpenFile call
06-12 16:11:42.648 D/SecShell( 5216): func addr:0xf701e834
06-12 16:11:42.648 D/SecShell( 5216): replace glob :ef4772c1 with f701e834
06-12 16:11:42.648 D/SecShell( 5216): replace ok!
06-12 16:11:42.651 D/SecShell( 5216): fastest plan!
06-12 16:11:42.651 D/SecShell( 5216): multidex!
06-12 16:11:42.651 D/SecShell( 5216): multidex:2
06-12 16:11:42.652 D/SecShell( 5216): start elf_hook
06-12 16:11:42.652 D/SecShell( 5216): end elf_hook
06-12 16:11:42.652 D/SecShell( 5216): func addr:0xef4772c1
06-12 16:11:42.652 D/SecShell( 5216): replace glob :f701e834 with ef4772c1
06-12 16:11:42.652 D/SecShell( 5216): replace ok!
06-12 16:11:42.652 D/SecShell( 5216): test art open
06-12 16:11:42.652 D/SecShell( 5216): READLINK ERROR
06-12 16:11:42.652 D/SecShell( 5216): test art open end
06-12 16:11:42.652 D/SecShell( 5216): art fstat hook:0
06-12 16:11:42.652 D/SecShell( 5216): my mmap_hook :1581056 23 0 5216
06-12 16:11:42.652 D/SecShell( 5216): decodea:9220096
06-12 16:11:42.652 D/SecShell( 5216): artOpenFile call
06-12 16:11:42.652 D/SecShell( 5216): func addr:0xf701e834
06-12 16:11:42.652 D/SecShell( 5216): replace glob :ef4772c1 with f701e834
06-12 16:11:42.652 D/SecShell( 5216): replace ok!
06-12 16:11:42.652 D/SecShell( 5216): fastest plan!
06-12 16:11:42.653 W/System.err( 5216): java.lang.ClassNotFoundException: Didn't find class "com.tencent.StubShell.TxMeShell" on path: DexPathList[[dex file "/data/data/com.antutu.ABenchMark/mix.dex", dex file "/data/data/com.antutu.ABenchMark/mix.dex", zip file "/data/app/com.antutu.ABenchMark-1/base.apk"],nativeLibraryDirectories=[/data/app/com.antutu.ABenchMark-1/lib/arm, /vendor/lib, /system/lib]]
06-12 16:11:42.653 W/System.err( 5216): 	at dalvik.system.BaseDexClassLoader.findClass(BaseDexClassLoader.java:56)
06-12 16:11:42.653 W/System.err( 5216): 	at java.lang.ClassLoader.loadClass(ClassLoader.java:511)
06-12 16:11:42.653 W/System.err( 5216): 	at java.lang.ClassLoader.loadClass(ClassLoader.java:469)
06-12 16:11:42.653 W/System.err( 5216): 	at com.tencent.StubShell.TxAppEntry.load(Native Method)
06-12 16:11:42.653 W/System.err( 5216): 	at com.tencent.StubShell.TxAppEntry.a(Unknown Source)
06-12 16:11:42.653 W/System.err( 5216): 	at com.tencent.StubShell.TxAppEntry.attachBaseContext(Unknown Source)
06-12 16:11:42.653 W/System.err( 5216): 	at android.app.Application.attach(Application.java:181)
06-12 16:11:42.653 W/System.err( 5216): 	at android.app.Instrumentation.newApplication(Instrumentation.java:1006)
06-12 16:11:42.653 W/System.err( 5216): 	at android.app.Instrumentation.newApplication(Instrumentation.java:990)
06-12 16:11:42.653 W/System.err( 5216): 	at android.app.LoadedApk.makeApplication(LoadedApk.java:558)
06-12 16:11:42.653 W/System.err( 5216): 	at android.app.ActivityThread.handleBindApplication(ActivityThread.java:4530)
06-12 16:11:42.654 W/System.err( 5216): 	at android.app.ActivityThread.access$1500(ActivityThread.java:151)
06-12 16:11:42.654 W/System.err( 5216): 	at android.app.ActivityThread$H.handleMessage(ActivityThread.java:1364)
06-12 16:11:42.654 W/System.err( 5216): 	at android.os.Handler.dispatchMessage(Handler.java:102)
06-12 16:11:42.654 W/System.err( 5216): 	at android.os.Looper.loop(Looper.java:135)
06-12 16:11:42.654 W/System.err( 5216): 	at android.app.ActivityThread.main(ActivityThread.java:5258)
06-12 16:11:42.654 W/System.err( 5216): 	at java.lang.reflect.Method.invoke(Native Method)
06-12 16:11:42.654 W/System.err( 5216): 	at java.lang.reflect.Method.invoke(Method.java:372)
06-12 16:11:42.654 W/System.err( 5216): 	at com.android.internal.os.ZygoteInit$MethodAndArgsCaller.run(ZygoteInit.java:903)
06-12 16:11:42.654 W/System.err( 5216): 	at com.android.internal.os.ZygoteInit.main(ZygoteInit.java:698)
06-12 16:11:42.654 W/System.err( 5216): 	Suppressed: java.lang.ClassNotFoundException: com.tencent.StubShell.TxMeShell
06-12 16:11:42.654 W/System.err( 5216): 		at java.lang.Class.classForName(Native Method)
06-12 16:11:42.654 W/System.err( 5216): 		at java.lang.BootClassLoader.findClass(ClassLoader.java:781)
06-12 16:11:42.654 W/System.err( 5216): 		at java.lang.BootClassLoader.loadClass(ClassLoader.java:841)
06-12 16:11:42.654 W/System.err( 5216): 		at java.lang.ClassLoader.loadClass(ClassLoader.java:504)
06-12 16:11:42.654 W/System.err( 5216): 		... 18 more
06-12 16:11:42.654 W/System.err( 5216): 	Caused by: java.lang.NoClassDefFoundError: Class not found using the boot class loader; no stack available
06-12 16:11:42.654 E/metag   ( 5216): registerNatives Fail
06-12 16:11:42.654 D/SecShell( 5216): Run start 5216
06-12 16:11:42.655 D/SecShell( 5216): make app
06-12 16:11:42.697 I/MultiDex( 5216): VM with version 2.1.0 has multidex support
06-12 16:11:42.697 I/MultiDex( 5216): Installing application
06-12 16:11:42.697 I/MultiDex( 5216): VM has multidex support, MultiDex support library is disabled.
06-12 16:11:42.697 D/SecShell( 5216): make app failed
06-12 16:11:42.697 D/SecShell( 5216): Run success
06-12 16:11:42.702 I/WebViewFactory( 4806): Loading com.android.webview version 37 (eng.sting-arm) (code 199991)
06-12 16:11:42.724 I/MultiDex( 5216): Installing application
06-12 16:11:42.724 I/MultiDex( 5216): VM has multidex support, MultiDex support library is disabled.
06-12 16:11:42.732 I/art     ( 4806): Rejecting re-init on previously-failed class java.lang.Class<com.taobao.accs.utl.k>
06-12 16:11:42.733 I/art     ( 4806): Rejecting re-init on previously-failed class java.lang.Class<com.taobao.accs.utl.k>
06-12 16:11:42.734 I/art     ( 4806): Rejecting re-init on previously-failed class java.lang.Class<com.taobao.accs.utl.i$a>
06-12 16:11:42.787 I/LibraryLoader( 4806): Loading: webviewchromium
06-12 16:11:42.798 I/CameraManagerGlobal( 5216): getCameraService: Reconnecting to camera service
06-12 16:11:42.947 W/ActivityManager(19521): getRunningAppProcesses: caller 10071 does not hold REAL_GET_TASKS; limiting output
06-12 16:11:43.003 I/LibraryLoader( 4806): Time to load native libraries: 221 ms (timestamps 6403-6624)
06-12 16:11:43.003 I/LibraryLoader( 4806): Expected native library version number "",actual native library version number ""
06-12 16:11:43.034 W/ActivityManager(19521): getRunningAppProcesses: caller 10071 does not hold REAL_GET_TASKS; limiting output
06-12 16:11:43.035 W/ActivityManager(19521): getRunningAppProcesses: caller 10071 does not hold REAL_GET_TASKS; limiting output
06-12 16:11:43.053 W/ActivityManager(19521): getRunningAppProcesses: caller 10071 does not hold REAL_GET_TASKS; limiting output
06-12 16:11:43.062 W/ActivityManager(19521): getRunningAppProcesses: caller 10071 does not hold REAL_GET_TASKS; limiting output
06-12 16:11:43.071 W/ActivityManager(19521): getRunningAppProcesses: caller 10071 does not hold REAL_GET_TASKS; limiting output
06-12 16:11:43.080 W/art     ( 5250): Verification of void com.google.android.gms.common.app.GmsApplication.<clinit>() took 112.250ms
06-12 16:11:43.098 W/ActivityManager(19521): getRunningAppProcesses: caller 10071 does not hold REAL_GET_TASKS; limiting output
06-12 16:11:43.101 W/art     ( 4806): Attempt to remove local handle scope entry from IRT, ignoring
06-12 16:11:43.110 W/art     ( 4806): Long monitor contention event with owner method=int libcore.io.Memory.peekInt(long, boolean) from Memory.java:160 waiters=3 for 189ms
06-12 16:11:43.110 W/art     ( 4806): Long monitor contention event with owner method=int libcore.io.Memory.peekInt(long, boolean) from Memory.java:160 waiters=5 for 185ms
06-12 16:11:43.173 D/BluetoothManagerService(19521): checkIfCallerIsForegroundUser: valid=true callingUser=0 parentUser=-10000 foregroundUser=0
06-12 16:11:43.183 W/art     ( 5250): Verification of void com.google.android.gms.common.app.GmsApplication.<init>() took 102.250ms
06-12 16:11:43.412 W/art     ( 5250): Verification of void com.google.android.gms.common.app.GmsApplication.attachBaseContext(android.content.Context) took 154.718ms
06-12 16:11:43.438 W/ActivityManager(19521): getTasks: caller 10071 does not hold REAL_GET_TASKS; limiting output
06-12 16:11:43.439 D/IS_UNITY( 4806): false
06-12 16:11:43.452 I/art     ( 5216): Rejecting re-init on previously-failed class java.lang.Class<com.taobao.accs.utl.i$a>
06-12 16:11:43.452 I/art     ( 5216): Rejecting re-init on previously-failed class java.lang.Class<com.taobao.accs.utl.i$a>
06-12 16:11:43.463 D/AdInternalSettings( 4806): Test mode device hash: 46417c2e-cecb-4322-b706-bdc41df17062
06-12 16:11:43.464 D/AdInternalSettings( 4806): When testing your app with Facebook's ad units you must specify the device hashed ID to ensure the delivery of test ads, add the following code before loading an ad: AdSettings.addTestDevice("46417c2e-cecb-4322-b706-bdc41df17062");
06-12 16:11:43.476 W/ActivityManager(19521): getTasks: caller 10071 does not hold REAL_GET_TASKS; limiting output
06-12 16:11:43.477 D/IS_UNITY( 4806): false
06-12 16:11:43.480 W/ActivityManager(19521): getRunningAppProcesses: caller 10071 does not hold REAL_GET_TASKS; limiting output
06-12 16:11:43.564 D/FileCheckUtils( 5216): st.getAvailableBlocks()=1698550,st.getAvailableBlocks() * blockSize=6957260800
06-12 16:11:43.688 I/WebViewFactory( 5216): Loading com.android.webview version 37 (eng.sting-arm) (code 199991)
06-12 16:11:43.706 I/LibraryLoader( 5216): Loading: webviewchromium
06-12 16:11:43.708 I/LibraryLoader( 5216): Time to load native libraries: 2 ms (timestamps 7327-7329)
06-12 16:11:43.709 I/LibraryLoader( 5216): Expected native library version number "",actual native library version number ""
06-12 16:11:43.713 W/art     ( 5216): Attempt to remove local handle scope entry from IRT, ignoring
06-12 16:11:43.773 D/AL_LIBC ( 5309): pid = 5309
06-12 16:11:43.774 D/AndroidRuntime( 5309): >>>>>> START com.android.internal.os.RuntimeInit uid 10071 <<<<<<
06-12 16:11:43.788 D/AndroidRuntime( 5309): CheckJNI is OFF
06-12 16:11:43.842 I/ActivityManager(19521): START u0 {act=android.intent.action.MAIN cat=[android.intent.category.HOME] flg=0x10200000 cmp=com.android.launcher/com.android.launcher2.Launcher} from uid 1000 on display 0
06-12 16:11:43.844 D/com.umeng.message.proguard.l( 4806): appLaunchAt=1528774825099
06-12 16:11:43.852 W/ActivityManager(19521): getRunningAppProcesses: caller 10071 does not hold REAL_GET_TASKS; limiting output
06-12 16:11:43.878 W/BufferQueueProducer(19521): [ScreenshotClient] dequeueBuffer: Front buffer created
06-12 16:11:43.919 I/ActivityManager(19521): Start proc 5355:com.android.launcher/u0a10 for activity com.android.launcher/com.android.launcher2.Launcher
06-12 16:11:43.925 D/ActionsViewConfiguration( 4806): tune called
06-12 16:11:43.956 I/ActivityManager(19521): Start proc 5377:com.google.process.gapps/u0a6 for content provider com.google.android.gsf/.gservices.GservicesProvider
06-12 16:11:43.959 D/PFS     (  185): echo 3007 ----> /sys/devices/e0600000.gpu/policy 
06-12 16:11:43.959 I/Choreographer(19637): Skipped 5 frames!  The application may be doing too much work on its main thread.
06-12 16:11:43.971 W/ActivityManager(19521): getRunningAppProcesses: caller 10071 does not hold REAL_GET_TASKS; limiting output
06-12 16:11:43.972 I/art     ( 5216): Rejecting re-init on previously-failed class java.lang.Class<com.taobao.accs.utl.i$a>
06-12 16:11:43.980 E/cutils-trace( 5309): Error opening trace file: Permission denied (13)
06-12 16:11:44.011 I/AppCompatViewInflater( 4806): app:theme is now deprecated. Please move to using android:theme instead.
06-12 16:11:44.069 E/memtrack( 5309): Couldn't load memtrack module (No such file or directory)
06-12 16:11:44.069 E/android.os.Debug( 5309): failed to load memtrack module: -2
06-12 16:11:44.134 D/AndroidRuntime( 5309): Calling main entry com.android.commands.pm.Pm
06-12 16:11:44.183 I/GservicesProvider( 5377): Gservices pushing to system: true; secure/global: true
06-12 16:11:44.183 I/art     ( 5309): System.exit called, status: 0
06-12 16:11:44.183 I/AndroidRuntime( 5309): VM exiting with result code 0.
06-12 16:11:44.188 D/ActionsViewConfiguration( 5355): tune called
06-12 16:11:44.219 D/OpenGLRenderer( 4806): Use EGL_SWAP_BEHAVIOR_PRESERVED: true
06-12 16:11:44.234 D/Atlas   ( 4806): Validating map...
06-12 16:11:44.240 V/WindowManager(19521): Adding window Window{19ae594d u0 com.antutu.ABenchMark/com.antutu.benchmark.ui.test.activity.ActivityScoreBench} at 1 of 8 (before Window{237bedf u0 Starting com.antutu.ABenchMark})
06-12 16:11:44.274 W/ActivityManager(19521): getTasks: caller 10071 does not hold REAL_GET_TASKS; limiting output
06-12 16:11:44.318 D/IS_UNITY( 5216): false
06-12 16:11:44.336 D/AdInternalSettings( 5216): Test mode device hash: 46417c2e-cecb-4322-b706-bdc41df17062
06-12 16:11:44.336 D/AdInternalSettings( 5216): When testing your app with Facebook's ad units you must specify the device hashed ID to ensure the delivery of test ads, add the following code before loading an ad: AdSettings.addTestDevice("46417c2e-cecb-4322-b706-bdc41df17062");
06-12 16:11:44.339 W/art     ( 4806): Suspending all threads took: 5.343ms
06-12 16:11:44.351 W/ActivityManager(19521): getTasks: caller 10071 does not hold REAL_GET_TASKS; limiting output
06-12 16:11:44.351 D/IS_UNITY( 5216): false
06-12 16:11:44.364 W/ActivityManager(19521): getRunningAppProcesses: caller 10071 does not hold REAL_GET_TASKS; limiting output
06-12 16:11:44.433 I/GoogleHttpClient( 5377): GMS http client unavailable, use old client
06-12 16:11:44.482 I/GoogleHttpClient( 5377): GMS http client unavailable, use old client
06-12 16:11:44.595 D/com.xiaomi.mipushsdk( 5216): [Thread:718] JOB: prepare the mi push account.
06-12 16:11:44.596 W/ActivityManager(19521): getRunningAppProcesses: caller 10071 does not hold REAL_GET_TASKS; limiting output
06-12 16:11:44.609 D/com.xiaomi.mipushsdk( 5216): [Thread:1] XMPushService created pid = 5216
06-12 16:11:44.628 W/ActivityManager(19521): getRunningAppProcesses: caller 10071 does not hold REAL_GET_TASKS; limiting output
06-12 16:11:44.632 I/art     ( 5216): Note: end time exceeds epoch: 
06-12 16:11:44.664 W/art     ( 5250): Verification of bjzu ows.a(android.content.Context, boolean, java.lang.String, int, java.lang.Integer, oxu, bbvy) took 119.312ms
06-12 16:11:44.696 I/Choreographer( 4806): Skipped 22 frames!  The application may be doing too much work on its main thread.
06-12 16:11:44.717 D/com.xiaomi.mipushsdk( 5216): [Thread:718] JOB: Handle intent action = com.xiaomi.mipush.SEND_MESSAGE
06-12 16:11:44.718 D/com.xiaomi.mipushsdk( 5216): [Thread:718] JOB: Handle intent action = com.xiaomi.mipush.SEND_MESSAGE
06-12 16:11:44.725 D/com.xiaomi.mipushsdk( 5216): [Thread:718] JOB: Handle intent action = com.xiaomi.mipush.SEND_MESSAGE
06-12 16:11:44.728 I/art     ( 5216): Note: end time exceeds epoch: 
06-12 16:11:44.730 D/com.xiaomi.mipushsdk( 5216): [Thread:718] JOB: Handle intent action = com.xiaomi.mipush.SEND_MESSAGE
06-12 16:11:44.734 D/com.xiaomi.mipushsdk( 5216): [Thread:718] JOB: Handle intent action = com.xiaomi.mipush.SEND_MESSAGE
06-12 16:11:44.736 D/com.xiaomi.mipushsdk( 5216): [Thread:718] JOB: Handle intent action = com.xiaomi.mipush.SEND_MESSAGE
06-12 16:11:44.738 I/art     ( 5216): Note: end time exceeds epoch: 
06-12 16:11:44.738 D/com.xiaomi.mipushsdk( 5216): [Thread:718] JOB: Handle intent action = com.xiaomi.mipush.SEND_MESSAGE
06-12 16:11:44.743 I/art     ( 5216): Note: end time exceeds epoch: 
06-12 16:11:44.743 D/com.xiaomi.mipushsdk( 5216): [Thread:718] JOB: Handle intent action = com.xiaomi.mipush.SEND_MESSAGE
06-12 16:11:44.752 I/art     ( 5216): Note: end time exceeds epoch: 
06-12 16:11:44.758 D/com.xiaomi.mipushsdk( 5216): [Thread:718] JOB: Handle intent action = com.xiaomi.mipush.SEND_MESSAGE
06-12 16:11:44.759 D/com.xiaomi.mipushsdk( 5216): [Thread:718] JOB: Handle intent action = com.xiaomi.mipush.SEND_MESSAGE
06-12 16:11:44.759 D/com.xiaomi.mipushsdk( 5216): [Thread:718] JOB: Handle intent action = com.xiaomi.mipush.SEND_MESSAGE
06-12 16:11:44.759 D/com.xiaomi.mipushsdk( 5216): [Thread:718] JOB: Handle intent action = com.xiaomi.mipush.SEND_MESSAGE
06-12 16:11:44.760 D/com.xiaomi.mipushsdk( 5216): [Thread:718] JOB: Handle intent action = com.xiaomi.mipush.SEND_MESSAGE
06-12 16:11:44.760 D/com.xiaomi.mipushsdk( 5216): [Thread:718] JOB: Handle intent action = com.xiaomi.mipush.SEND_MESSAGE
06-12 16:11:44.760 D/com.xiaomi.mipushsdk( 5216): [Thread:718] JOB: Handle intent action = com.xiaomi.mipush.SEND_MESSAGE
06-12 16:11:44.766 I/art     ( 5216): Note: end time exceeds epoch: 
06-12 16:11:44.767 W/art     ( 4806): Suspending all threads took: 6.218ms
06-12 16:11:44.888 W/ResourceType(19637): No package identifier when getting value for resource number 0x00000000
06-12 16:11:44.888 W/PackageManager(19637): Failure retrieving resources for com.antutu.benchmark.full: Resource ID #0x0
06-12 16:11:44.906 W/ResourceType(19637): No package identifier when getting value for resource number 0x00000000
06-12 16:11:44.908 W/PackageManager(19637): Failure retrieving resources for com.antutu.ABenchMark: Resource ID #0x0
06-12 16:11:44.917 W/ResourcesManager( 5355): Asset path '/system/framework/com.google.android.media.effects.jar' does not exist or contains no resources.
06-12 16:11:44.981 D/cmcm_support_jni( 4806): Success to load /data/data/com.antutu.ABenchMark/files/kfmt.dat
06-12 16:11:45.025 I/Choreographer( 4806): Skipped 15 frames!  The application may be doing too much work on its main thread.
06-12 16:11:45.049 I/Choreographer( 4806): Skipped 1 frames!  The application may be doing too much work on its main thread.
06-12 16:11:45.115 I/Choreographer( 4806): Skipped 2 frames!  The application may be doing too much work on its main thread.
06-12 16:11:45.206 I/ActivityManager(19521): Start proc 5462:com.google.android.gms.persistent/u0a6 for content provider com.google.android.gms/.instantapps.routing.InstantAppsContentProvider
06-12 16:11:45.229 W/ResourcesManager( 5462): Asset path '/system/framework/com.android.media.remotedisplay.jar' does not exist or contains no resources.
06-12 16:11:45.229 W/ResourcesManager( 5462): Asset path '/system/framework/com.android.location.provider.jar' does not exist or contains no resources.
06-12 16:11:45.364 D/DaemonSocket( 4806): sendCmd: check
06-12 16:11:45.366 W/DaemonSocket( 4806): failed to connect to localhost/127.0.0.1 (port 33999): connect failed: ECONNREFUSED (Connection refused)
06-12 16:11:45.366 D/DaemonSocket( 4806): check response: null
06-12 16:11:45.379 I/art     (19521): Explicit concurrent mark sweep GC freed 13721(765KB) AllocSpace objects, 12(377KB) LOS objects, 33% free, 17MB/26MB, paused 2.062ms total 66.281ms
06-12 16:11:45.392 D/DaemonUtil( 4806): cmd: export CLASSPATH=/data/app/com.antutu.ABenchMark-1/base.apk
06-12 16:11:45.392 D/DaemonUtil( 4806): cmd: exec /system/bin/app_process /data/app com.antutu.utils.process.Daemon 4806 com.antutu.ABenchMark /data/app/com.antutu.ABenchMark-1/base.apk app=com.antutu.ABenchMark channel=99999 did=e8bbbbc521473cce version=7.1.0 &
06-12 16:11:45.392 I/DaemonUtil( 4806): start daemon success
06-12 16:11:45.471 E/Launcher.Model( 5355): Error loading shortcut Item(id=8 type=2 container=-100 screen=2 cellX=0 cellY=3 spanX=1 spanY=1 dropPos=null user=UserHandle{0}) into cell (2-2:0,3) occupied by ShortcutInfo(title=Cameraintent=Intent { act=android.intent.action.MAIN cat=[android.intent.category.LAUNCHER] flg=0x10200000 cmp=com.android.camera2/com.android.camera.CameraLauncher (has extras) }id=3 type=0 container=-100 screen=2 cellX=0 cellY=3 spanX=1 spanY=1 dropPos=null)
06-12 16:11:45.490 D/OpenGLRenderer( 5355): Use EGL_SWAP_BEHAVIOR_PRESERVED: true
06-12 16:11:45.496 D/Atlas   ( 5355): Validating map...
06-12 16:11:45.510 V/WindowManager(19521): Adding window Window{2b4bf45e u0 com.android.launcher/com.android.launcher2.Launcher} at 4 of 9 (after Window{3f500ec4 u0 com.android.systemui/com.android.systemui.recents.RecentsActivity})
06-12 16:11:45.600 I/OpenGLRenderer( 5355): Initialized EGL, version 1.4
06-12 16:11:45.600 W/OpenGLRenderer( 5355): Failed to choose config with EGL_SWAP_BEHAVIOR_PRESERVED, retrying without...
06-12 16:11:45.608 D/AL_LIBC ( 5484): pid = 5484
06-12 16:11:45.609 D/AndroidRuntime( 5484): >>>>>> START com.android.internal.os.RuntimeInit uid 10071 <<<<<<
06-12 16:11:45.612 D/AndroidRuntime( 5484): CheckJNI is OFF
06-12 16:11:45.628 D/OpenGLRenderer( 5355): Enabling debug mode 0
06-12 16:11:45.633 W/BufferQueueProducer(19261): [com.android.launcher/com.android.launcher2.Launcher] dequeueBuffer: Front buffer created
06-12 16:11:45.641 I/Choreographer( 5355): Skipped 4 frames!  The application may be doing too much work on its main thread.
06-12 16:11:45.646 E/cutils-trace( 5484): Error opening trace file: Permission denied (13)
06-12 16:11:45.657 E/appproc ( 5484): ERROR: could not find class 'com.antutu.utils.process.Daemon'
06-12 16:11:45.657 F/art     ( 5484): art/runtime/thread.cc:1143] No pending exception expected: java.lang.ClassNotFoundException: Didn't find class "com.antutu.utils.process.Daemon" on path: DexPathList[[zip file "/data/app/com.antutu.ABenchMark-1/base.apk"],nativeLibraryDirectories=[/vendor/lib, /system/lib]]
06-12 16:11:45.657 F/art     ( 5484): art/runtime/thread.cc:1143]   at java.lang.Class dalvik.system.BaseDexClassLoader.findClass(java.lang.String) (BaseDexClassLoader.java:56)
06-12 16:11:45.657 F/art     ( 5484): art/runtime/thread.cc:1143]   at java.lang.Class java.lang.ClassLoader.loadClass(java.lang.String, boolean) (ClassLoader.java:511)
06-12 16:11:45.657 F/art     ( 5484): art/runtime/thread.cc:1143]   at java.lang.Class java.lang.ClassLoader.loadClass(java.lang.String) (ClassLoader.java:469)
06-12 16:11:45.657 F/art     ( 5484): art/runtime/thread.cc:1143] 
06-12 16:11:45.728 V/NativeCrypto( 5250): Registering com/google/android/gms/org/conscrypt/NativeCrypto's 280 native methods...
06-12 16:11:45.728 V/NativeCrypto( 5462): Registering com/google/android/gms/org/conscrypt/NativeCrypto's 280 native methods...
06-12 16:11:45.754 W/InputMethodManagerService(19521): Got RemoteException sending setActive(false) notification to pid 4049 uid 10072
06-12 16:11:45.755 I/Choreographer( 5355): Skipped 5 frames!  The application may be doing too much work on its main thread.
06-12 16:11:45.760 I/ActivityManager(19521): Displayed com.android.launcher/com.android.launcher2.Launcher: +1s875ms
06-12 16:11:45.798 I/art     ( 5462): Rejecting re-init on previously-failed class java.lang.Class<com.google.android.gms.org.conscrypt.Java7ExtendedSSLSession>
06-12 16:11:45.798 I/art     ( 5462): Rejecting re-init on previously-failed class java.lang.Class<com.google.android.gms.org.conscrypt.Java7ExtendedSSLSession>
06-12 16:11:45.799 I/art     ( 5462): Rejecting re-init on previously-failed class java.lang.Class<com.google.android.gms.org.conscrypt.Java7ExtendedSSLSession>
06-12 16:11:45.799 W/art     ( 5462): dex_file 4693   resolved= Lcom/google/android/gms/org/conscrypt/Java7ExtendedSSLSession;
06-12 16:11:45.799 I/art     ( 5462): Rejecting re-init on previously-failed class java.lang.Class<com.google.android.gms.org.conscrypt.Java8ExtendedSSLSession>
06-12 16:11:45.799 I/art     ( 5462): Rejecting re-init on previously-failed class java.lang.Class<com.google.android.gms.org.conscrypt.Java8ExtendedSSLSession>
06-12 16:11:45.802 I/art     ( 5250): Rejecting re-init on previously-failed class java.lang.Class<com.google.android.gms.org.conscrypt.Java7ExtendedSSLSession>
06-12 16:11:45.802 I/art     ( 5250): Rejecting re-init on previously-failed class java.lang.Class<com.google.android.gms.org.conscrypt.Java7ExtendedSSLSession>
06-12 16:11:45.803 I/art     ( 5250): Rejecting re-init on previously-failed class java.lang.Class<com.google.android.gms.org.conscrypt.Java7ExtendedSSLSession>
06-12 16:11:45.803 W/art     ( 5250): dex_file 4693   resolved= Lcom/google/android/gms/org/conscrypt/Java7ExtendedSSLSession;
06-12 16:11:45.805 I/art     ( 5250): Rejecting re-init on previously-failed class java.lang.Class<com.google.android.gms.org.conscrypt.Java8ExtendedSSLSession>
06-12 16:11:45.806 I/art     ( 5250): Rejecting re-init on previously-failed class java.lang.Class<com.google.android.gms.org.conscrypt.Java8ExtendedSSLSession>
06-12 16:11:45.880 F/art     ( 5484): art/runtime/runtime.cc:289] Runtime aborting...
06-12 16:11:45.880 F/art     ( 5484): art/runtime/runtime.cc:289] Aborting thread:
06-12 16:11:45.880 F/art     ( 5484): art/runtime/runtime.cc:289] "main" prio=5 tid=1 Runnable
06-12 16:11:45.880 F/art     ( 5484): art/runtime/runtime.cc:289]   | group="" sCount=0 dsCount=0 obj=0x12c28160 self=0xf5027800
06-12 16:11:45.880 F/art     ( 5484): art/runtime/runtime.cc:289]   | sysTid=5484 nice=0 cgrp=default sched=0/0 handle=0xf77e9bec
06-12 16:11:45.880 F/art     ( 5484): art/runtime/runtime.cc:289]   | state=R schedstat=( 233218749 16312500 141 ) utm=19 stm=4 core=0 HZ=100
06-12 16:11:45.880 F/art     ( 5484): art/runtime/runtime.cc:289]   | stack=0xff7b2000-0xff7b4000 stackSize=8MB
06-12 16:11:45.880 F/art     ( 5484): art/runtime/runtime.cc:289]   | held mutexes= "abort lock" "mutator lock"(shared held)
06-12 16:11:45.880 F/art     ( 5484): art/runtime/runtime.cc:289]   native: #00 pc 00004ef0  /system/lib/libbacktrace_libc++.so (UnwindCurrent::Unwind(unsigned int, ucontext*)+23)
06-12 16:11:45.880 F/art     ( 5484): art/runtime/runtime.cc:289]   native: #01 pc 000036d5  /system/lib/libbacktrace_libc++.so (Backtrace::Unwind(unsigned int, ucontext*)+8)
06-12 16:11:45.880 F/art     ( 5484): art/runtime/runtime.cc:289]   native: #02 pc 00247689  /system/lib/libart.so (art::DumpNativeStack(std::__1::basic_ostream<char, std::__1::char_traits<char> >&, int, char const*, art::mirror::ArtMethod*)+68)
06-12 16:11:45.880 F/art     ( 5484): art/runtime/runtime.cc:289]   native: #03 pc 0022ba31  /system/lib/libart.so (art::Thread::Dump(std::__1::basic_ostream<char, std::__1::char_traits<char> >&) const+144)
06-12 16:11:45.880 F/art     ( 5484): art/runtime/runtime.cc:289]   native: #04 pc 0021bba7  /system/lib/libart.so (art::AbortState::DumpThread(std::__1::basic_ostream<char, std::__1::char_traits<char> >&, art::Thread*)+22)
06-12 16:11:45.880 F/art     ( 5484): art/runtime/runtime.cc:289]   native: #05 pc 0021bde5  /system/lib/libart.so (art::AbortState::Dump(std::__1::basic_ostream<char, std::__1::char_traits<char> >&)+324)
06-12 16:11:45.880 F/art     ( 5484): art/runtime/runtime.cc:289]   native: #06 pc 0021bfd9  /system/lib/libart.so (art::Runtime::Abort()+72)
06-12 16:11:45.880 F/art     ( 5484): art/runtime/runtime.cc:289]   native: #07 pc 000a6ebb  /system/lib/libart.so (art::LogMessage::~LogMessage()+1322)
06-12 16:11:45.880 F/art     ( 5484): art/runtime/runtime.cc:289]   native: #08 pc 00229927  /system/lib/libart.so (art::Thread::AssertNoPendingException() const+358)
06-12 16:11:45.880 F/art     ( 5484): art/runtime/runtime.cc:289]   native: #09 pc 000d7a37  /system/lib/libart.so (art::ClassLinker::FindClass(art::Thread*, char const*, art::Handle<art::mirror::ClassLoader>)+14)
06-12 16:11:45.880 F/art     ( 5484): art/runtime/runtime.cc:289]   native: #10 pc 001d1b83  /system/lib/libart.so (art::JNI::FindClass(_JNIEnv*, char const*)+806)
06-12 16:11:45.880 F/art     ( 5484): art/runtime/runtime.cc:289]   native: #11 pc 00001ee9  /system/lib/libnativehelper.so (jniRegisterNativeMethods+20)
06-12 16:11:45.880 F/art     ( 5484): art/runtime/runtime.cc:289]   native: #12 pc 0005f8c1  /system/lib/libandroid_runtime.so (???)
06-12 16:11:45.880 F/art     ( 5484): art/runtime/runtime.cc:289]   native: #13 pc 00060995  /system/lib/libandroid_runtime.so (android::AndroidRuntime::startReg(_JNIEnv*)+28)
06-12 16:11:45.880 F/art     ( 5484): art/runtime/runtime.cc:289]   native: #14 pc 00060ad9  /system/lib/libandroid_runtime.so (android::AndroidRuntime::start(char const*, android::Vector<android::String8> const&)+284)
06-12 16:11:45.880 F/art     ( 5484): art/runtime/runtime.cc:289]   native: #15 pc 00001675  /system/bin/app_process32 (???)
06-12 16:11:45.880 F/art     ( 5484): art/runtime/runtime.cc:289]   native: #16 pc 00012eed  /system/lib/libc.so (__libc_init+48)
06-12 16:11:45.880 F/art     ( 5484): art/runtime/runtime.cc:289]   native: #17 pc 000017b0  /system/bin/app_process32 (???)
06-12 16:11:45.880 F/art     ( 5484): art/runtime/runtime.cc:289]   (no managed stack frames)
06-12 16:11:45.880 F/art     ( 5484): art/runtime/runtime.cc:289] Pending exception java.lang.ClassNotFoundException thrown by 'unknown throw location'
06-12 16:11:45.880 F/art     ( 5484): art/runtime/runtime.cc:289] java.lang.ClassNotFoundException: Didn't find class "com.antutu.utils.process.Daemon" on path: DexPathList[[zip file "/data/app/com.antutu.ABenchMark-1/base.apk"],nativeLibraryDirectories=[/vendor/lib, /system/lib]]
06-12 16:11:45.880 F/art     ( 5484): art/runtime/runtime.cc:289]   at java.lang.Class dalvik.system.BaseDexClassLoader.findClass(java.lang.String) (BaseDexClassLoader.java:56)
06-12 16:11:45.880 F/art     ( 5484): art/runtime/runtime.cc:289]   at java.lang.Class java.lang.ClassLoader.loadClass(java.lang.String, boolean) (ClassLoader.java:511)
06-12 16:11:45.880 F/art     ( 5484): art/runtime/runtime.cc:289]   at java.lang.Class java.lang.ClassLoader.loadClass(java.lang.String) (ClassLoader.java:469)
06-12 16:11:45.880 F/art     ( 5484): art/runtime/runtime.cc:289] Dumping all threads without appropriate locks held: thread list lock
06-12 16:11:45.880 F/art     ( 5484): art/runtime/runtime.cc:289] All threads:
06-12 16:11:45.880 F/art     ( 5484): art/runtime/runtime.cc:289] DALVIK THREADS (11):
06-12 16:11:45.880 F/art     ( 5484): art/runtime/runtime.cc:289] "main" prio=5 tid=1 Runnable
06-12 16:11:45.880 F/art     ( 5484): art/runtime/runtime.cc:289]   | group="" sCount=0 dsCount=0 obj=0x12c28160 self=0xf5027800
06-12 16:11:45.880 F/art     ( 5484): art/runtime/runtime.cc:289]   | sysTid=5484 nice=0 cgrp=default sched=0/0 handle=0xf77e9bec
06-12 16:11:45.880 F/art     ( 5484): art/runtime/runtime.cc:289]   | state=R schedstat=( 246093749 24500000 149 ) utm=19 stm=5 core=1 HZ=100
06-12 16:11:45.880 F/art     ( 5484): art/runtime/runtime.cc:289]   | stack=0xff7b2000-0xff7b4000 stackSize=8MB
06-12 16:11:45.880 F/art     ( 5484): art/runtime/runtime.cc:289]   | held mutexes= "abort lock" "mutator lock"(shared held)
06-12 16:11:45.880 F/art     ( 5484): art/runtime/runtime.cc:289]   native: #00 pc 00004ef0  /system/lib/libbacktrace_libc++.so (UnwindCurrent::Unwind(unsigned int, ucontext*)+23)
06-12 16:11:45.880 F/art     ( 5484): art/runtime/runtime.cc:289]   native: #01 pc 000036d5  /system/lib/libbacktrace_libc++.so (Backtrace::Unwind(unsigned int, ucontext*)+8)
06-12 16:11:45.880 F/art     ( 5484): art/runtime/runtime.cc:289]   native: #02 pc 00247689  /system/lib/libart.so (art::DumpNativeStack(std::__1::basic_ostream<char, std::__1::char_traits<char> >&, int, char const*, art::mirror::ArtMethod*)+68)
06-12 16:11:45.880 F/art     ( 5484): art/runtime/runtime.cc:289]   native: #03 pc 0022ba31  /system/lib/libart.so (art::Thread::Dump(std::__1::basic_ostream<char, std::__1::char_traits<char> >&) const+144)
06-12 16:11:45.880 F/art     ( 5484): art/runtime/runtime.cc:289]   native: #04 pc 00234b19  /system/lib/libart.so (art::ThreadList::DumpLocked(std::__1::basic_ostream<char, std::__1::char_traits<char> >&)+104)
06-12 16:11:45.880 F/art     ( 5484): art/runtime/runtime.cc:289]   native: #05 pc 0021bd8d  /system/lib/libart.so (art::AbortState::Dump(std::__1::basic_ostream<char, std::__1::char_traits<char> >&)+236)
06-12 16:11:45.880 F/art     ( 5484): art/runtime/runtime.cc:289]   native: #06 pc 0021bfd9  /system/lib/libart.so (art::Runtime::Abort()+72)
06-12 16:11:45.880 F/art     ( 5484): art/runtime/runtime.cc:289]   native: #07 pc 000a6ebb  /system/lib/libart.so (art::LogMessage::~LogMessage()+1322)
06-12 16:11:45.880 F/art     ( 5484): art/runtime/runtime.cc:289]   native: #08 pc 00229927  /system/lib/libart.so (art::Thread::AssertNoPendingException() const+358)
06-12 16:11:45.880 F/art     ( 5484): art/runtime/runtime.cc:289]   native: #09 pc 000d7a37  /system/lib/libart.so (art::ClassLinker::FindClass(art::Thread*, char const*, art::Handle<art::mirror::ClassLoader>)+14)
06-12 16:11:45.880 F/art     ( 5484): art/runtime/runtime.cc:289]   native: #10 pc 001d1b83  /system/lib/libart.so (art::JNI::FindClass(_JNIEnv*, char const*)+806)
06-12 16:11:45.880 F/art     ( 5484): art/runtime/runtime.cc:289]   native: #11 pc 00001ee9  /system/lib/libnativehelper.so (jniRegisterNativeMethods+20)
06-12 16:11:45.880 F/art     ( 5484): art/runtime/runtime.cc:289]   native: #12 pc 0005f8c1  /system/lib/libandroid_runtime.so (???)
06-12 16:11:45.880 F/art     ( 5484): art/runtime/runtime.cc:289]   native: #13 pc 00060995  /system/lib/libandroid_runtime.so (android::AndroidRuntime::startReg(_JNIEnv*)+28)
06-12 16:11:45.880 F/art     ( 5484): art/runtime/runtime.cc:289]   native: #14 pc 00060ad9  /system/lib/libandroid_runtime.so (android::AndroidRuntime::start(char const*, android::Vector<android::String8> const&)+284)
06-12 16:11:45.880 F/art     ( 5484): art/runtime/runtime.cc:289]   native: #15 pc 00001675  /system/bin/app_process32 (???)
06-12 16:11:45.880 F/art     ( 5484): art/runtime/runtime.cc:289]   native: #16 pc 00012eed  /system/lib/libc.so (__libc_init+48)
06-12 16:11:45.880 F/art     ( 5484): art/runtime/runtime.cc:289]   native: #17 pc 000017b0  /system/bin/app_process32 (???)
06-12 16:11:45.880 F/art     ( 5484): art/runtime/runtime.cc:289]   (no managed stack frames)
06-12 16:11:45.880 F/art     ( 5484): art/runtime/runtime.cc:289] 
06-12 16:11:45.880 F/art     ( 5484): art/runtime/runtime.cc:289] "Heap thread pool worker thread 0" prio=5 tid=2 Native (still starting up)
06-12 16:11:45.880 F/art     ( 5484): art/runtime/runtime.cc:289]   | group="" sCount=0 dsCount=0 obj=0x0 self=0xef026400
06-12 16:11:45.880 F/art     ( 5484): art/runtime/runtime.cc:289]   | sysTid=5490 nice=0 cgrp=default sched=0/0 handle=0xf5108080
06-12 16:11:45.880 F/art     ( 5484): art/runtime/runtime.cc:289]   | state=S schedstat=( 687500 2156250 9 ) utm=0 stm=0 core=3 HZ=100
06-12 16:11:45.880 F/art     ( 5484): art/runtime/runtime.cc:289]   | stack=0xef7ed000-0xef7ef000 stackSize=1020KB
06-12 16:11:45.880 F/art     ( 5484): art/runtime/runtime.cc:289]   | held mutexes=
06-12 16:11:45.880 F/art     ( 5484): art/runtime/runtime.cc:289]   kernel: __switch_to+0x6c/0x84
06-12 16:11:45.880 F/art     ( 5484): art/runtime/runtime.cc:289]   kernel: futex_wait_queue_me+0xcc/0x158
06-12 16:11:45.880 F/art     ( 5484): art/runtime/runtime.cc:289]   kernel: futex_wait+0xe4/0x234
06-12 16:11:45.880 F/art     ( 5484): art/runtime/runtime.cc:289]   kernel: do_futex+0x198/0x9d4
06-12 16:11:45.880 F/art     ( 5484): art/runtime/runtime.cc:289]   kernel: compat_SyS_futex+0x8c/0x158
06-12 16:11:45.880 F/art     ( 5484): art/runtime/runtime.cc:289]   kernel: cpu_switch_to+0x48/0x4c
06-12 16:11:45.880 F/art     ( 5484): art/runtime/runtime.cc:289]   native: #00 pc 000134b0  /system/lib/libc.so (syscall+28)
06-12 16:11:45.880 F/art     ( 5484): art/runtime/runtime.cc:289]   native: #01 pc 000a987f  /system/lib/libart.so (art::ConditionVariable::Wait(art::Thread*)+82)
06-12 16:11:45.880 F/art     ( 5484): art/runtime/runtime.cc:289]   native: #02 pc 00235d07  /system/lib/libart.so (art::ThreadPool::GetTask(art::Thread*)+50)
06-12 16:11:45.880 F/art     ( 5484): art/runtime/runtime.cc:289]   native: #03 pc 00235cad  /system/lib/libart.so (art::ThreadPoolWorker::Run()+52)
06-12 16:11:45.880 F/art     ( 5484): art/runtime/runtime.cc:289]   native: #04 pc 002364e9  /system/lib/libart.so (art::ThreadPoolWorker::Callback(void*)+52)
06-12 16:11:45.880 F/art     ( 5484): art/runtime/runtime.cc:289]   native: #05 pc 00016fa3  /system/lib/libc.so (__pthread_start(void*)+30)
06-12 16:11:45.880 F/art     ( 5484): art/runtime/runtime.cc:289]   native: #06 pc 00014edf  /system/lib/libc.so (__start_thread+6)
06-12 16:11:45.880 F/art     ( 5484): art/runtime/runtime.cc:289]   (no managed stack frames)
06-12 16:11:45.880 F/art     ( 5484): art/runtime/runtime.cc:289] 
06-12 16:11:45.880 F/art     ( 5484): art/runtime/runtime.cc:289] "Heap thread pool worker thread 1" prio=5 tid=3 Native (still starting up)
06-12 16:11:45.880 F/art     ( 5484): art/runtime/runtime.cc:289]   | group="" sCount=0 dsCount=0 obj=0x0 self=0xf5028400
06-12 16:11:45.880 F/art     ( 5484): art/runtime/runtime.cc:289]   | sysTid=5491 nice=0 cgrp=default sched=0/0 handle=0xf5108300
06-12 16:11:45.880 F/art     ( 5484): art/runtime/runtime.cc:289]   | state=S schedstat=( 531250 281250 7 ) utm=0 stm=0 core=3 HZ=100
06-12 16:11:45.880 F/art     ( 5484): art/runtime/runtime.cc:289]   | stack=0xef6ed000-0xef6ef000 stackSize=1020KB
06-12 16:11:45.881 F/art     ( 5484): art/runtime/runtime.cc:289]   | held mutexes=
06-12 16:11:45.881 F/art     ( 5484): art/runtime/runtime.cc:289]   kernel: __switch_to+0x6c/0x84
06-12 16:11:45.881 F/art     ( 5484): art/runtime/runtime.cc:289]   kernel: futex_wait_queue_me+0xcc/0x158
06-12 16:11:45.881 F/art     ( 5484): art/runtime/runtime.cc:289]   kernel: futex_wait+0xe4/0x234
06-12 16:11:45.881 F/art     ( 5484): art/runtime/runtime.cc:289]   kernel: do_futex+0x198/0x9d4
06-12 16:11:45.881 F/art     ( 5484): art/runtime/runtime.cc:289]   kernel: compat_SyS_futex+0x8c/0x158
06-12 16:11:45.881 F/art     ( 5484): art/runtime/runtime.cc:289]   kernel: cpu_switch_to+0x48/0x4c
06-12 16:11:45.881 F/art     ( 5484): art/runtime/runtime.cc:289]   native: #00 pc 000134b0  /system/lib/libc.so (syscall+28)
06-12 16:11:45.881 F/art     ( 5484): art/runtime/runtime.cc:289]   native: #01 pc 000a987f  /system/lib/libart.so (art::ConditionVariable::Wait(art::Thread*)+82)
06-12 16:11:45.881 F/art     ( 5484): art/runtime/runtime.cc:289]   native: #02 pc 00235d07  /system/lib/libart.so (art::ThreadPool::GetTask(art::Thread*)+50)
06-12 16:11:45.881 F/art     ( 5484): art/runtime/runtime.cc:289]   native: #03 pc 00235cad  /system/lib/libart.so (art::ThreadPoolWorker::Run()+52)
06-12 16:11:45.881 F/art     ( 5484): art/runtime/runtime.cc:289]   native: #04 pc 002364e9  /system/lib/libart.so (art::ThreadPoolWorker::Callback(void*)+52)
06-12 16:11:45.881 F/art     ( 5484): art/runtime/runtime.cc:289]   native: #05 pc 00016fa3  /system/lib/libc.so (__pthread_start(void*)+30)
06-12 16:11:45.881 F/art     ( 5484): art/runtime/runtime.cc:289]   native: #06 pc 00014edf  /system/lib/libc.so (__start_thread+6)
06-12 16:11:45.881 F/art     ( 5484): art/runtime/runtime.cc:289]   (no managed stack frames)
06-12 16:11:45.881 F/art     ( 5484): art/runtime/runtime.cc:289] 
06-12 16:11:45.881 F/art     ( 5484): art/runtime/runtime.cc:289] "Heap thread pool worker thread 2" prio=5 tid=4 Native (still starting up)
06-12 16:11:45.881 F/art     ( 5484): art/runtime/runtime.cc:289]   | group="" sCount=0 dsCount=0 obj=0x0 self=0xef027400
06-12 16:11:45.881 F/art     ( 5484): art/runtime/runtime.cc:289]   | sysTid=5492 nice=0 cgrp=default sched=0/0 handle=0xf5108580
06-12 16:11:45.881 F/art     ( 5484): art/runtime/runtime.cc:289]   | state=S schedstat=( 375000 4000000 7 ) utm=0 stm=0 core=3 HZ=100
06-12 16:11:45.881 F/art     ( 5484): art/runtime/runtime.cc:289]   | stack=0xeedee000-0xeedf0000 stackSize=1020KB
06-12 16:11:45.881 F/art     ( 5484): art/runtime/runtime.cc:289]   | held mutexes=
06-12 16:11:45.881 F/art     ( 5484): art/runtime/runtime.cc:289]   kernel: __switch_to+0x6c/0x84
06-12 16:11:45.881 F/art     ( 5484): art/runtime/runtime.cc:289]   kernel: futex_wait_queue_me+0xcc/0x158
06-12 16:11:45.881 F/art     ( 5484): art/runtime/runtime.cc:289]   kernel: futex_wait+0xe4/0x234
