06-12 16:11:45.881 F/art     ( 5484): art/runtime/runtime.cc:289]   kernel: do_futex+0x198/0x9d4
06-12 16:11:45.881 F/art     ( 5484): art/runtime/runtime.cc:289]   kernel: compat_SyS_futex+0x8c/0x158
06-12 16:11:45.881 F/art     ( 5484): art/runtime/runtime.cc:289]   kernel: cpu_switch_to+0x48/0x4c
06-12 16:11:45.881 F/art     ( 5484): art/runtime/runtime.cc:289]   native: #00 pc 000134b0  /system/lib/libc.so (syscall+28)
06-12 16:11:45.881 F/art     ( 5484): art/runtime/runtime.cc:289]   native: #01 pc 000a987f  /system/lib/libart.so (art::ConditionVariable::Wait(art::Thread*)+82)
06-12 16:11:45.881 F/art     ( 5484): art/runtime/runtime.cc:289]   native: #02 pc 00235d07  /system/lib/libart.so (art::ThreadPool::GetTask(art::Thread*)+50)
06-12 16:11:45.881 F/art     ( 5484): art/runtime/runtime.cc:289]   native: #03 pc 00235cad  /system/lib/libart.so (art::ThreadPoolWorker::Run()+52)
06-12 16:11:45.881 F/art     ( 5484): art/runtime/runtime.cc:289]   native: #04 pc 002364e9  /system/lib/libart.so (art::ThreadPoolWorker::Callback(void*)+52)
06-12 16:11:45.881 F/art     ( 5484): art/runtime/runtime.cc:289]   native: #05 pc 00016fa3  /system/lib/libc.so (__pthread_start(void*)+30)
06-12 16:11:45.881 F/art     ( 5484): art/runtime/runtime.cc:289]   native: #06 pc 00014edf  /system/lib/libc.so (__start_thread+6)
06-12 16:11:45.881 F/art     ( 5484): art/runtime/runtime.cc:289]   (no managed stack frames)
06-12 16:11:45.881 F/art     ( 5484): art/runtime/runtime.cc:289] 
06-12 16:11:45.881 F/art     ( 5484): art/runtime/runtime.cc:289] "Signal Catcher" prio=5 tid=5 WaitingInMainSignalCatcherLoop
06-12 16:11:45.881 F/art     ( 5484): art/runtime/runtime.cc:289]   | group="" sCount=0 dsCount=0 obj=0x12c390a0 self=0xf5029400
06-12 16:11:45.881 F/art     ( 5484): art/runtime/runtime.cc:289]   | sysTid=5493 nice=0 cgrp=default sched=0/0 handle=0xf5108800
06-12 16:11:45.881 F/art     ( 5484): art/runtime/runtime.cc:289]   | state=S schedstat=( 593750 1906250 4 ) utm=0 stm=0 core=3 HZ=100
06-12 16:11:45.881 F/art     ( 5484): art/runtime/runtime.cc:289]   | stack=0xef5e6000-0xef5e8000 stackSize=1012KB
06-12 16:11:45.881 F/art     ( 5484): art/runtime/runtime.cc:289]   | held mutexes=
06-12 16:11:45.881 F/art     ( 5484): art/runtime/runtime.cc:289]   kernel: __switch_to+0x6c/0x84
06-12 16:11:45.881 F/art     ( 5484): art/runtime/runtime.cc:289]   kernel: do_sigtimedwait+0x158/0x1f8
06-12 16:11:45.881 F/art     ( 5484): art/runtime/runtime.cc:289]   kernel: compat_SyS_rt_sigtimedwait+0x80/0xe8
06-12 16:11:45.881 F/art     ( 5484): art/runtime/runtime.cc:289]   kernel: cpu_switch_to+0x48/0x4c
06-12 16:11:45.881 F/art     ( 5484): art/runtime/runtime.cc:289]   native: #00 pc 0003ba78  /system/lib/libc.so (__rt_sigtimedwait+12)
06-12 16:11:45.881 F/art     ( 5484): art/runtime/runtime.cc:289]   native: #01 pc 00018741  /system/lib/libc.so (sigwait+24)
06-12 16:11:45.881 F/art     ( 5484): art/runtime/runtime.cc:289]   native: #02 pc 0021f423  /system/lib/libart.so (art::SignalCatcher::WaitForSignal(art::Thread*, art::SignalSet&)+66)
06-12 16:11:45.881 F/art     ( 5484): art/runtime/runtime.cc:289]   native: #03 pc 00220f25  /system/lib/libart.so (art::SignalCatcher::Run(void*)+196)
06-12 16:11:45.881 F/art     ( 5484): art/runtime/runtime.cc:289]   native: #04 pc 00016fa3  /system/lib/libc.so (__pthread_start(void*)+30)
06-12 16:11:45.881 F/art     ( 5484): art/runtime/runtime.cc:289]   native: #05 pc 00014edf  /system/lib/libc.so (__start_thread+6)
06-12 16:11:45.881 F/art     ( 5484): art/runtime/runtime.cc:289]   (no managed stack frames)
06-12 16:11:45.881 F/art     ( 5484): art/runtime/runtime.cc:289] 
06-12 16:11:45.881 F/art     ( 5484): art/runtime/runtime.cc:289] "JDWP" prio=5 tid=6 WaitingInMainDebuggerLoop
06-12 16:11:45.881 F/art     ( 5484): art/runtime/runtime.cc:289]   | group="" sCount=0 dsCount=0 obj=0x12c3c0a0 self=0xef028400
06-12 16:11:45.881 F/art     ( 5484): art/runtime/runtime.cc:289]   | sysTid=5494 nice=0 cgrp=default sched=0/0 handle=0xf5108a80
06-12 16:11:45.881 F/art     ( 5484): art/runtime/runtime.cc:289]   | state=S schedstat=( 562500 187500 4 ) utm=0 stm=0 core=2 HZ=100
06-12 16:11:45.881 F/art     ( 5484): art/runtime/runtime.cc:289]   | stack=0xef4e3000-0xef4e5000 stackSize=1012KB
06-12 16:11:45.881 F/art     ( 5484): art/runtime/runtime.cc:289]   | held mutexes=
06-12 16:11:45.881 F/art     ( 5484): art/runtime/runtime.cc:289]   kernel: __switch_to+0x6c/0x84
06-12 16:11:45.881 F/art     ( 5484): art/runtime/runtime.cc:289]   kernel: unix_stream_recvmsg+0x42c/0x6b4
06-12 16:11:45.881 F/art     ( 5484): art/runtime/runtime.cc:289]   kernel: sock_recvmsg+0xe8/0x10c
06-12 16:11:45.881 F/art     ( 5484): art/runtime/runtime.cc:289]   kernel: ___sys_recvmsg+0xc8/0x240
06-12 16:11:45.882 I/ProviderInstaller( 5462): Installed default security provider GmsCore_OpenSSL
06-12 16:11:45.881 F/art     ( 5484): art/runtime/runtime.cc:289]   kernel: __sys_recvmsg+0x3c/0x84
06-12 16:11:45.882 F/art     ( 5484): art/runtime/runtime.cc:289]   kernel: compat_sys_recvmsg+0x10/0x24
06-12 16:11:45.882 F/art     ( 5484): art/runtime/runtime.cc:289]   kernel: cpu_switch_to+0x48/0x4c
06-12 16:11:45.882 F/art     ( 5484): art/runtime/runtime.cc:289]   native: #00 pc 0003aaec  /system/lib/libc.so (recvmsg+8)
06-12 16:11:45.882 F/art     ( 5484): art/runtime/runtime.cc:289]   native: #01 pc 002868eb  /system/lib/libart.so (art::JDWP::JdwpAdbState::ReceiveClientFd()+86)
06-12 16:11:45.882 F/art     ( 5484): art/runtime/runtime.cc:289]   native: #02 pc 002869dd  /system/lib/libart.so (art::JDWP::JdwpAdbState::Accept()+100)
06-12 16:11:45.882 F/art     ( 5484): art/runtime/runtime.cc:289]   native: #03 pc 001906d9  /system/lib/libart.so (art::JDWP::JdwpState::Run()+292)
06-12 16:11:45.882 F/art     ( 5484): art/runtime/runtime.cc:289]   native: #04 pc 00191c3b  /system/lib/libart.so (art::JDWP::StartJdwpThread(void*)+10)
06-12 16:11:45.882 F/art     ( 5484): art/runtime/runtime.cc:289]   native: #05 pc 00016fa3  /system/lib/libc.so (__pthread_start(void*)+30)
06-12 16:11:45.882 F/art     ( 5484): art/runtime/runtime.cc:289]   native: #06 pc 00014edf  /system/lib/libc.so (__start_thread+6)
06-12 16:11:45.882 F/art     ( 5484): art/runtime/runtime.cc:289]   (no managed stack frames)
06-12 16:11:45.882 F/art     ( 5484): art/runtime/runtime.cc:289] 
06-12 16:11:45.882 F/art     ( 5484): art/runtime/runtime.cc:289] "ReferenceQueueDaemon" prio=5 tid=7 Waiting
06-12 16:11:45.882 F/art     ( 5484): art/runtime/runtime.cc:289]   | group="" sCount=0 dsCount=0 obj=0x12c28280 self=0xf5027c00
06-12 16:11:45.882 F/art     ( 5484): art/runtime/runtime.cc:289]   | sysTid=5495 nice=0 cgrp=default sched=0/0 handle=0xf5108d00
06-12 16:11:45.882 F/art     ( 5484): art/runtime/runtime.cc:289]   | state=S schedstat=( 437500 0 4 ) utm=0 stm=0 core=2 HZ=100
06-12 16:11:45.882 F/art     ( 5484): art/runtime/runtime.cc:289]   | stack=0xeeefe000-0xeef00000 stackSize=1036KB
06-12 16:11:45.882 F/art     ( 5484): art/runtime/runtime.cc:289]   | held mutexes=
06-12 16:11:45.882 F/art     ( 5484): art/runtime/runtime.cc:289]   kernel: __switch_to+0x6c/0x84
06-12 16:11:45.882 F/art     ( 5484): art/runtime/runtime.cc:289]   kernel: futex_wait_queue_me+0xcc/0x158
06-12 16:11:45.882 F/art     ( 5484): art/runtime/runtime.cc:289]   kernel: futex_wait+0xe4/0x234
06-12 16:11:45.882 F/art     ( 5484): art/runtime/runtime.cc:289]   kernel: do_futex+0x198/0x9d4
06-12 16:11:45.882 F/art     ( 5484): art/runtime/runtime.cc:289]   kernel: compat_SyS_futex+0x8c/0x158
06-12 16:11:45.882 F/art     ( 5484): art/runtime/runtime.cc:289]   kernel: cpu_switch_to+0x48/0x4c
06-12 16:11:45.882 F/art     ( 5484): art/runtime/runtime.cc:289]   native: #00 pc 000134b0  /system/lib/libc.so (syscall+28)
06-12 16:11:45.882 F/art     ( 5484): art/runtime/runtime.cc:289]   native: #01 pc 000a987f  /system/lib/libart.so (art::ConditionVariable::Wait(art::Thread*)+82)
06-12 16:11:45.882 F/art     ( 5484): art/runtime/runtime.cc:289]   native: #02 pc 001edf63  /system/lib/libart.so (art::Monitor::Wait(art::Thread*, long long, int, bool, art::ThreadState)+998)
06-12 16:11:45.882 F/art     ( 5484): art/runtime/runtime.cc:289]   native: #03 pc 001ef381  /system/lib/libart.so (art::Monitor::Wait(art::Thread*, art::mirror::Object*, long long, int, bool, art::ThreadState)+120)
06-12 16:11:45.882 F/art     ( 5484): art/runtime/runtime.cc:289]   native: #04 pc 001fbfa9  /system/lib/libart.so (art::Object_wait(_JNIEnv*, _jobject*)+32)
06-12 16:11:45.882 F/art     ( 5484): art/runtime/runtime.cc:289]   native: #05 pc 000003df  /data/dalvik-cache/arm/system@framework@boot.oat (Java_java_lang_Object_wait__+82)
06-12 16:11:45.883 F/art     ( 5484): art/runtime/runtime.cc:289]   at java.lang.Object.wait!(Native method)
06-12 16:11:45.883 F/art     ( 5484): art/runtime/runtime.cc:289]   - waiting on <0x15fde8f2> (a java.lang.Class<java.lang.ref.ReferenceQueue>)
06-12 16:11:45.883 F/art     ( 5484): art/runtime/runtime.cc:289]   at java.lang.Daemons$ReferenceQueueDaemon.run(Daemons.java:134)
06-12 16:11:45.883 F/art     ( 5484): art/runtime/runtime.cc:289]   - locked <0x15fde8f2> (a java.lang.Class<java.lang.ref.ReferenceQueue>)
06-12 16:11:45.883 F/art     ( 5484): art/runtime/runtime.cc:289]   at java.lang.Thread.run(Thread.java:818)
06-12 16:11:45.883 F/art     ( 5484): art/runtime/runtime.cc:289] 
06-12 16:11:45.883 F/art     ( 5484): art/runtime/runtime.cc:289] "FinalizerDaemon" prio=5 tid=8 Waiting
06-12 16:11:45.883 F/art     ( 5484): art/runtime/runtime.cc:289]   | group="" sCount=0 dsCount=0 obj=0x12c28340 self=0xf5028000
06-12 16:11:45.883 F/art     ( 5484): art/runtime/runtime.cc:289]   | sysTid=5496 nice=0 cgrp=default sched=0/0 handle=0xf5108f80
06-12 16:11:45.883 F/art     ( 5484): art/runtime/runtime.cc:289]   | state=S schedstat=( 281250 312500 5 ) utm=0 stm=0 core=0 HZ=100
06-12 16:11:45.883 F/art     ( 5484): art/runtime/runtime.cc:289]   | stack=0xeecea000-0xeecec000 stackSize=1036KB
06-12 16:11:45.883 F/art     ( 5484): art/runtime/runtime.cc:289]   | held mutexes=
06-12 16:11:45.883 F/art     ( 5484): art/runtime/runtime.cc:289]   kernel: __switch_to+0x6c/0x84
06-12 16:11:45.883 F/art     ( 5484): art/runtime/runtime.cc:289]   kernel: futex_wait_queue_me+0xcc/0x158
06-12 16:11:45.883 F/art     ( 5484): art/runtime/runtime.cc:289]   kernel: futex_wait+0xe4/0x234
06-12 16:11:45.883 F/art     ( 5484): art/runtime/runtime.cc:289]   kernel: do_futex+0x198/0x9d4
06-12 16:11:45.883 F/art     ( 5484): art/runtime/runtime.cc:289]   kernel: compat_SyS_futex+0x8c/0x158
06-12 16:11:45.883 F/art     ( 5484): art/runtime/runtime.cc:289]   kernel: cpu_switch_to+0x48/0x4c
06-12 16:11:45.883 F/art     ( 5484): art/runtime/runtime.cc:289]   native: #00 pc 000134b0  /system/lib/libc.so (syscall+28)
06-12 16:11:45.883 F/art     ( 5484): art/runtime/runtime.cc:289]   native: #01 pc 000a987f  /system/lib/libart.so (art::ConditionVariable::Wait(art::Thread*)+82)
06-12 16:11:45.883 F/art     ( 5484): art/runtime/runtime.cc:289]   native: #02 pc 001edf63  /system/lib/libart.so (art::Monitor::Wait(art::Thread*, long long, int, bool, art::ThreadState)+998)
06-12 16:11:45.883 F/art     ( 5484): art/runtime/runtime.cc:289]   native: #03 pc 001ef381  /system/lib/libart.so (art::Monitor::Wait(art::Thread*, art::mirror::Object*, long long, int, bool, art::ThreadState)+120)
06-12 16:11:45.883 F/art     ( 5484): art/runtime/runtime.cc:289]   native: #04 pc 001fbf81  /system/lib/libart.so (art::Object_waitJI(_JNIEnv*, _jobject*, long long, int)+36)
06-12 16:11:45.883 F/art     ( 5484): art/runtime/runtime.cc:289]   native: #05 pc 0000060b  /data/dalvik-cache/arm/system@framework@boot.oat (Java_java_lang_Object_wait__JI+102)
06-12 16:11:45.883 F/art     ( 5484): art/runtime/runtime.cc:289]   at java.lang.Object.wait!(Native method)
06-12 16:11:45.883 F/art     ( 5484): art/runtime/runtime.cc:289]   - waiting on <0x17421b43> (a java.lang.ref.ReferenceQueue)
06-12 16:11:45.883 F/art     ( 5484): art/runtime/runtime.cc:289]   at java.lang.Object.wait(Object.java:422)
06-12 16:11:45.883 F/art     ( 5484): art/runtime/runtime.cc:289]   at java.lang.ref.ReferenceQueue.remove(ReferenceQueue.java:101)
06-12 16:11:45.883 F/art     ( 5484): art/runtime/runtime.cc:289]   - locked <0x17421b43> (a java.lang.ref.ReferenceQueue)
06-12 16:11:45.883 F/art     ( 5484): art/runtime/runtime.cc:289]   at java.lang.ref.ReferenceQueue.remove(ReferenceQueue.java:72)
06-12 16:11:45.883 F/art     ( 5484): art/runtime/runtime.cc:289]   at java.lang.Daemons$FinalizerDaemon.run(Daemons.java:174)
06-12 16:11:45.883 F/art     ( 5484): art/runtime/runtime.cc:289]   at java.lang.Thread.run(Thread.java:818)
06-12 16:11:45.883 F/art     ( 5484): art/runtime/runtime.cc:289] 
06-12 16:11:45.883 F/art     ( 5484): art/runtime/runtime.cc:289] "FinalizerWatchdogDaemon" prio=5 tid=9 Waiting
06-12 16:11:45.883 F/art     ( 5484): art/runtime/runtime.cc:289]   | group="" sCount=0 dsCount=0 obj=0x12c283a0 self=0xf502a400
06-12 16:11:45.883 F/art     ( 5484): art/runtime/runtime.cc:289]   | sysTid=5497 nice=0 cgrp=default sched=0/0 handle=0xf5109200
06-12 16:11:45.883 F/art     ( 5484): art/runtime/runtime.cc:289]   | state=S schedstat=( 250000 0 3 ) utm=0 stm=0 core=2 HZ=100
06-12 16:11:45.883 F/art     ( 5484): art/runtime/runtime.cc:289]   | stack=0xeebe6000-0xeebe8000 stackSize=1036KB
06-12 16:11:45.883 F/art     ( 5484): art/runtime/runtime.cc:289]   | held mutexes=
06-12 16:11:45.883 F/art     ( 5484): art/runtime/runtime.cc:289]   kernel: __switch_to+0x6c/0x84
06-12 16:11:45.883 F/art     ( 5484): art/runtime/runtime.cc:289]   kernel: futex_wait_queue_me+0xcc/0x158
06-12 16:11:45.883 F/art     ( 5484): art/runtime/runtime.cc:289]   kernel: futex_wait+0xe4/0x234
06-12 16:11:45.883 F/art     ( 5484): art/runtime/runtime.cc:289]   kernel: do_futex+0x198/0x9d4
06-12 16:11:45.883 F/art     ( 5484): art/runtime/runtime.cc:289]   kernel: compat_SyS_futex+0x8c/0x158
06-12 16:11:45.883 F/art     ( 5484): art/runtime/runtime.cc:289]   kernel: cpu_switch_to+0x48/0x4c
06-12 16:11:45.883 F/art     ( 5484): art/runtime/runtime.cc:289]   native: #00 pc 000134b0  /system/lib/libc.so (syscall+28)
06-12 16:11:45.883 F/art     ( 5484): art/runtime/runtime.cc:289]   native: #01 pc 000a987f  /system/lib/libart.so (art::ConditionVariable::Wait(art::Thread*)+82)
06-12 16:11:45.883 F/art     ( 5484): art/runtime/runtime.cc:289]   native: #02 pc 001edf63  /system/lib/libart.so (art::Monitor::Wait(art::Thread*, long long, int, bool, art::ThreadState)+998)
06-12 16:11:45.883 F/art     ( 5484): art/runtime/runtime.cc:289]   native: #03 pc 001ef381  /system/lib/libart.so (art::Monitor::Wait(art::Thread*, art::mirror::Object*, long long, int, bool, art::ThreadState)+120)
06-12 16:11:45.883 F/art     ( 5484): art/runtime/runtime.cc:289]   native: #04 pc 001fbfa9  /system/lib/libart.so (art::Object_wait(_JNIEnv*, _jobject*)+32)
06-12 16:11:45.883 F/art     ( 5484): art/runtime/runtime.cc:289]   native: #05 pc 000003df  /data/dalvik-cache/arm/system@framework@boot.oat (Java_java_lang_Object_wait__+82)
06-12 16:11:45.883 F/art     ( 5484): art/runtime/runtime.cc:289]   at java.lang.Object.wait!(Native method)
06-12 16:11:45.883 F/art     ( 5484): art/runtime/runtime.cc:289]   - waiting on <0x244635c0> (a java.lang.Daemons$FinalizerWatchdogDaemon)
06-12 16:11:45.883 F/art     ( 5484): art/runtime/runtime.cc:289]   at java.lang.Daemons$FinalizerWatchdogDaemon.waitForObject(Daemons.java:240)
06-12 16:11:45.883 F/art     ( 5484): art/runtime/runtime.cc:289]   - locked <0x244635c0> (a java.lang.Daemons$FinalizerWatchdogDaemon)
06-12 16:11:45.883 F/art     ( 5484): art/runtime/runtime.cc:289]   at java.lang.Daemons$FinalizerWatchdogDaemon.run(Daemons.java:212)
06-12 16:11:45.883 F/art     ( 5484): art/runtime/runtime.cc:289]   at java.lang.Thread.run(Thread.java:818)
06-12 16:11:45.883 F/art     ( 5484): art/runtime/runtime.cc:289] 
06-12 16:11:45.883 F/art     ( 5484): art/runtime/runtime.cc:289] "HeapTrimmerDaemon" prio=5 tid=10 Waiting
06-12 16:11:45.883 F/art     ( 5484): art/runtime/runtime.cc:289]   | group="" sCount=0 dsCount=0 obj=0x12c28400 self=0xf502a800
06-12 16:11:45.883 F/art     ( 5484): art/runtime/runtime.cc:289]   | sysTid=5498 nice=0 cgrp=default sched=0/0 handle=0xf5109480
06-12 16:11:45.883 F/art     ( 5484): art/runtime/runtime.cc:289]   | state=S schedstat=( 250000 0 4 ) utm=0 stm=0 core=2 HZ=100
06-12 16:11:45.883 F/art     ( 5484): art/runtime/runtime.cc:289]   | stack=0xeeae2000-0xeeae4000 stackSize=1036KB
06-12 16:11:45.883 F/art     ( 5484): art/runtime/runtime.cc:289]   | held mutexes=
06-12 16:11:45.883 F/art     ( 5484): art/runtime/runtime.cc:289]   kernel: __switch_to+0x6c/0x84
06-12 16:11:45.883 F/art     ( 5484): art/runtime/runtime.cc:289]   kernel: futex_wait_queue_me+0xcc/0x158
06-12 16:11:45.883 F/art     ( 5484): art/runtime/runtime.cc:289]   kernel: futex_wait+0xe4/0x234
06-12 16:11:45.883 F/art     ( 5484): art/runtime/runtime.cc:289]   kernel: do_futex+0x198/0x9d4
06-12 16:11:45.883 F/art     ( 5484): art/runtime/runtime.cc:289]   kernel: compat_SyS_futex+0x8c/0x158
06-12 16:11:45.883 F/art     ( 5484): art/runtime/runtime.cc:289]   kernel: cpu_switch_to+0x48/0x4c
06-12 16:11:45.883 F/art     ( 5484): art/runtime/runtime.cc:289]   native: #00 pc 000134b0  /system/lib/libc.so (syscall+28)
06-12 16:11:45.883 F/art     ( 5484): art/runtime/runtime.cc:289]   native: #01 pc 000a987f  /system/lib/libart.so (art::ConditionVariable::Wait(art::Thread*)+82)
06-12 16:11:45.883 F/art     ( 5484): art/runtime/runtime.cc:289]   native: #02 pc 001edf63  /system/lib/libart.so (art::Monitor::Wait(art::Thread*, long long, int, bool, art::ThreadState)+998)
06-12 16:11:45.883 F/art     ( 5484): art/runtime/runtime.cc:289]   native: #03 pc 001ef381  /system/lib/libart.so (art::Monitor::Wait(art::Thread*, art::mirror::Object*, long long, int, bool, art::ThreadState)+120)
06-12 16:11:45.883 F/art     ( 5484): art/runtime/runtime.cc:289]   native: #04 pc 001fbfa9  /system/lib/libart.so (art::Object_wait(_JNIEnv*, _jobject*)+32)
06-12 16:11:45.883 F/art     ( 5484): art/runtime/runtime.cc:289]   native: #05 pc 000003df  /data/dalvik-cache/arm/system@framework@boot.oat (Java_java_lang_Object_wait__+82)
06-12 16:11:45.883 F/art     ( 5484): art/runtime/runtime.cc:289]   at java.lang.Object.wait!(Native method)
06-12 16:11:45.883 F/art     ( 5484): art/runtime/runtime.cc:289]   - waiting on <0x28c592f9> (a java.lang.Daemons$HeapTrimmerDaemon)
06-12 16:11:45.883 F/art     ( 5484): art/runtime/runtime.cc:289]   at java.lang.Daemons$HeapTrimmerDaemon.run(Daemons.java:311)
06-12 16:11:45.883 F/art     ( 5484): art/runtime/runtime.cc:289]   - locked <0x28c592f9> (a java.lang.Daemons$HeapTrimmerDaemon)
06-12 16:11:45.883 F/art     ( 5484): art/runtime/runtime.cc:289]   at java.lang.Thread.run(Thread.java:818)
06-12 16:11:45.883 F/art     ( 5484): art/runtime/runtime.cc:289] 
06-12 16:11:45.883 F/art     ( 5484): art/runtime/runtime.cc:289] "GCDaemon" prio=5 tid=11 Waiting
06-12 16:11:45.883 F/art     ( 5484): art/runtime/runtime.cc:289]   | group="" sCount=0 dsCount=0 obj=0x12c28460 self=0xf502ac00
06-12 16:11:45.883 F/art     ( 5484): art/runtime/runtime.cc:289]   | sysTid=5499 nice=0 cgrp=default sched=0/0 handle=0xf5109700
06-12 16:11:45.883 F/art     ( 5484): art/runtime/runtime.cc:289]   | state=S schedstat=( 281250 0 2 ) utm=0 stm=0 core=2 HZ=100
06-12 16:11:45.883 F/art     ( 5484): art/runtime/runtime.cc:289]   | stack=0xee9de000-0xee9e0000 stackSize=1036KB
06-12 16:11:45.883 F/art     ( 5484): art/runtime/runtime.cc:289]   | held mutexes=
06-12 16:11:45.883 F/art     ( 5484): art/runtime/runtime.cc:289]   kernel: __switch_to+0x6c/0x84
06-12 16:11:45.883 F/art     ( 5484): art/runtime/runtime.cc:289]   kernel: futex_wait_queue_me+0xcc/0x158
06-12 16:11:45.883 F/art     ( 5484): art/runtime/runtime.cc:289]   kernel: futex_wait+0xe4/0x234
06-12 16:11:45.883 F/art     ( 5484): art/runtime/runtime.cc:289]   kernel: do_futex+0x198/0x9d4
06-12 16:11:45.883 F/art     ( 5484): art/runtime/runtime.cc:289]   kernel: compat_SyS_futex+0x8c/0x158
06-12 16:11:45.884 F/art     ( 5484): art/runtime/runtime.cc:289]   kernel: cpu_switch_to+0x48/0x4c
06-12 16:11:45.884 F/art     ( 5484): art/runtime/runtime.cc:289]   native: #00 pc 000134b0  /system/lib/libc.so (syscall+28)
06-12 16:11:45.884 F/art     ( 5484): art/runtime/runtime.cc:289]   native: #01 pc 000a987f  /system/lib/libart.so (art::ConditionVariable::Wait(art::Thread*)+82)
06-12 16:11:45.884 F/art     ( 5484): art/runtime/runtime.cc:289]   native: #02 pc 001edf63  /system/lib/libart.so (art::Monitor::Wait(art::Thread*, long long, int, bool, art::ThreadState)+998)
06-12 16:11:45.884 F/art     ( 5484): art/runtime/runtime.cc:289]   native: #03 pc 001ef381  /system/lib/libart.so (art::Monitor::Wait(art::Thread*, art::mirror::Object*, long long, int, bool, art::ThreadState)+120)
06-12 16:11:45.884 F/art     ( 5484): art/runtime/runtime.cc:289]   native: #04 pc 001fbfa9  /system/lib/libart.so (art::Object_wait(_JNIEnv*, _jobject*)+32)
06-12 16:11:45.884 F/art     ( 5484): art/runtime/runtime.cc:289]   native: #05 pc 000003df  /data/dalvik-cache/arm/system@framework@boot.oat (Java_java_lang_Object_wait__+82)
06-12 16:11:45.884 F/art     ( 5484): art/runtime/runtime.cc:289]   at java.lang.Object.wait!(Native method)
06-12 16:11:45.884 F/art     ( 5484): art/runtime/runtime.cc:289]   - waiting on <0x347da23e> (a java.lang.Daemons$GCDaemon)
06-12 16:11:45.884 F/art     ( 5484): art/runtime/runtime.cc:289]   at java.lang.Daemons$GCDaemon.run(Daemons.java:344)
06-12 16:11:45.884 F/art     ( 5484): art/runtime/runtime.cc:289]   - locked <0x347da23e> (a java.lang.Daemons$GCDaemon)
06-12 16:11:45.884 F/art     ( 5484): art/runtime/runtime.cc:289]   at java.lang.Thread.run(Thread.java:818)
06-12 16:11:45.884 F/art     ( 5484): art/runtime/runtime.cc:289] 
06-12 16:11:45.884 F/art     ( 5484): art/runtime/runtime.cc:289] 
06-12 16:11:45.884 F/libc    ( 5484): Fatal signal 6 (SIGABRT), code -6 in tid 5484 (main)
06-12 16:11:45.897 I/ProviderInstaller( 5250): Installed default security provider GmsCore_OpenSSL
06-12 16:11:45.933 I/Choreographer( 5355): Skipped 4 frames!  The application may be doing too much work on its main thread.
06-12 16:11:45.995 I/DEBUG   (  183): *** *** *** *** *** *** *** *** *** *** *** *** *** *** *** ***
06-12 16:11:45.996 I/DEBUG   (  183): Build fingerprint: 'Actions/s900_tpe/s900_tpe:5.1.1/LMY47V/sting05211142:userdebug/release-keys'
06-12 16:11:45.996 I/DEBUG   (  183): Revision: '0'
06-12 16:11:45.996 I/DEBUG   (  183): ABI: 'arm'
06-12 16:11:45.996 I/DEBUG   (  183): pid: 5484, tid: 5484, name: main  >>> /system/bin/app_process <<<
06-12 16:11:45.996 I/DEBUG   (  183): signal 6 (SIGABRT), code -6 (SI_TKILL), fault addr --------
06-12 16:11:45.996 W/NativeCrashListener(19521): Couldn't find ProcessRecord for pid 5484
06-12 16:11:46.009 I/DEBUG   (  183): Abort message: 'art/runtime/thread.cc:1143] No pending exception expected: java.lang.ClassNotFoundException: Didn't find class "com.antutu.utils.process.Daemon" on path: DexPathList[[zip file "/data/app/com.antutu.ABenchMark-1/base.apk"],nativeLibraryDirectories=[/vendor/lib, /system/lib]]'
06-12 16:11:46.009 E/DEBUG   (  183): AM write failure (32 / Broken pipe)
06-12 16:11:46.009 I/DEBUG   (  183):     r0 00000000  r1 0000156c  r2 00000006  r3 00000000
06-12 16:11:46.009 I/DEBUG   (  183):     r4 f77e9e38  r5 00000006  r6 00000002  r7 0000010c
06-12 16:11:46.009 I/DEBUG   (  183):     r8 00000000  r9 f506f580  sl f5027800  fp 0000022c
06-12 16:11:46.009 I/DEBUG   (  183):     ip 0000156c  sp fffb01a0  lr f76647bd  pc f76884ec  cpsr 60070010
06-12 16:11:46.010 I/DEBUG   (  183): 
06-12 16:11:46.010 I/DEBUG   (  183): backtrace:
06-12 16:11:46.010 I/DEBUG   (  183):     #00 pc 0003b4ec  /system/lib/libc.so (tgkill+12)
06-12 16:11:46.010 I/DEBUG   (  183):     #01 pc 000177b9  /system/lib/libc.so (pthread_kill+52)
06-12 16:11:46.010 I/DEBUG   (  183):     #02 pc 000183d7  /system/lib/libc.so (raise+10)
06-12 16:11:46.010 I/DEBUG   (  183):     #03 pc 00014b75  /system/lib/libc.so (__libc_android_abort+36)
06-12 16:11:46.010 I/DEBUG   (  183):     #04 pc 0001303c  /system/lib/libc.so (abort+4)
06-12 16:11:46.010 I/DEBUG   (  183):     #05 pc 0021c031  /system/lib/libart.so (art::Runtime::Abort()+160)
06-12 16:11:46.010 I/DEBUG   (  183):     #06 pc 000a6ebb  /system/lib/libart.so (art::LogMessage::~LogMessage()+1322)
06-12 16:11:46.010 I/DEBUG   (  183):     #07 pc 00229927  /system/lib/libart.so (art::Thread::AssertNoPendingException() const+358)
06-12 16:11:46.010 I/DEBUG   (  183):     #08 pc 000d7a37  /system/lib/libart.so (art::ClassLinker::FindClass(art::Thread*, char const*, art::Handle<art::mirror::ClassLoader>)+14)
06-12 16:11:46.010 I/DEBUG   (  183):     #09 pc 001d1b83  /system/lib/libart.so (art::JNI::FindClass(_JNIEnv*, char const*)+806)
06-12 16:11:46.010 I/DEBUG   (  183):     #10 pc 00001ee9  /system/lib/libnativehelper.so (jniRegisterNativeMethods+20)
06-12 16:11:46.010 I/DEBUG   (  183):     #11 pc 0005f8c1  /system/lib/libandroid_runtime.so
06-12 16:11:46.010 I/DEBUG   (  183):     #12 pc 00060995  /system/lib/libandroid_runtime.so (android::AndroidRuntime::startReg(_JNIEnv*)+28)
06-12 16:11:46.010 I/DEBUG   (  183):     #13 pc 00060ad9  /system/lib/libandroid_runtime.so (android::AndroidRuntime::start(char const*, android::Vector<android::String8> const&)+284)
06-12 16:11:46.010 I/DEBUG   (  183):     #14 pc 00001675  /system/bin/app_process32
06-12 16:11:46.010 I/DEBUG   (  183):     #15 pc 00012eed  /system/lib/libc.so (__libc_init+48)
06-12 16:11:46.010 I/DEBUG   (  183):     #16 pc 000017b0  /system/bin/app_process32
06-12 16:11:46.178 I/art     ( 5462): Background partial concurrent mark sweep GC freed 6848(435KB) AllocSpace objects, 0(0B) LOS objects, 39% free, 10MB/17MB, paused 14.125ms total 77.312ms
06-12 16:11:46.218 W/art     ( 5250): Suspending all threads took: 10.968ms
06-12 16:11:46.228 I/art     ( 5250): Background partial concurrent mark sweep GC freed 18184(1066KB) AllocSpace objects, 0(0B) LOS objects, 40% free, 12MB/21MB, paused 15.593ms total 247.468ms
06-12 16:11:46.249 I/DEBUG   (  183): 
06-12 16:11:46.249 I/DEBUG   (  183): Tombstone written to: /data/tombstones/tombstone_04
06-12 16:11:46.250 I/BootReceiver(19521): Copying /data/tombstones/tombstone_04 to DropBox (SYSTEM_TOMBSTONE)
06-12 16:11:46.299 V/RenderScript( 5355): 0xf4c19e00 Launching thread(s), CPUs 4
06-12 16:11:46.317 I/Choreographer( 5355): Skipped 2 frames!  The application may be doing too much work on its main thread.
06-12 16:11:46.381 I/ActivityManager(19521): Start proc 5517:com.actions.agingtest/1000 for broadcast com.actions.agingtest/.DropBoxReceiver
06-12 16:11:46.491 I/Choreographer( 5355): Skipped 1 frames!  The application may be doing too much work on its main thread.
06-12 16:11:46.496 W/OpenGLRenderer( 5355): Incorrectly called buildLayer on View: ShortcutAndWidgetContainer, destroying layer...
06-12 16:11:46.496 W/OpenGLRenderer( 5355): Incorrectly called buildLayer on View: ShortcutAndWidgetContainer, destroying layer...
06-12 16:11:46.508 I/art     ( 5462): Rejecting re-init on previously-failed class java.lang.Class<one>
06-12 16:11:46.508 I/art     ( 5462): Rejecting re-init on previously-failed class java.lang.Class<one>
06-12 16:11:46.666 W/ResourceType( 5355): No package identifier when getting value for resource number 0x00000000
06-12 16:11:46.666 W/PackageManager( 5355): Failure retrieving resources for com.koushikdutta.vysor: Resource ID #0x0
06-12 16:11:46.666 W/PackageManager( 5355): Failure retrieving resources for com.koushikdutta.vysor: File res/mipmap-anydpi-v21/ic_launcher.xml from drawable resource ID #0x7f0a0000
06-12 16:11:46.721 W/art     ( 5250): Long monitor contention event with owner method=void android.app.SharedPreferencesImpl$1.run() from SharedPreferencesImpl.java:89 waiters=2 for 116ms
06-12 16:11:46.931 I/DynamiteModule( 5462): Considering local module com.google.android.gms.googlecertificates:4 and remote module com.google.android.gms.googlecertificates:4
06-12 16:11:46.931 I/DynamiteModule( 5462): Selected local version of com.google.android.gms.googlecertificates
06-12 16:11:47.205 I/art     ( 5462): Rejecting re-init on previously-failed class java.lang.Class<paa>
06-12 16:11:47.205 I/art     ( 5462): Rejecting re-init on previously-failed class java.lang.Class<paa>
06-12 16:11:47.494 I/NetworkScheduler( 5462): Using standalone scheduling engine
06-12 16:11:47.540 D/WifiService(19521): New client listening to asynchronous messages
06-12 16:11:47.577 W/native  ( 5462): commandlineflags.cc:1503 Ignoring RegisterValidateFunction() for flag pointer 0xdd8b6860: no flag found at that address
06-12 16:11:47.641 I/art     ( 5377): Explicit concurrent mark sweep GC freed 8808(447KB) AllocSpace objects, 0(0B) LOS objects, 39% free, 7MB/12MB, paused 531us total 23.906ms
06-12 16:11:47.748 W/Launcher( 5355): disableWallpaperIfInAllApps
06-12 16:11:47.768 E/WakeLock( 5462): release without a matched acquire!
06-12 16:11:47.897 I/art     ( 5462): Rejecting re-init on previously-failed class java.lang.Class<bfxv>
06-12 16:11:47.897 I/art     ( 5462): Rejecting re-init on previously-failed class java.lang.Class<bfxv>
06-12 16:11:47.898 I/art     ( 5462): Rejecting re-init on previously-failed class java.lang.Class<bfxv>
06-12 16:11:47.898 I/art     ( 5462): Rejecting re-init on previously-failed class java.lang.Class<bfxv>
06-12 16:11:47.902 I/art     ( 5462): Rejecting re-init on previously-failed class java.lang.Class<bfxv>
06-12 16:11:47.902 I/art     ( 5462): Rejecting re-init on previously-failed class java.lang.Class<bfxv>
06-12 16:11:47.904 I/art     ( 5462): Rejecting re-init on previously-failed class java.lang.Class<bfxv>
06-12 16:11:47.904 I/art     ( 5462): Rejecting re-init on previously-failed class java.lang.Class<bfxv>
06-12 16:11:47.905 I/art     ( 5462): Rejecting re-init on previously-failed class java.lang.Class<bfxv>
06-12 16:11:47.905 I/art     ( 5462): Rejecting re-init on previously-failed class java.lang.Class<bfxv>
06-12 16:11:47.907 I/art     ( 5462): Rejecting re-init on previously-failed class java.lang.Class<bfxv>
06-12 16:11:47.907 I/art     ( 5462): Rejecting re-init on previously-failed class java.lang.Class<bfxv>
06-12 16:11:47.978 I/art     ( 5462): Rejecting re-init on previously-failed class java.lang.Class<avub>
06-12 16:11:47.978 I/art     ( 5462): Rejecting re-init on previously-failed class java.lang.Class<avub>
06-12 16:11:47.979 D/BluetoothManagerService(19521): Message: 20
06-12 16:11:47.979 D/BluetoothManagerService(19521): Added callback: android.bluetooth.IBluetoothManagerCallback$Stub$Proxy@9a8fc73:true
06-12 16:11:48.090 I/art     ( 5462): Explicit concurrent mark sweep GC freed 28297(2MB) AllocSpace objects, 2(32KB) LOS objects, 40% free, 13MB/21MB, paused 10.406ms total 78.906ms
06-12 16:11:48.281 W/GCoreFlp( 5462): No location to return for getLastLocation()
06-12 16:11:48.299 I/art     ( 5377): Explicit concurrent mark sweep GC freed 2483(98KB) AllocSpace objects, 0(0B) LOS objects, 39% free, 7MB/12MB, paused 562us total 17.218ms
06-12 16:11:48.462 V/BackupManagerService(19521): Connected to transport ComponentInfo{com.google.android.gms/com.google.android.gms.backup.BackupTransportService}
06-12 16:11:48.464 V/BackupManagerService(19521): Registering transport com.google.android.gms/.backup.BackupTransportService::com.google.android.gms/.backup.BackupTransportService = com.android.internal.backup.IBackupTransport$Stub$Proxy@290c14a7
06-12 16:11:48.571 I/art     (19521): Explicit concurrent mark sweep GC freed 8674(471KB) AllocSpace objects, 30(2MB) LOS objects, 33% free, 16MB/24MB, paused 1.125ms total 62.406ms
06-12 16:11:48.682 D/Backup  ( 5462): [BackupScheduler] Setting backup scheduler enabled=false due to desired state 4
06-12 16:11:48.685 V/Backup  ( 5462): [BackupTransportCS] no backup now: [OperationScheduler: enabledState=false moratoriumSet=2018-06-12/16:03:39 moratorium=1970-01-01/08:00:00]
06-12 16:11:48.685 V/Backup  ( 5462): [BackupTransportCS] Accounts changed
06-12 16:11:48.720 I/GeofencerStateMachine( 5462): Network location disabled.
06-12 16:11:48.827 W/GCoreFlp( 5462): No location to return for getLastLocation()
06-12 16:11:48.828 E/WakeLock( 5462): release without a matched acquire!
06-12 16:11:48.897 I/art     ( 5462): Explicit concurrent mark sweep GC freed 18984(1441KB) AllocSpace objects, 24(468KB) LOS objects, 40% free, 14MB/24MB, paused 1.906ms total 152.906ms
06-12 16:11:48.926 W/GCoreFlp( 5462): No location to return for getLastLocation()
06-12 16:11:48.933 I/AsyncOpDispatcher( 5462): 35-GetDeviceDataUploadOptInStatusOperation
06-12 16:11:48.938 I/GeofencerStateMachine( 5462): removeGeofences: removeRequest=RemoveGeofencingRequest[REMOVE_BY_PENDING_INTENT pendingIntent=PendingIntent[creatorPackage=com.google.android.gms], packageName=null]
06-12 16:11:48.943 I/GeofencerStateMachine( 5462): removeGeofences: removeRequest=RemoveGeofencingRequest[REMOVE_BY_PENDING_INTENT pendingIntent=PendingIntent[creatorPackage=com.google.android.gms], packageName=null]
06-12 16:11:48.951 I/AsyncOpDispatcher( 5462): 35-GetDeviceDataUploadOptInStatusOperation
06-12 16:11:48.995 W/Settings( 5462): Setting airplane_mode_on has moved from android.provider.Settings.System to android.provider.Settings.Global, returning read-only value.
06-12 16:11:48.999 E/SQLiteLog( 5462): (283) recovered 85 frames from WAL file /data/user/0/com.google.android.gms/databases/playlog.db-wal
06-12 16:11:49.016 W/Settings( 5462): Setting airplane_mode_on has moved from android.provider.Settings.System to android.provider.Settings.Global, returning read-only value.
06-12 16:11:49.062 I/art     ( 5377): Explicit concurrent mark sweep GC freed 2703(106KB) AllocSpace objects, 0(0B) LOS objects, 39% free, 7MB/12MB, paused 968us total 19.375ms
06-12 16:11:49.437 E/ctxmgr  ( 5462): [BaseServerTask]Failed network request due to no network connectivity: 
06-12 16:11:49.439 E/ctxmgr  ( 5462): [SyncServerInterestRecordsOperation]Failed WriteInterestRecord: network status=1
06-12 16:11:52.778 D/com.taobao.accs.b.a( 5216): start handler init
06-12 16:11:52.780 D/com.taobao.accs.b.a( 5216): start SoManager
06-12 16:11:52.785 I/art     ( 5216): Rejecting re-init on previously-failed class java.lang.Class<com.taobao.accs.utl.k>
06-12 16:11:52.785 I/art     ( 5216): Rejecting re-init on previously-failed class java.lang.Class<com.taobao.accs.utl.k>
06-12 16:11:52.794 D/FileCheckUtils( 5216): st.getAvailableBlocks()=1698498,st.getAvailableBlocks() * blockSize=6957047808
06-12 16:11:52.827 W/ActivityManager(19521): getRunningAppProcesses: caller 10071 does not hold REAL_GET_TASKS; limiting output
06-12 16:11:54.230 I/art     (19521): Explicit concurrent mark sweep GC freed 5109(261KB) AllocSpace objects, 0(0B) LOS objects, 33% free, 16MB/24MB, paused 1.343ms total 82.406ms
06-12 16:11:54.661 D/com.umeng.message.proguard.l( 4806): appLaunchAt=1528774825099
06-12 16:11:57.926 I/tnet-jni( 5216): 735 -  create new session: umengjmacs.m.taobao.com:443
06-12 16:11:57.926 W/System.err( 5216): org.android.spdy.SpdyErrorException: create session error: -1107
06-12 16:11:57.929 W/System.err( 5216): 	at org.android.spdy.SpdyAgent.createSession(SpdyAgent.java:448)
06-12 16:11:57.929 W/System.err( 5216): 	at org.android.spdy.SpdyAgent.createSession(SpdyAgent.java:331)
06-12 16:11:57.929 W/System.err( 5216): 	at com.taobao.accs.net.r.d(Taobao:435)
06-12 16:11:57.929 W/System.err( 5216): 	at com.taobao.accs.net.r.b(Taobao:59)
06-12 16:11:57.929 W/System.err( 5216): 	at com.taobao.accs.net.r$a.a(Taobao:745)
06-12 16:11:57.929 W/System.err( 5216): 	at com.taobao.accs.net.r$a.run(Taobao:810)
06-12 16:11:59.219 I/art     (19637): Explicit concurrent mark sweep GC freed 29236(1283KB) AllocSpace objects, 243(8MB) LOS objects, 40% free, 23MB/39MB, paused 1ms total 67.937ms
06-12 16:12:02.951 I/tnet-jni( 5216): 735 -  create new session: umengjmacs.m.taobao.com:443
06-12 16:12:02.951 W/System.err( 5216): org.android.spdy.SpdyErrorException: create session error: -1107
06-12 16:12:02.952 W/System.err( 5216): 	at org.android.spdy.SpdyAgent.createSession(SpdyAgent.java:448)
06-12 16:12:02.952 W/System.err( 5216): 	at org.android.spdy.SpdyAgent.createSession(SpdyAgent.java:331)
06-12 16:12:02.952 W/System.err( 5216): 	at com.taobao.accs.net.r.d(Taobao:435)
06-12 16:12:02.952 W/System.err( 5216): 	at com.taobao.accs.net.r.b(Taobao:59)
06-12 16:12:02.952 W/System.err( 5216): 	at com.taobao.accs.net.r$a.a(Taobao:745)
06-12 16:12:02.952 W/System.err( 5216): 	at com.taobao.accs.net.r$a.a(Taobao:751)
06-12 16:12:02.952 W/System.err( 5216): 	at com.taobao.accs.net.r$a.run(Taobao:810)
06-12 16:12:07.840 I/art     (19773): Explicit concurrent mark sweep GC freed 3673(169KB) AllocSpace objects, 0(0B) LOS objects, 40% free, 7MB/13MB, paused 875us total 35.093ms
06-12 16:12:07.975 I/tnet-jni( 5216): 735 -  create new session: umengjmacs.m.taobao.com:80
06-12 16:12:07.976 W/System.err( 5216): org.android.spdy.SpdyErrorException: create session error: -1107
06-12 16:12:07.976 W/System.err( 5216): 	at org.android.spdy.SpdyAgent.createSession(SpdyAgent.java:448)
06-12 16:12:07.976 W/System.err( 5216): 	at org.android.spdy.SpdyAgent.createSession(SpdyAgent.java:331)
06-12 16:12:07.976 W/System.err( 5216): 	at com.taobao.accs.net.r.d(Taobao:435)
06-12 16:12:07.976 W/System.err( 5216): 	at com.taobao.accs.net.r.b(Taobao:59)
06-12 16:12:07.977 W/System.err( 5216): 	at com.taobao.accs.net.r$a.a(Taobao:745)
06-12 16:12:07.977 W/System.err( 5216): 	at com.taobao.accs.net.r$a.a(Taobao:751)
06-12 16:12:07.977 W/System.err( 5216): 	at com.taobao.accs.net.r$a.a(Taobao:751)
06-12 16:12:07.977 W/System.err( 5216): 	at com.taobao.accs.net.r$a.run(Taobao:810)
06-12 16:12:08.848 E/WakeLock( 5462): release without a matched acquire!
06-12 16:12:13.000 I/tnet-jni( 5216): 735 -  create new session: umengjmacs.m.taobao.com:80
06-12 16:12:13.001 W/System.err( 5216): org.android.spdy.SpdyErrorException: create session error: -1107
06-12 16:12:13.001 W/System.err( 5216): 	at org.android.spdy.SpdyAgent.createSession(SpdyAgent.java:448)
06-12 16:12:13.001 W/System.err( 5216): 	at org.android.spdy.SpdyAgent.createSession(SpdyAgent.java:331)
06-12 16:12:13.001 W/System.err( 5216): 	at com.taobao.accs.net.r.d(Taobao:435)
06-12 16:12:13.002 W/System.err( 5216): 	at com.taobao.accs.net.r.b(Taobao:59)
06-12 16:12:13.002 W/System.err( 5216): 	at com.taobao.accs.net.r$a.a(Taobao:745)
06-12 16:12:13.002 W/System.err( 5216): 	at com.taobao.accs.net.r$a.a(Taobao:751)
06-12 16:12:13.002 W/System.err( 5216): 	at com.taobao.accs.net.r$a.a(Taobao:751)
06-12 16:12:13.002 W/System.err( 5216): 	at com.taobao.accs.net.r$a.a(Taobao:751)
06-12 16:12:13.002 W/System.err( 5216): 	at com.taobao.accs.net.r$a.run(Taobao:810)
06-12 16:12:48.863 E/WakeLock( 5462): release without a matched acquire!
06-12 16:13:00.068 W/IMGHWC  (19261): HWC_ADF_AttachOverlayEngine: overlay engine 0 already attached outside hwc
06-12 16:13:00.068 W/IMGHWC  (19261): HWC_ADF_AttachOverlayEngine: overlay engine 1 already attached outside hwc
06-12 16:13:00.068 W/IMGHWC  (19261): HWC_ADF_AttachOverlayEngine: overlay engine 2 already attached outside hwc
06-12 16:13:00.068 W/IMGHWC  (19261): HWC_ADF_AttachOverlayEngine: overlay engine 0 already attached outside hwc
06-12 16:13:00.068 W/IMGHWC  (19261): HWC_ADF_AttachOverlayEngine: overlay engine 1 already attached outside hwc
06-12 16:13:00.068 W/IMGHWC  (19261): HWC_ADF_AttachOverlayEngine: overlay engine 2 already attached outside hwc

