06-12 16:10:40.587 W/IMGHWC  (19261): HWC_ADF_AttachOverlayEngine: overlay engine 0 already attached outside hwc
06-12 16:10:44.632 I/Choreographer(  549): Skipped 1 frames!  The application may be doing too much work on its main thread.
06-12 16:10:44.702 W/Settings(  549): Setting always_finish_activities has moved from android.provider.Settings.System to android.provider.Settings.Global, returning read-only value.
06-12 16:10:44.721 W/AudioPolicyManager(19281): setOutputDevice() prevDevice 0400
06-12 16:10:44.722 D/audio_hw_default(19281): start_output_stream: devices= 1024, port= 1
06-12 16:10:44.730 D/audio_hw_default(19281): select_output_device: hdmi on
06-12 16:10:44.753 I/ActivityManager(19521): START u0 {flg=0x14000000 cmp=com.antutu.ABenchMark/com.antutu.benchmark.ui.test.activity.ActivityScoreBench (has extras)} from uid 10071 on display 0
06-12 16:10:44.829 W/AudioPolicyManager(19281): setOutputDevice() prevDevice 0400
06-12 16:10:44.836 V/WindowManager(19521): addAppToken: AppWindowToken{21a68e44 token=Token{2eea3357 ActivityRecord{37ddc4d6 u0 com.antutu.ABenchMark/com.antutu.benchmark.ui.test.activity.ActivityScoreBench t48}}} to stack=1 task=48 at 1
06-12 16:10:44.846 I/Choreographer(  549): Skipped 9 frames!  The application may be doing too much work on its main thread.
06-12 16:10:44.982 I/Choreographer(  549): Skipped 5 frames!  The application may be doing too much work on its main thread.
06-12 16:10:45.080 D/com.umeng.message.proguard.l(  549): appLaunchAt=1528774825099
06-12 16:10:45.083 W/ActivityManager(19521): getRunningAppProcesses: caller 10071 does not hold REAL_GET_TASKS; limiting output
06-12 16:10:45.145 I/AppCompatViewInflater(  549): app:theme is now deprecated. Please move to using android:theme instead.
06-12 16:10:45.265 V/WindowManager(19521): Adding window Window{25e898ae u0 com.antutu.ABenchMark/com.antutu.benchmark.ui.test.activity.ActivityScoreBench} at 3 of 8 (after Window{33725baa u0 com.antutu.ABenchMark/com.antutu.benchmark.ui.home.activity.ActivityMain})
06-12 16:10:45.274 I/Choreographer(  549): Skipped 11 frames!  The application may be doing too much work on its main thread.
06-12 16:10:45.355 W/BufferQueueProducer(19261): [com.antutu.ABenchMark/com.antutu.benchmark.ui.test.activity.ActivityScoreBench] dequeueBuffer: Front buffer created
06-12 16:10:45.545 I/ActivityManager(19521): Process com.actions.agingtest (pid 3734) has died
06-12 16:10:45.592 I/ActivityManager(19521): Process com.google.android.gms (pid 3383) has died
06-12 16:10:45.632 I/ActivityManager(19521): Process com.google.process.gapps (pid 3527) has died
06-12 16:10:45.867 I/Choreographer(  549): Skipped 29 frames!  The application may be doing too much work on its main thread.
06-12 16:10:45.944 I/ActivityManager(19521): Displayed com.antutu.ABenchMark/com.antutu.benchmark.ui.test.activity.ActivityScoreBench: +1s41ms
06-12 16:10:45.955 I/Choreographer(  549): Skipped 3 frames!  The application may be doing too much work on its main thread.
06-12 16:10:46.109 I/Choreographer(19637): Skipped 4 frames!  The application may be doing too much work on its main thread.
06-12 16:10:47.045 I/ActivityManager(19521): Low on memory:
06-12 16:10:47.045 I/ActivityManager(19521):   ntv   N  1886299 kB: me.empirical.android.application.fillmemory (pid 1889) native
06-12 16:10:47.045 I/ActivityManager(19521):   ntv   N    31508 kB: system_server (pid 2942) native
06-12 16:10:47.045 I/ActivityManager(19521):   ntv   N    30390 kB: com.android.launcher (pid 7569) native
06-12 16:10:47.045 I/ActivityManager(19521):   ntv   N    29368 kB: system_server (pid 3335) native
06-12 16:10:47.045 I/ActivityManager(19521):   ntv   N    15433 kB: com.android.systemui (pid 7180) native
06-12 16:10:47.045 I/ActivityManager(19521):   ntv   N    15113 kB: com.android.systemui (pid 3855) native
06-12 16:10:47.045 I/ActivityManager(19521):   ntv   N    12628 kB: app_process32 (pid 21476) native
06-12 16:10:47.045 I/ActivityManager(19521):   ntv   N    10194 kB: app_process32 (pid 9422) native
06-12 16:10:47.045 I/ActivityManager(19521):   ntv   N     8856 kB: com.android.phone (pid 7315) native
06-12 16:10:47.045 I/ActivityManager(19521):   ntv   N     8604 kB: com.koushikdutta.vysor (pid 3619) native
06-12 16:10:47.045 I/ActivityManager(19521):   ntv   N     8006 kB: com.google.process.gapps (pid 3083) native
06-12 16:10:47.045 I/ActivityManager(19521):   ntv   N     7872 kB: com.google.process.location (pid 805) native
06-12 16:10:47.045 I/ActivityManager(19521):   ntv   N     7602 kB: com.google.process.location (pid 1424) native
06-12 16:10:47.045 I/ActivityManager(19521):   ntv   N     7600 kB: com.google.process.gapps (pid 3267) native
06-12 16:10:47.045 I/ActivityManager(19521):   ntv   N     7326 kB: com.koushikdutta.vysor (pid 2941) native
06-12 16:10:47.045 I/ActivityManager(19521):   ntv   N     7286 kB: iscsid (pid 121) native
06-12 16:10:47.045 I/ActivityManager(19521):   ntv   N     6895 kB: com.android.phone (pid 3974) native
06-12 16:10:47.045 I/ActivityManager(19521):   ntv   N     6555 kB: com.google.android.inputmethod.latin (pid 3138) native
06-12 16:10:47.045 I/ActivityManager(19521):   ntv   N     6319 kB: com.google.android.inputmethod.latin (pid 3158) native
06-12 16:10:47.045 I/ActivityManager(19521):   ntv   N     5720 kB: com.google.android.gms (pid 3471) native
06-12 16:10:47.045 I/ActivityManager(19521):   ntv   N     4903 kB: com.google.android.gms.wearable (pid 3036) native
06-12 16:10:47.045 I/ActivityManager(19521):   ntv   N     4116 kB: mediaserver (pid 2622) native
06-12 16:10:47.045 I/ActivityManager(19521):   ntv   N     3946 kB: com.google.android.googlequicksearchbox:interactor (pid 1712) native
06-12 16:10:47.045 I/ActivityManager(19521):   ntv   N     3897 kB: com.google.android.googlequicksearchbox:interactor (pid 1637) native
06-12 16:10:47.045 I/ActivityManager(19521):   ntv   N     3812 kB: mediaserver (pid 19281) native
06-12 16:10:47.045 I/ActivityManager(19521):   ntv   N     3262 kB: com.android.smspush (pid 1749) native
06-12 16:10:47.045 I/ActivityManager(19521):   ntv   N     3241 kB: com.android.smspush (pid 1804) native
06-12 16:10:47.045 I/ActivityManager(19521):   ntv   N     3060 kB: com.actions.agingtest (pid 3497) native
06-12 16:10:47.045 I/ActivityManager(19521):   ntv   N     3018 kB: surfaceflinger (pid 19261) native
06-12 16:10:47.045 I/ActivityManager(19521):   ntv   N     2912 kB: surfaceflinger (pid 2619) native
06-12 16:10:47.045 I/ActivityManager(19521):   ntv   N     2904 kB: surfaceflinger (pid 3024) native
06-12 16:10:47.045 I/ActivityManager(19521):   ntv   N     2846 kB: logd (pid 160) native
06-12 16:10:47.045 I/ActivityManager(19521):   ntv   N     2787 kB: zygote (pid 19265) native
06-12 16:10:47.045 I/ActivityManager(19521):   ntv   N     2572 kB: mediaserver (pid 3027) native
06-12 16:10:47.045 I/ActivityManager(19521):   ntv   N     2498 kB: zygote (pid 2626) native
06-12 16:10:47.045 I/ActivityManager(19521):   ntv   N     2497 kB: zygote (pid 3031) native
06-12 16:10:47.045 I/ActivityManager(19521):   ntv   N     2344 kB: snmpd (pid 226) native
06-12 16:10:47.045 I/ActivityManager(19521):   ntv   N     1822 kB: logd (pid 3013) native
06-12 16:10:47.045 I/ActivityManager(19521):   ntv   N     1806 kB: logd (pid 2608) native
06-12 16:10:47.045 I/ActivityManager(19521):   ntv   N     1443 kB: drmserver (pid 2621) native
06-12 16:10:47.045 I/ActivityManager(19521):   ntv   N     1420 kB: drmserver (pid 186) native
06-12 16:10:47.045 I/ActivityManager(19521):   ntv   N     1406 kB: drmserver (pid 3026) native
06-12 16:10:47.045 I/ActivityManager(19521):   ntv   N     1108 kB: sdcard (pid 724) native
06-12 16:10:47.045 I/ActivityManager(19521):   ntv   N      951 kB: vold (pid 2611) native
06-12 16:10:47.045 I/ActivityManager(19521):   ntv   N      949 kB: vold (pid 3016) native
06-12 16:10:47.045 I/ActivityManager(19521):   ntv   N      868 kB: vold (pid 164) native
06-12 16:10:47.045 I/ActivityManager(19521):   ntv   N      822 kB: debuggerd (pid 3023) native
06-12 16:10:47.045 I/ActivityManager(19521):   ntv   N      722 kB: netd (pid 3022) native
06-12 16:10:47.045 I/ActivityManager(19521):   ntv   N      678 kB: netd (pid 2617) native
06-12 16:10:47.045 I/ActivityManager(19521):   ntv   N      664 kB: netd (pid 19266) native
06-12 16:10:47.045 I/ActivityManager(19521):   ntv   N      661 kB: debuggerd (pid 183) native
06-12 16:10:47.045 I/ActivityManager(19521):   ntv   N      632 kB: pfmnceserver (pid 185) native
06-12 16:10:47.045 I/ActivityManager(19521):   ntv   N      610 kB: pfmnceserver (pid 3025) native
06-12 16:10:47.045 I/ActivityManager(19521):   ntv   N      591 kB: pfmnceserver (pid 2620) native
06-12 16:10:47.045 I/ActivityManager(19521):   ntv   N      586 kB: keystore (pid 3030) native
06-12 16:10:47.045 I/ActivityManager(19521):   ntv   N      584 kB: keystore (pid 190) native
06-12 16:10:47.045 I/ActivityManager(19521):   ntv   N      583 kB: keystore (pid 2625) native
06-12 16:10:47.045 I/ActivityManager(19521):   ntv   N      535 kB: debuggerd (pid 2618) native
06-12 16:10:47.045 I/ActivityManager(19521):   ntv   N    13701 kB: (Other native)
06-12 16:10:47.045 I/ActivityManager(19521):   sys   P    42156 kB: system (pid 19521) fixed
06-12 16:10:47.045 I/ActivityManager(19521):   pers  P    41783 kB: com.android.systemui (pid 19637) fixed
06-12 16:10:47.045 I/ActivityManager(19521):   pers  P     8415 kB: com.android.phone (pid 19773) fixed
06-12 16:10:47.045 I/ActivityManager(19521):   fore  T    40069 kB: com.antutu.ABenchMark (pid 549) top-activity
06-12 16:10:47.045 I/ActivityManager(19521):   vis   IF   40901 kB: com.google.android.gms.persistent (pid 3247) service
06-12 16:10:47.045 I/ActivityManager(19521):                        com.google.android.gms/.backup.BackupTransportService<=Proc{19521:system/1000}
06-12 16:10:47.045 I/ActivityManager(19521):   vis   IF    4193 kB: com.google.android.googlequicksearchbox:interactor (pid 567) service
06-12 16:10:47.045 I/ActivityManager(19521):                        com.google.android.googlequicksearchbox/com.google.android.voiceinteraction.GsaVoiceInteractionService<=Proc{19521:system/1000}
06-12 16:10:47.045 I/ActivityManager(19521):   vis   IF    3484 kB: com.android.smspush (pid 960) service
06-12 16:10:47.045 I/ActivityManager(19521):                        com.android.smspush/.WapPushManager<=Proc{19773:com.android.phone/1001}
06-12 16:10:47.045 I/ActivityManager(19521):   prcp  IB    8570 kB: com.google.android.inputmethod.latin (pid 3212) service
06-12 16:10:47.045 I/ActivityManager(19521):                        com.google.android.inputmethod.latin/com.android.inputmethod.latin.LatinIME<=Proc{19521:system/1000}
06-12 16:10:47.045 I/ActivityManager(19521):   svc   S    30709 kB: com.antutu.ABenchMark:push (pid 3785) started-services
06-12 16:10:47.045 I/ActivityManager(19521):   svcb  S    11882 kB: com.koushikdutta.vysor (pid 2590) started-services
06-12 16:10:47.045 I/ActivityManager(19521):            2439493 kB: TOTAL
06-12 16:10:47.045 I/ActivityManager(19521):   MemInfo: 81184 kB slab, 2400 kB shmem, 718892 kB vm alloc, 26304 kB page tables 23968 kB kernel stack
06-12 16:10:47.045 I/ActivityManager(19521):            908 kB buffers, 174776 kB cached, 98480 kB mapped, 49536 kB free
06-12 16:10:47.045 I/ActivityManager(19521):   Free RAM: 126740 kB
06-12 16:10:47.045 I/ActivityManager(19521):   Used RAM: 3292241 kB
06-12 16:10:47.045 I/ActivityManager(19521):   Lost RAM: -351389 kB
06-12 16:10:47.107 W/IMGHWC  (19261): HWC_ADF_AttachOverlayEngine: overlay engine 0 already attached outside hwc
06-12 16:10:47.107 W/IMGHWC  (19261): HWC_ADF_AttachOverlayEngine: overlay engine 1 already attached outside hwc
06-12 16:10:47.132 I/ActivityManager(19521): Start proc 3956:com.actions.agingtest/1000 for broadcast com.actions.agingtest/.DropBoxReceiver
06-12 16:10:47.153 I/art     (19265): Explicit concurrent mark sweep GC freed 706(30KB) AllocSpace objects, 0(0B) LOS objects, 40% free, 6MB/11MB, paused 406us total 19.968ms
06-12 16:10:47.168 I/art     (19265): Explicit concurrent mark sweep GC freed 6(208B) AllocSpace objects, 0(0B) LOS objects, 40% free, 6MB/11MB, paused 1.125ms total 13.906ms
06-12 16:10:47.182 I/art     (19265): Explicit concurrent mark sweep GC freed 5(160B) AllocSpace objects, 0(0B) LOS objects, 40% free, 6MB/11MB, paused 250us total 12.906ms
06-12 16:10:47.317 I/ActivityManager(19521): Start proc 3983:com.google.android.gms/u0a6 for broadcast com.google.android.gms/.stats.service.DropBoxEntryAddedReceiver
06-12 16:10:47.443 W/ResourcesManager( 3983): Asset path '/system/framework/com.android.media.remotedisplay.jar' does not exist or contains no resources.
06-12 16:10:47.444 W/ResourcesManager( 3983): Asset path '/system/framework/com.android.location.provider.jar' does not exist or contains no resources.
06-12 16:10:47.771 D/audio_hw_default(19281): out_standby!!
06-12 16:10:47.824 I/ActivityManager(19521): Start proc 4012:com.google.process.gapps/u0a6 for content provider com.google.android.gsf/.gservices.GservicesProvider
06-12 16:10:47.923 I/GservicesProvider( 4012): Gservices pushing to system: true; secure/global: true
06-12 16:10:48.137 I/GoogleHttpClient( 4012): GMS http client unavailable, use old client
06-12 16:10:48.201 I/GoogleHttpClient( 4012): GMS http client unavailable, use old client
06-12 16:10:48.541 V/NativeCrypto( 3983): Registering com/google/android/gms/org/conscrypt/NativeCrypto's 280 native methods...
06-12 16:10:48.578 I/art     ( 3983): Rejecting re-init on previously-failed class java.lang.Class<com.google.android.gms.org.conscrypt.Java7ExtendedSSLSession>
06-12 16:10:48.579 I/art     ( 3983): Rejecting re-init on previously-failed class java.lang.Class<com.google.android.gms.org.conscrypt.Java7ExtendedSSLSession>
06-12 16:10:48.579 I/art     ( 3983): Rejecting re-init on previously-failed class java.lang.Class<com.google.android.gms.org.conscrypt.Java7ExtendedSSLSession>
06-12 16:10:48.579 W/art     ( 3983): dex_file 4693   resolved= Lcom/google/android/gms/org/conscrypt/Java7ExtendedSSLSession;
06-12 16:10:48.579 I/art     ( 3983): Rejecting re-init on previously-failed class java.lang.Class<com.google.android.gms.org.conscrypt.Java8ExtendedSSLSession>
06-12 16:10:48.579 I/art     ( 3983): Rejecting re-init on previously-failed class java.lang.Class<com.google.android.gms.org.conscrypt.Java8ExtendedSSLSession>
06-12 16:10:48.621 I/ProviderInstaller( 3983): Installed default security provider GmsCore_OpenSSL
06-12 16:10:49.131 W/IMGHWC  (19261): HWC_ADF_AttachOverlayEngine: overlay engine 0 already attached outside hwc
06-12 16:10:49.131 W/IMGHWC  (19261): HWC_ADF_AttachOverlayEngine: overlay engine 1 already attached outside hwc
06-12 16:10:49.131 W/IMGHWC  (19261): HWC_ADF_AttachOverlayEngine: overlay engine 2 already attached outside hwc
06-12 16:10:49.382 I/AsyncOpDispatcher( 3247): 35-GetDeviceDataUploadOptInStatusOperation
06-12 16:10:49.935 I/ActivityManager(19521): START u0 {act=com.antutu.benchmark.full.3D_RUN flg=0x14000000 cmp=com.antutu.benchmark.full/.UnityPlayerActivity (has extras)} from uid 10071 on display 0
06-12 16:10:49.960 V/WindowManager(19521): addAppToken: AppWindowToken{3c3f3722 token=Token{3c969ced ActivityRecord{23361f04 u0 com.antutu.benchmark.full/.UnityPlayerActivity t50}}} to stack=1 task=50 at 0
06-12 16:10:49.966 W/BufferQueueProducer(19521): [ScreenshotClient] dequeueBuffer: Front buffer created
06-12 16:10:50.095 I/art     (19521): Explicit concurrent mark sweep GC freed 17838(995KB) AllocSpace objects, 50(1653KB) LOS objects, 33% free, 20MB/30MB, paused 2ms total 120.968ms
06-12 16:10:50.099 V/WindowManager(19521): Adding window Window{2ad37ca5 u0 Starting com.antutu.benchmark.full} at 4 of 9 (after Window{25e898ae u0 com.antutu.ABenchMark/com.antutu.benchmark.ui.test.activity.ActivityScoreBench})
06-12 16:10:50.100 I/Choreographer(19521): Skipped 6 frames!  The application may be doing too much work on its main thread.
06-12 16:10:50.135 W/BufferQueueProducer(19261): [Starting com.antutu.benchmark.full] dequeueBuffer: Front buffer created
06-12 16:10:50.141 I/ActivityManager(19521): Start proc 4049:com.antutu.benchmark.full:unity/u0a72 for activity com.antutu.benchmark.full/.UnityPlayerActivity
06-12 16:10:50.195 W/BufferQueueProducer(19261): [ScreenshotSurface] dequeueBuffer: Front buffer created
06-12 16:10:50.206 V/ActivityManager(19521): Display changed displayId=0
06-12 16:10:50.212 I/ActivityManager(19521): Config changes=480 {1.0 ?mcc?mnc en_CN ?layoutDir sw410dp w656dp h336dp 312dpi nrml land -touch -keyb/v/h -nav/h s.12}
06-12 16:10:50.226 I/InputReader(19521): Reconfiguring input devices.  changes=0x00000004
06-12 16:10:50.229 W/BufferQueueProducer(19261): [com.antutu.ABenchMark/com.antutu.benchmark.ui.test.activity.ActivityScoreBench] dequeueBuffer: renew vr front buffer
06-12 16:10:50.234 W/BufferQueueProducer(19261): [com.antutu.ABenchMark/com.antutu.benchmark.ui.test.activity.ActivityScoreBench] dequeueBuffer: Front buffer created
06-12 16:10:50.276 I/Choreographer(  549): Skipped 1 frames!  The application may be doing too much work on its main thread.
06-12 16:10:50.288 D/PFS     (  185): echo 3007 ----> /sys/devices/e0600000.gpu/policy 
06-12 16:10:50.507 D/ActionsViewConfiguration( 4049): tune called
06-12 16:10:50.523 I/ActivityManager(19521): Start proc 4069:android.process.acore/u0a2 for content provider com.android.providers.contacts/.ContactsProvider2
06-12 16:10:50.526 I/Choreographer(19637): Skipped 8 frames!  The application may be doing too much work on its main thread.
06-12 16:10:50.582 I/ActivityManager(19521): Start proc 4089:com.android.launcher/u0a10 for broadcast com.android.launcher/com.android.launcher2.UninstallShortcutReceiver
06-12 16:10:50.599 W/BufferQueueProducer(19261): [StatusBar] dequeueBuffer: renew vr front buffer
06-12 16:10:50.599 W/BufferQueueProducer(19261): [StatusBar] dequeueBuffer: Front buffer created
06-12 16:10:50.861 W/BufferQueueProducer(19261): [NavigationBar] dequeueBuffer: renew vr front buffer
06-12 16:10:50.861 W/BufferQueueProducer(19261): [NavigationBar] dequeueBuffer: Front buffer created
06-12 16:10:50.882 I/Choreographer(19637): Skipped 12 frames!  The application may be doing too much work on its main thread.
06-12 16:10:50.884 W/BufferQueueProducer(19261): [StatusBar] dequeueBuffer: Front buffer created
06-12 16:10:50.887 W/BufferQueueProducer(19261): [NavigationBar] dequeueBuffer: Front buffer created
06-12 16:10:51.147 W/ResourceType(19637): No package identifier when getting value for resource number 0x00000000
06-12 16:10:51.160 W/PackageManager(19637): Failure retrieving resources for com.antutu.ABenchMark: Resource ID #0x0
06-12 16:10:51.250 D/OpenGLRenderer( 4049): Use EGL_SWAP_BEHAVIOR_PRESERVED: true
06-12 16:10:51.263 D/Atlas   ( 4049): Validating map...
06-12 16:10:51.278 V/WindowManager(19521): Adding window Window{1072c21b u0 com.antutu.benchmark.full/com.antutu.benchmark.full.UnityPlayerActivity} at 4 of 10 (before Window{2ad37ca5 u0 Starting com.antutu.benchmark.full})
06-12 16:10:51.364 I/ContactLocale( 4069): AddressBook Labels [en-CN]: [, A, B, C, D, E, F, G, H, I, J, K, L, M, N, O, P, Q, R, S, T, U, V, W, X, Y, Z, Α, Β, Γ, Δ, Ε, Ζ, Η, Θ, Ι, Κ, Λ, Μ, Ν, Ξ, Ο, Π, Ρ, Σ, Τ, Υ, Φ, Χ, Ψ, Ω, , А, Б, В, Г, Д, Ђ, Е, Є, Ж, З, И, І, Ї, Й, Ј, К, Л, Љ, М, Н, Њ, О, П, Р, С, Т, Ћ, У, Ф, Х, Ц, Ч, Џ, Ш, Щ, Ю, Я, , א, ב, ג, ד, ה, ו, ז, ח, ט, י, כ, ל, מ, נ, ס, ע, פ, צ, ק, ר, ש, ת, , ا, ب, ت, ث, ج, ح, خ, د, ذ, ر, ز, س, ش, ص, ض, ط, ظ, ع, غ, ف, ق, ك, ل, م, ن, ه, و, ي, , ก, ข, ฃ, ค, ฅ, ฆ, ง, จ, ฉ, ช, ซ, ฌ, ญ, ฎ, ฏ, ฐ, ฑ, ฒ, ณ, ด, ต, ถ, ท, ธ, น, บ, ป, ผ, ฝ, พ, ฟ, ภ, ม, ย, ร, ฤ, ล, ฦ, ว, ศ, ษ, ส, ห, ฬ, อ, ฮ, , ㄱ, ㄴ, ㄷ, ㄹ, ㅁ, ㅂ, ㅅ, ㅇ, ㅈ, ㅊ, ㅋ, ㅌ, ㅍ, ㅎ, , あ, か, さ, た, な, は, ま, や, ら, わ, #, ]
06-12 16:10:51.388 I/OpenGLRenderer( 4049): Initialized EGL, version 1.4
06-12 16:10:51.389 W/OpenGLRenderer( 4049): Failed to choose config with EGL_SWAP_BEHAVIOR_PRESERVED, retrying without...
06-12 16:10:51.420 D/OpenGLRenderer( 4049): Enabling debug mode 0
06-12 16:10:51.425 W/BufferQueueProducer(19261): [com.antutu.benchmark.full/com.antutu.benchmark.full.UnityPlayerActivity] dequeueBuffer: Front buffer created
06-12 16:10:51.533 I/ActivityManager(19521): Process com.actions.agingtest (pid 3956) has died
06-12 16:10:51.723 I/ActivityManager(19521): Process android.process.acore (pid 4069) has died
06-12 16:10:51.724 I/ActivityManager(19521): Process com.android.launcher (pid 4089) has died
06-12 16:10:51.726 E/lowmemorykiller(  162): Error writing /proc/4012/oom_score_adj; errno=22
06-12 16:10:51.726 E/lowmemorykiller(  162): Error writing /proc/4012/oom_score_adj; errno=22
06-12 16:10:51.741 I/ActivityManager(19521): Process com.google.process.gapps (pid 4012) has died
06-12 16:10:51.844 V/WindowManager(19521): Adding window Window{1b956f64 u0 SurfaceView} at 4 of 11 (before Window{1072c21b u0 com.antutu.benchmark.full/com.antutu.benchmark.full.UnityPlayerActivity})
06-12 16:10:51.863 I/Choreographer( 4049): Skipped 27 frames!  The application may be doing too much work on its main thread.
06-12 16:10:51.989 V/WindowManager(19521): Layouts looping: On entry to LockedInner, mPendingLayoutChanges = 0x1
06-12 16:10:51.989 V/WindowManager(19521): Layouts looping: loop number 4, mPendingLayoutChanges = 0x0
06-12 16:10:51.989 V/WindowManager(19521): Layouts looping: after finishPostLayoutPolicyLw, mPendingLayoutChanges = 0x0
06-12 16:10:51.992 V/WindowManager(19521): Layouts looping: mLayoutNeeded, mPendingLayoutChanges = 0x1
06-12 16:10:51.992 V/WindowManager(19521): Layouts looping: On entry to LockedInner, mPendingLayoutChanges = 0x1
06-12 16:10:51.993 V/WindowManager(19521): Layouts looping: loop number 5, mPendingLayoutChanges = 0x0
06-12 16:10:51.993 V/WindowManager(19521): Layouts looping: after finishPostLayoutPolicyLw, mPendingLayoutChanges = 0x0
06-12 16:10:51.993 V/WindowManager(19521): Layouts looping: mLayoutNeeded, mPendingLayoutChanges = 0x1
06-12 16:10:51.994 E/WindowManager(19521): Performed 6 layouts in a row. Skipping
06-12 16:10:52.000 I/ActivityManager(19521): Displayed com.antutu.benchmark.full/.UnityPlayerActivity: +1s887ms
06-12 16:10:52.010 W/BufferQueueProducer(19261): [Starting com.antutu.benchmark.full] dequeueBuffer: renew vr front buffer
06-12 16:10:52.011 W/BufferQueueProducer(19261): [Starting com.antutu.benchmark.full] dequeueBuffer: Front buffer created
06-12 16:10:52.034 I/WindowManager(19521): Screen frozen for +1s853ms due to Window{2ad37ca5 u0 Starting com.antutu.benchmark.full}
06-12 16:10:52.106 I/VysorMain(21476): New raw socket accepted.
06-12 16:10:52.140 I/Choreographer( 4049): Skipped 7 frames!  The application may be doing too much work on its main thread.
06-12 16:10:52.276 E/NIO     (21476): Unhandled exception
06-12 16:10:52.276 E/NIO     (21476): java.net.SocketException: recvfrom failed: ECONNRESET (Connection reset by peer)
06-12 16:10:52.276 E/NIO     (21476): 	at libcore.io.IoBridge.maybeThrowAfterRecvfrom(IoBridge.java:592)
06-12 16:10:52.276 E/NIO     (21476): 	at libcore.io.IoBridge.recvfrom(IoBridge.java:568)
06-12 16:10:52.276 E/NIO     (21476): 	at java.nio.SocketChannelImpl.readImpl(SocketChannelImpl.java:342)
06-12 16:10:52.276 E/NIO     (21476): 	at java.nio.SocketChannelImpl.read(SocketChannelImpl.java:304)
06-12 16:10:52.276 E/NIO     (21476): 	at com.koushikdutta.async.SocketChannelWrapper.read(SocketChannelWrapper.java:28)
06-12 16:10:52.276 E/NIO     (21476): 	at com.koushikdutta.async.AsyncNetworkSocket.onReadable(AsyncNetworkSocket.java:134)
06-12 16:10:52.276 E/NIO     (21476): 	at com.koushikdutta.async.AsyncServer.runLoop(AsyncServer.java:821)
06-12 16:10:52.276 E/NIO     (21476): 	at com.koushikdutta.async.AsyncServer.run(AsyncServer.java:658)
06-12 16:10:52.276 E/NIO     (21476): 	at com.koushikdutta.async.AsyncServer.access$800(AsyncServer.java:44)
06-12 16:10:52.276 E/NIO     (21476): 	at com.koushikdutta.async.AsyncServer$14.run(AsyncServer.java:600)
06-12 16:10:52.276 E/NIO     (21476): Caused by: android.system.ErrnoException: recvfrom failed: ECONNRESET (Connection reset by peer)
06-12 16:10:52.276 E/NIO     (21476): 	at libcore.io.Posix.recvfromBytes(Native Method)
06-12 16:10:52.276 E/NIO     (21476): 	at libcore.io.Posix.recvfrom(Posix.java:177)
06-12 16:10:52.276 E/NIO     (21476): 	at libcore.io.BlockGuardOs.recvfrom(BlockGuardOs.java:245)
06-12 16:10:52.276 E/NIO     (21476): 	at libcore.io.IoBridge.recvfrom(IoBridge.java:565)
06-12 16:10:52.276 E/NIO     (21476): 	... 8 more
06-12 16:10:52.276 I/VysorMain(21476): Connection terminated.
06-12 16:10:52.285 I/VysorFactory(21476): VirtualDisplay released
06-12 16:10:52.299 I/VysorFactory(21476): factory released
06-12 16:10:52.300 I/VysorMain(21476): Got password 346fe277
06-12 16:10:52.300 I/VysorMain(21476): h264 authentication succeeded
06-12 16:10:52.346 I/StdOutDevice(21476): Requested Width: 640 Requested Height: 400
06-12 16:10:52.346 I/VysorMain(21476): registering virtual display
06-12 16:10:52.348 I/StdOutDevice(21476): OMX.Action.Video.Encoder
06-12 16:10:52.394 I/StdOutDevice(21476): colorFormat: 2135033992
06-12 16:10:52.394 I/StdOutDevice(21476): colorFormat: 19
06-12 16:10:52.394 I/StdOutDevice(21476): colorFormat: 21
06-12 16:10:52.394 I/StdOutDevice(21476): colorFormat: 22
06-12 16:10:52.394 I/StdOutDevice(21476): colorFormat: 24
06-12 16:10:52.394 I/StdOutDevice(21476): colorFormat: 2130708361
06-12 16:10:52.394 I/StdOutDevice(21476): colorFormat: 45
06-12 16:10:52.394 I/StdOutDevice(21476): colorFormat: 47
06-12 16:10:52.394 I/StdOutDevice(21476): profile/level: 1/1
06-12 16:10:52.394 I/StdOutDevice(21476): profile/level: 1/2
06-12 16:10:52.394 I/StdOutDevice(21476): profile/level: 1/4
06-12 16:10:52.394 I/StdOutDevice(21476): profile/level: 1/8
06-12 16:10:52.394 I/StdOutDevice(21476): profile/level: 1/16
06-12 16:10:52.394 I/StdOutDevice(21476): profile/level: 1/32
06-12 16:10:52.394 I/StdOutDevice(21476): profile/level: 1/64
06-12 16:10:52.394 I/StdOutDevice(21476): profile/level: 1/128
06-12 16:10:52.394 I/StdOutDevice(21476): profile/level: 1/256
06-12 16:10:52.394 I/StdOutDevice(21476): profile/level: 1/512
06-12 16:10:52.394 I/StdOutDevice(21476): profile/level: 1/1024
06-12 16:10:52.394 I/StdOutDevice(21476): profile/level: 1/2048
06-12 16:10:52.394 I/StdOutDevice(21476): profile/level: 1/4096
06-12 16:10:52.394 I/StdOutDevice(21476): profile/level: 1/8192
06-12 16:10:52.394 I/StdOutDevice(21476): profile/level: 1/16384
06-12 16:10:52.394 I/StdOutDevice(21476): profile/level: 1/32768
06-12 16:10:52.394 I/StdOutDevice(21476): profile/level: 2/1
06-12 16:10:52.394 I/StdOutDevice(21476): profile/level: 2/2
06-12 16:10:52.394 I/StdOutDevice(21476): profile/level: 2/4
06-12 16:10:52.394 I/StdOutDevice(21476): profile/level: 2/8
06-12 16:10:52.394 I/StdOutDevice(21476): profile/level: 2/16
06-12 16:10:52.394 I/StdOutDevice(21476): profile/level: 2/32
06-12 16:10:52.394 I/StdOutDevice(21476): profile/level: 2/64
06-12 16:10:52.394 I/StdOutDevice(21476): profile/level: 2/128
06-12 16:10:52.394 I/StdOutDevice(21476): profile/level: 2/256
06-12 16:10:52.394 I/StdOutDevice(21476): profile/level: 2/512
06-12 16:10:52.394 I/StdOutDevice(21476): profile/level: 2/1024
06-12 16:10:52.394 I/StdOutDevice(21476): profile/level: 2/2048
06-12 16:10:52.394 I/StdOutDevice(21476): profile/level: 2/4096
06-12 16:10:52.394 I/StdOutDevice(21476): profile/level: 2/8192
06-12 16:10:52.394 I/StdOutDevice(21476): profile/level: 2/16384
06-12 16:10:52.394 I/StdOutDevice(21476): profile/level: 2/32768
06-12 16:10:52.394 I/StdOutDevice(21476): profile/level: 8/1
06-12 16:10:52.394 I/StdOutDevice(21476): profile/level: 8/2
06-12 16:10:52.394 I/StdOutDevice(21476): profile/level: 8/4
06-12 16:10:52.394 I/StdOutDevice(21476): profile/level: 8/8
06-12 16:10:52.394 I/StdOutDevice(21476): profile/level: 8/16
06-12 16:10:52.394 I/StdOutDevice(21476): profile/level: 8/32
06-12 16:10:52.394 I/StdOutDevice(21476): profile/level: 8/64
06-12 16:10:52.394 I/StdOutDevice(21476): profile/level: 8/128
06-12 16:10:52.394 I/StdOutDevice(21476): profile/level: 8/256
06-12 16:10:52.394 I/StdOutDevice(21476): profile/level: 8/512
06-12 16:10:52.394 I/StdOutDevice(21476): profile/level: 8/1024
06-12 16:10:52.394 I/StdOutDevice(21476): profile/level: 8/2048
06-12 16:10:52.394 I/StdOutDevice(21476): profile/level: 8/4096
06-12 16:10:52.394 I/StdOutDevice(21476): profile/level: 8/8192
06-12 16:10:52.394 I/StdOutDevice(21476): profile/level: 8/16384
06-12 16:10:52.394 I/StdOutDevice(21476): profile/level: 8/32768
06-12 16:10:52.394 I/StdOutDevice(21476): OMX.google.h264.encoder
06-12 16:10:52.398 I/StdOutDevice(21476): colorFormat: 2135033992
06-12 16:10:52.398 I/StdOutDevice(21476): colorFormat: 19
06-12 16:10:52.398 I/StdOutDevice(21476): colorFormat: 21
06-12 16:10:52.398 I/StdOutDevice(21476): colorFormat: 2130708361
06-12 16:10:52.398 I/StdOutDevice(21476): profile/level: 1/32
06-12 16:10:52.440 I/Choreographer(  549): Skipped 15 frames!  The application may be doing too much work on its main thread.
06-12 16:10:52.582 I/StdOutDevice(21476): Width: 640 Height: 400
06-12 16:10:52.587 I/StdOutDevice(21476): Bitrate: 500000
06-12 16:10:52.587 I/StdOutDevice(21476): Frame rate: 30
06-12 16:10:52.587 I/StdOutDevice(21476): Creating encoder
06-12 16:10:52.657 I/OMXClient(21476): Using client-side OMX mux.
06-12 16:10:52.672 V/ActionOMXPlugin(19281): Entry ActionOMXPlugin::makeComponentInstance
06-12 16:10:52.677 E/OMX_VCE (19281): OMX-In OMX_ComponentInit, allocating component,0xf5ca2800
06-12 16:10:52.679 I/StdOutDevice(21476): Created encoder
06-12 16:10:52.679 I/StdOutDevice(21476): Configuring encoder
06-12 16:10:52.688 W/ACodec  (21476): do not know color format 0x16 = 22
06-12 16:10:52.689 W/ACodec  (21476): do not know color format 0x18 = 24
06-12 16:10:52.689 W/ACodec  (21476): do not know color format 0x7f000789 = 2130708361
06-12 16:10:52.689 E/OMX_VCE (19281): OMX-Warning! RGB input stride 640 must be 32-align!
06-12 16:10:52.690 I/ACodec  (21476): setupVideoEncoder succeeded
06-12 16:10:52.691 W/ACodec  (21476): do not know color format 0x7f000789 = 2130708361
06-12 16:10:52.691 I/StdOutDevice(21476): Creating input surface
06-12 16:10:52.692 I/StdOutDevice(21476): Starting Encoder
06-12 16:10:52.717 I/AL_LIBC (19281): [memory_malloc] actal_malloc_uncache: size: 131072
06-12 16:10:52.771 E/OMX_VCE (19281): OMX-malloc ion addr! phy:200a0000, vir:f093d000, len:1f400
06-12 16:10:52.773 I/AL_LIBC (19281): [memory_malloc] actal_malloc_uncache: size: 131072
06-12 16:10:52.801 E/OMX_VCE (19281): OMX-malloc ion addr! phy:20180000, vir:f091d000, len:1f400
06-12 16:10:52.803 I/AL_LIBC (19281): [memory_malloc] actal_malloc_uncache: size: 131072
06-12 16:10:52.824 E/OMX_VCE (19281): OMX-malloc ion addr! phy:201a0000, vir:f08fd000, len:1f400
06-12 16:10:52.827 I/AL_LIBC (19281): [memory_malloc] actal_malloc_uncache: size: 131072
06-12 16:10:52.847 E/OMX_VCE (19281): OMX-malloc ion addr! phy:201c0000, vir:f0733000, len:1f400
06-12 16:10:52.850 I/AL_LIBC (19281): [memory_malloc] actal_malloc_uncache: size: 131072
06-12 16:10:52.884 E/OMX_VCE (19281): OMX-malloc ion addr! phy:201e0000, vir:f0713000, len:1f400
06-12 16:10:52.885 I/StdOutDevice(21476): Surface ready
06-12 16:10:52.885 I/AL_LIBC (19281): [memory_malloc] actal_malloc_uncache: size: 163840
06-12 16:10:52.897 I/StdOutDevice(21476): Encoder ready
06-12 16:10:52.897 E/StdOutDevice(21476): Created surface
06-12 16:10:52.904 I/StdOutDevice(21476): Writer started.
06-12 16:10:52.920 E/OMX_VCE (19281): OMX-malloc ion addr! phy:20a00000, vir:f06eb000, len:28000
06-12 16:10:52.936 I/AL_LIBC (19281): [memory_malloc] actal_malloc_uncache: size: 512000
06-12 16:10:52.969 I/VysorMain(21476): virtual display registered
06-12 16:10:52.998 I/AL_LIBC (19281): [memory_malloc] actal_malloc_uncache: size: 512000
06-12 16:10:53.074 I/AL_LIBC (19281): [memory_malloc] actal_malloc_uncache: size: 512000
06-12 16:10:53.074 W/BufferQueueProducer(19281): [GraphicBufferSource] dequeueBuffer: Front buffer created
06-12 16:10:53.079 W/BufferQueueProducer(19281): [GraphicBufferSource] dequeueBuffer: renew vr front buffer
06-12 16:10:53.141 E/OMX_VCE (19281): OMX-info!openmaxStandComp:0xf5c73d60, enable_returnquece:1
06-12 16:10:53.147 W/BufferQueueProducer(19281): [GraphicBufferSource] dequeueBuffer: Front buffer created
06-12 16:10:53.152 E/OMX_VCE (19281): OMX-Warning!in StoreMediaData mode,but the buffer (cdcdcdcd) is not kMetadataBufferTypeCameraSource_act!
06-12 16:10:53.152 E/OMX_VCE (19281): OMX-SendBuffer,input buffer is eos now!
06-12 16:10:53.154 E/OMX_VCE (19281): OMX-mng_try_encode,eos!nFilledLen:0,nFlags:11,pBuffer:0xf5434470
06-12 16:10:53.154 E/OMX_VCE (19281): OMX-Detected EOS flags in input buffer filled len=0
06-12 16:10:53.154 E/OMX_VCE (19281): OMX-ReturnBufferFunction,input buffer is eos now!
06-12 16:10:53.154 E/OMX_VCE (19281): OMX-ReturnBufferFunction,input buffer is eos now!
06-12 16:10:53.170 I/StdOutDevice(21476): Writer done
06-12 16:10:53.171 W/GraphicBufferSource(19281): Dropped back down to Loaded without Executing
06-12 16:10:53.180 I/AL_LIBC (19281): [memory_free] actal_free_uncache
06-12 16:10:53.186 E/OMX_VCE (19281): OMX-free ion phyaddr!phy:0x207e0000, vir:0xf4a17000
06-12 16:10:53.187 I/AL_LIBC (19281): [memory_free] actal_free_uncache
06-12 16:10:53.193 E/OMX_VCE (19281): OMX-free ion phyaddr!phy:0x206e0000, vir:0xf4a37000
06-12 16:10:53.194 I/AL_LIBC (19281): [memory_free] actal_free_uncache
06-12 16:10:53.201 E/OMX_VCE (19281): OMX-free ion phyaddr!phy:0x205e0000, vir:0xf4a57000
06-12 16:10:53.201 I/AL_LIBC (19281): [memory_free] actal_free_uncache
06-12 16:10:53.208 E/OMX_VCE (19281): OMX-free ion phyaddr!phy:0x204e0000, vir:0xf4a77000
06-12 16:10:53.208 I/AL_LIBC (19281): [memory_free] actal_free_uncache
06-12 16:10:53.215 E/OMX_VCE (19281): OMX-free ion phyaddr!phy:0x203e0000, vir:0xf6412000
06-12 16:10:53.215 E/OMX_VCE (19281): OMX-In omx_videoenc_BufferMgmtFunction 3  Buffer Management Thread is exiting
06-12 16:10:53.220 I/AL_LIBC (19281): [memory_free] actal_free_uncache
06-12 16:10:53.228 I/AL_LIBC (19281): [memory_free] actal_free_uncache
06-12 16:10:53.237 I/AL_LIBC (19281): [memory_free] actal_free_uncache
06-12 16:10:53.260 I/AL_LIBC (19281): [memory_free] actal_free_uncache
06-12 16:10:53.270 E/OMX_VCE (19281): OMX-free ion phyaddr!phy:0x20a40000, vir:0xf0bd8000
06-12 16:10:53.271 E/        (19281): OMX-In compMessageHandlerFunction Destructor has been called. So exit from the loop
06-12 16:10:53.276 I/StdOutDevice(21476): =======ENCODING COMPELTE=======
06-12 16:10:53.533 W/BufferQueueProducer(19261): [SurfaceView] dequeueBuffer: Front buffer created
06-12 16:10:53.553 D/Unity   ( 4049):  GL_EXT_blend_minmax GL_EXT_color_buffer_float GL_EXT_discard_framebuffer GL_EXT_draw_buffers GL_EXT_multi_draw_arrays GL_EXT_multisampled_render_to_texture GL_EXT_occlusion_query_boolean GL_EXT_read_format_bgra GL_EXT_robustness GL_EXT_separate_shader_objects GL_EXT_shader_framebuffer_fetch GL_EXT_shader_texture_lod GL_EXT_texture_filter_anisotropic GL_EXT_texture_format_BGRA8888 GL_EXT_texture_rg GL_EXT_texture_sRGB_decode GL_IMG_multisampled_render_to_texture GL_IMG_program_binary GL_IMG_read_format GL_IMG_shader_binary GL_IMG_texture_compression_pvrtc GL_IMG_texture_compression_pvrtc2 GL_IMG_texture_format_BGRA8888 GL_IMG_texture_npot GL_KHR_blend_equation_advanced GL_KHR_blend_equation_advanced_coherent GL_KHR_debug GL_OES_compressed_ETC1_RGB8_texture GL_OES_depth24 GL_OES_depth_texture GL_OES_EGL_image GL_OES_EGL_image_external GL_OES_EGL_sync GL_OES_element_index_uint GL_OES_fragment_precision_high GL_OES_get_program_binary GL_OES_mapbuffer GL_OES_packed_depth_stencil GL_OES_required_internalformat GL
06-12 16:10:53.553 D/Unity   ( 4049): _OES_rgb8_rgba8 GL_OES_shader_image_atomic GL_OES_standard_derivatives GL_OES_surfaceless_context GL_OES_texture_float GL_OES_texture_half_float GL_OES_texture_npot GL_OES_texture_stencil8 GL_OES_texture_storage_multisample_2d_array GL_OES_vertex_array_object GL_OES_vertex_half_float
06-12 16:10:54.163 W/libc    ( 4049): pthread_create sched_setscheduler call failed: Operation not permitted
06-12 16:10:54.274 D/AudioFlinger(19281): new AudioFlinger clinet, pid 4049
06-12 16:10:54.435 W/AudioPolicyManager(19281): setOutputDevice() prevDevice 0400
06-12 16:10:54.484 D/audio_hw_default(19281): start_output_stream: devices= 1024, port= 1
06-12 16:10:54.490 D/audio_hw_default(19281): select_output_device: hdmi on
06-12 16:10:54.499 I/art     (19521): Explicit concurrent mark sweep GC freed 4113(249KB) AllocSpace objects, 111(3MB) LOS objects, 33% free, 17MB/25MB, paused 6.625ms total 444ms
06-12 16:10:54.961 D/TaskPersister(19521): removeObsoleteFile: deleting file=49_task.xml
06-12 16:10:55.319 W/BufferQueueProducer(19261): [SurfaceView] dequeueBuffer: Front buffer created
06-12 16:10:55.351 W/BufferQueueProducer(19261): [SurfaceView] dequeueBuffer: Front buffer created
06-12 16:10:55.352 W/BufferQueueProducer(19281): [GraphicBufferSource] dequeueBuffer: Front buffer created
06-12 16:10:55.366 I/StdOutDevice(21476): MediaCodec.INFO_OUTPUT_FORMAT_CHANGED
06-12 16:10:55.391 W/BufferQueueProducer(19281): [GraphicBufferSource] dequeueBuffer: Front buffer created
06-12 16:10:55.420 I/StdOutDevice(21476): output width: 640
06-12 16:10:55.422 I/StdOutDevice(21476): output height: 400
06-12 16:10:55.423 I/StdOutDevice(21476): Got first buffer
06-12 16:10:55.433 I/StdOutDevice(21476): Bitrate: 500000
06-12 16:10:55.607 I/ActivityManager(19521): Process com.koushikdutta.vysor (pid 2590) has died
06-12 16:10:55.675 W/ActivityManager(19521): Scheduling restart of crashed service com.koushikdutta.vysor/.VysorIME in 1000ms
06-12 16:10:56.190 I/Choreographer(19637): Skipped 2 frames!  The application may be doing too much work on its main thread.
06-12 16:10:56.191 W/BufferQueueProducer(19281): [GraphicBufferSource] dequeueBuffer: Front buffer created
06-12 16:10:56.311 W/BufferQueueProducer(19281): [GraphicBufferSource] dequeueBuffer: Front buffer created
06-12 16:10:56.320 I/MediaFocusControl(19521):  AudioFocus  requestAudioFocus() from android.media.AudioManager@1d954466<native proxy object> req=1flags=0x0
06-12 16:10:56.696 I/ActivityManager(19521): Start proc 4218:com.koushikdutta.vysor/u0a62 for service com.koushikdutta.vysor/.VysorIME
06-12 16:10:56.815 I/Choreographer(  549): Skipped 2 frames!  The application may be doing too much work on its main thread.
06-12 16:10:57.201 I/ActivityManager(19521): Process com.google.android.gms (pid 3983) has died
06-12 16:10:57.939 W/BufferQueueProducer(19281): [GraphicBufferSource] dequeueBuffer: Front buffer created
06-12 16:10:58.048 W/Unity   ( 4049): Hardware resolution scaling not supported, falling back to software scaling (blit).
06-12 16:10:58.048 W/Unity   ( 4049):  
06-12 16:10:58.048 W/Unity   ( 4049): (Filename:  Line: 456)
06-12 16:10:58.048 W/Unity   ( 4049): 
06-12 16:10:58.065 W/BufferQueueProducer(19261): [SurfaceView] dequeueBuffer: renew vr front buffer
06-12 16:10:58.077 W/BufferQueueProducer(19261): [SurfaceView] dequeueBuffer: Front buffer created
06-12 16:10:58.190 W/BufferQueueProducer(19281): [GraphicBufferSource] dequeueBuffer: Front buffer created
06-12 16:10:58.222 W/BufferQueueProducer(19261): [SurfaceView] dequeueBuffer: Front buffer created
06-12 16:10:58.257 W/BufferQueueProducer(19261): [SurfaceView] dequeueBuffer: Front buffer created
06-12 16:10:58.478 I/Unity   ( 4049): [AssetBundleManager] Loading Asset Bundle Manifest: Android
06-12 16:10:58.478 I/Unity   ( 4049):  
06-12 16:10:58.478 I/Unity   ( 4049): (Filename: ./artifacts/generated/common/runtime/UnityEngineDebugBindings.gen.cpp Line: 42)
06-12 16:10:58.478 I/Unity   ( 4049): 
06-12 16:10:58.550 I/ActivityManager(19521): Process com.antutu.ABenchMark:push (pid 3785) has died
06-12 16:10:58.564 W/ActivityManager(19521): Scheduling restart of crashed service com.antutu.ABenchMark/com.taobao.accs.ChannelService in 1000ms
06-12 16:10:58.564 W/ActivityManager(19521): Scheduling restart of crashed service com.antutu.ABenchMark/com.xiaomi.push.service.XMPushService in 10989ms
06-12 16:10:58.564 W/ActivityManager(19521): Scheduling restart of crashed service com.antutu.ABenchMark/com.igexin.sdk.PushService in 20989ms
06-12 16:10:58.572 W/ResourcesManager( 4218): Asset path '/system/framework/com.android.media.remotedisplay.jar' does not exist or contains no resources.
06-12 16:10:58.577 W/ResourcesManager( 4218): Asset path '/system/framework/com.android.location.provider.jar' does not exist or contains no resources.
06-12 16:10:58.590 D/WifiService(19521): Client connection lost with reason: 4
06-12 16:10:58.823 I/Choreographer( 4049): Skipped 2 frames!  The application may be doing too much work on its main thread.
06-12 16:10:58.920 I/ActivityManager(19521): Process com.google.android.inputmethod.latin (pid 3212) has died
06-12 16:10:58.921 W/ActivityManager(19521): Scheduling restart of crashed service com.google.android.inputmethod.latin/com.android.inputmethod.latin.LatinIME in 30633ms
06-12 16:10:59.206 D/WifiService(19521): Client connection lost with reason: 4
06-12 16:10:59.206 I/libprocessgroup(19521): Killing pid 1360 in uid 10071 as part of process group 549
06-12 16:10:59.206 I/libprocessgroup(19521): Killing pid 2273 in uid 10071 as part of process group 549
06-12 16:10:59.206 I/libprocessgroup(19521): Killing pid 1360 in uid 10071 as part of process group 549
06-12 16:10:59.206 I/libprocessgroup(19521): Killing pid 2273 in uid 10071 as part of process group 549
06-12 16:10:59.207 I/libprocessgroup(19521): Killing pid 2273 in uid 10071 as part of process group 549
06-12 16:10:59.207 I/libprocessgroup(19521): Killing pid 2273 in uid 10071 as part of process group 549
06-12 16:10:59.229 W/InputDispatcher(19521): channel '33725baa com.antutu.ABenchMark/com.antutu.benchmark.ui.home.activity.ActivityMain (server)' ~ Consumer closed input channel or an error occurred.  events=0x9
06-12 16:10:59.229 E/InputDispatcher(19521): channel '33725baa com.antutu.ABenchMark/com.antutu.benchmark.ui.home.activity.ActivityMain (server)' ~ Channel is unrecoverably broken and will be disposed!
06-12 16:10:59.233 I/ActivityManager(19521): Process com.antutu.ABenchMark (pid 549) has died
06-12 16:10:59.233 I/WindowState(19521): WIN DEATH: Window{33725baa u0 com.antutu.ABenchMark/com.antutu.benchmark.ui.home.activity.ActivityMain}
06-12 16:10:59.238 W/InputDispatcher(19521): channel '25e898ae com.antutu.ABenchMark/com.antutu.benchmark.ui.test.activity.ActivityScoreBench (server)' ~ Consumer closed input channel or an error occurred.  events=0x9
06-12 16:10:59.238 E/InputDispatcher(19521): channel '25e898ae com.antutu.ABenchMark/com.antutu.benchmark.ui.test.activity.ActivityScoreBench (server)' ~ Channel is unrecoverably broken and will be disposed!
06-12 16:10:59.255 W/InputDispatcher(19521): Attempted to unregister already unregistered input channel '33725baa com.antutu.ABenchMark/com.antutu.benchmark.ui.home.activity.ActivityMain (server)'
06-12 16:10:59.395 W/ActivityManager(19521): Scheduling restart of crashed service com.antutu.ABenchMark/com.antutu.benchmark.service.BenchmarkService in 40267ms
06-12 16:10:59.396 W/ActivityManager(19521): Scheduling restart of crashed service com.antutu.ABenchMark/com.antutu.benchmark.service.BenchmarkMainService in 50267ms
06-12 16:11:00.127 D/WifiService(19521): Client connection lost with reason: 4
06-12 16:11:00.131 W/art     (19521): Long monitor contention event with owner method=void com.android.server.wm.WindowState$DeathRecipient.binderDied() from WindowState.java:1141 waiters=0 for 458ms
06-12 16:11:00.132 I/WindowState(19521): WIN DEATH: Window{25e898ae u0 com.antutu.ABenchMark/com.antutu.benchmark.ui.test.activity.ActivityScoreBench}
06-12 16:11:00.132 W/InputDispatcher(19521): Attempted to unregister already unregistered input channel '25e898ae com.antutu.ABenchMark/com.antutu.benchmark.ui.test.activity.ActivityScoreBench (server)'
06-12 16:11:00.133 W/art     (19521): Long monitor contention event with owner method=void com.android.server.wm.WindowState$DeathRecipient.binderDied() from WindowState.java:1141 waiters=1 for 524ms
06-12 16:11:00.354 W/art     (19521): Long monitor contention event with owner method=void com.android.server.am.ActivityManagerService$AppDeathRecipient.binderDied() from ActivityManagerService.java:1235 waiters=0 for 677ms
06-12 16:11:00.572 W/art     (19521): Long monitor contention event with owner method=void com.android.server.LocationManagerService$Receiver.binderDied() from LocationManagerService.java:894 waiters=0 for 394ms
06-12 16:11:01.313 W/InputMethodManagerService(19521): Session failed to close due to remote exception
06-12 16:11:01.313 W/InputMethodManagerService(19521): android.os.DeadObjectException
06-12 16:11:01.313 W/InputMethodManagerService(19521): 	at android.os.BinderProxy.transactNative(Native Method)
06-12 16:11:01.313 W/InputMethodManagerService(19521): 	at android.os.BinderProxy.transact(Binder.java:496)
06-12 16:11:01.313 W/InputMethodManagerService(19521): 	at com.android.internal.view.IInputMethodSession$Stub$Proxy.finishSession(IInputMethodSession.java:305)
06-12 16:11:01.313 W/InputMethodManagerService(19521): 	at com.android.server.InputMethodManagerService.finishSessionLocked(InputMethodManagerService.java:1420)
06-12 16:11:01.313 W/InputMethodManagerService(19521): 	at com.android.server.InputMethodManagerService.clearClientSessionLocked(InputMethodManagerService.java:1411)
06-12 16:11:01.313 W/InputMethodManagerService(19521): 	at com.android.server.InputMethodManagerService.clearCurMethodLocked(InputMethodManagerService.java:1437)
06-12 16:11:01.313 W/InputMethodManagerService(19521): 	at com.android.server.InputMethodManagerService.onServiceDisconnected(InputMethodManagerService.java:1456)
06-12 16:11:01.313 W/InputMethodManagerService(19521): 	at android.app.LoadedApk$ServiceDispatcher.doDeath(LoadedApk.java:1213)
06-12 16:11:01.313 W/InputMethodManagerService(19521): 	at android.app.LoadedApk$ServiceDispatcher$RunConnection.run(LoadedApk.java:1227)
06-12 16:11:01.313 W/InputMethodManagerService(19521): 	at android.os.Handler.handleCallback(Handler.java:739)
06-12 16:11:01.313 W/InputMethodManagerService(19521): 	at android.os.Handler.dispatchMessage(Handler.java:95)
06-12 16:11:01.313 W/InputMethodManagerService(19521): 	at android.os.Looper.loop(Looper.java:135)
06-12 16:11:01.313 W/InputMethodManagerService(19521): 	at com.android.server.SystemServer.run(SystemServer.java:289)
06-12 16:11:01.313 W/InputMethodManagerService(19521): 	at com.android.server.SystemServer.main(SystemServer.java:190)
06-12 16:11:01.313 W/InputMethodManagerService(19521): 	at java.lang.reflect.Method.invoke(Native Method)
06-12 16:11:01.313 W/InputMethodManagerService(19521): 	at java.lang.reflect.Method.invoke(Method.java:372)
06-12 16:11:01.313 W/InputMethodManagerService(19521): 	at com.android.internal.os.ZygoteInit$MethodAndArgsCaller.run(ZygoteInit.java:903)
06-12 16:11:01.313 W/InputMethodManagerService(19521): 	at com.android.internal.os.ZygoteInit.main(ZygoteInit.java:698)
06-12 16:11:02.410 W/InputMethodManagerService(19521): Session failed to close due to remote exception
06-12 16:11:02.410 W/InputMethodManagerService(19521): android.os.DeadObjectException
06-12 16:11:02.410 W/InputMethodManagerService(19521): 	at android.os.BinderProxy.transactNative(Native Method)
06-12 16:11:02.410 W/InputMethodManagerService(19521): 	at android.os.BinderProxy.transact(Binder.java:496)
06-12 16:11:02.410 W/InputMethodManagerService(19521): 	at com.android.internal.view.IInputMethodSession$Stub$Proxy.finishSession(IInputMethodSession.java:305)
06-12 16:11:02.410 W/InputMethodManagerService(19521): 	at com.android.server.InputMethodManagerService.finishSessionLocked(InputMethodManagerService.java:1420)
06-12 16:11:02.410 W/InputMethodManagerService(19521): 	at com.android.server.InputMethodManagerService.clearClientSessionLocked(InputMethodManagerService.java:1411)
06-12 16:11:02.410 W/InputMethodManagerService(19521): 	at com.android.server.InputMethodManagerService.clearCurMethodLocked(InputMethodManagerService.java:1437)
06-12 16:11:02.410 W/InputMethodManagerService(19521): 	at com.android.server.InputMethodManagerService.onServiceDisconnected(InputMethodManagerService.java:1456)
06-12 16:11:02.410 W/InputMethodManagerService(19521): 	at android.app.LoadedApk$ServiceDispatcher.doDeath(LoadedApk.java:1213)
06-12 16:11:02.410 W/InputMethodManagerService(19521): 	at android.app.LoadedApk$ServiceDispatcher$RunConnection.run(LoadedApk.java:1227)
06-12 16:11:02.410 W/InputMethodManagerService(19521): 	at android.os.Handler.handleCallback(Handler.java:739)
06-12 16:11:02.410 W/InputMethodManagerService(19521): 	at android.os.Handler.dispatchMessage(Handler.java:95)
06-12 16:11:02.410 W/InputMethodManagerService(19521): 	at android.os.Looper.loop(Looper.java:135)
06-12 16:11:02.410 W/InputMethodManagerService(19521): 	at com.android.server.SystemServer.run(SystemServer.java:289)
06-12 16:11:02.410 W/InputMethodManagerService(19521): 	at com.android.server.SystemServer.main(SystemServer.java:190)
06-12 16:11:02.410 W/InputMethodManagerService(19521): 	at java.lang.reflect.Method.invoke(Native Method)
06-12 16:11:02.410 W/InputMethodManagerService(19521): 	at java.lang.reflect.Method.invoke(Method.java:372)
06-12 16:11:02.410 W/InputMethodManagerService(19521): 	at com.android.internal.os.ZygoteInit$MethodAndArgsCaller.run(ZygoteInit.java:903)
06-12 16:11:02.410 W/InputMethodManagerService(19521): 	at com.android.internal.os.ZygoteInit.main(ZygoteInit.java:698)
